07-13 00:55:39.366 I/keystore2(  399): system/security/keystore2/src/security_level.rs:415 - operation_db.create_operation end
07-13 00:55:39.375 V/AlarmManager( 4613): set(PendingIntent{d5cfbe3: PendingIntentRecord{6f990c com.google.android.gms/com.google.android.gms.scheduler broadcastIntent}}) : type=3 listener=null listenerTag=null workSource=WorkSource{10122 com.google.android.gms} callingPackage=com.google.android.gms callingUid=10122 triggerAtTime=720067974 win=0 tElapsed=720067974 maxElapsed=720067974 interval=0 flags=0x0
07-13 00:55:39.436 I/keystore2(  399): system/security/keystore2/src/security_level.rs:227 - create_operation start
07-13 00:55:39.436 I/keystore2(  399): system/security/keystore2/src/security_level.rs:229 - caller_pid=22447
07-13 00:55:39.436 I/keystore2(  399): system/security/keystore2/src/security_level.rs:230 - caller_uid=10188
07-13 00:55:39.436 I/keystore2(  399): system/security/keystore2/src/security_level.rs:231 - forced=false
07-13 00:55:39.436 I/keystore2(  399): system/security/keystore2/src/security_level.rs:232 - key.domain=r#KEY_ID
07-13 00:55:39.437 I/keystore2(  399): system/security/keystore2/src/security_level.rs:233 - key.alias=None
07-13 00:55:39.437 I/keystore2(  399): system/security/keystore2/src/security_level.rs:269 - with_try_import start
07-13 00:55:39.438 I/keystore2(  399): system/security/keystore2/src/security_level.rs:291 - with_try_import end
07-13 00:55:39.438 I/keystore2(  399): system/security/keystore2/src/security_level.rs:325 - authorize_create start
07-13 00:55:39.439 I/keystore2(  399): system/security/keystore2/src/security_level.rs:336 - authorize_create end
07-13 00:55:39.439 I/keystore2(  399): system/security/keystore2/src/security_level.rs:337 - unwrap_key_if_required start
07-13 00:55:39.439 I/keystore2(  399): system/security/keystore2/src/security_level.rs:346 - unwrap_key_if_required end
07-13 00:55:39.439 I/keystore2(  399): system/security/keystore2/src/security_level.rs:347 - upgrade_keyblob_if_required_with start
07-13 00:55:39.441 I/keystore2(  399): system/security/keystore2/src/security_level.rs:391 - upgrade_keyblob_if_required_with end
07-13 00:55:39.442 I/keystore2(  399): system/security/keystore2/src/enforcements.rs:244 - finalize_create_authorization self.state=NoAuthRequired
07-13 00:55:39.442 I/keystore2(  399): system/security/keystore2/src/security_level.rs:397 - operation_db.create_operation start
07-13 00:55:39.442 I/keystore2(  399): system/security/keystore2/src/security_level.rs:415 - operation_db.create_operation end
07-13 00:55:39.535 V/BroadcastQueue( 4613): Enqueuing BroadcastRecord{76762ca android.net.conn.CONNECTIVITY_CHANGE/u-1} from uid -1 pid -1 for 1 receivers
07-13 00:55:39.544 I/keystore2(  399): system/security/keystore2/src/security_level.rs:227 - create_operation start
07-13 00:55:39.544 I/keystore2(  399): system/security/keystore2/src/security_level.rs:229 - caller_pid=22447
07-13 00:55:39.544 I/keystore2(  399): system/security/keystore2/src/security_level.rs:230 - caller_uid=10188
07-13 00:55:39.544 I/keystore2(  399): system/security/keystore2/src/security_level.rs:231 - forced=false
07-13 00:55:39.544 I/keystore2(  399): system/security/keystore2/src/security_level.rs:232 - key.domain=r#KEY_ID
07-13 00:55:39.544 I/keystore2(  399): system/security/keystore2/src/security_level.rs:233 - key.alias=None
07-13 00:55:39.544 I/keystore2(  399): system/security/keystore2/src/security_level.rs:269 - with_try_import start
07-13 00:55:39.546 D/PackageManager( 4613): Considering set com.transsion.phonemaster/com.cyin.himgr.harassmentintercept.receiver.PhoneStateReceiver's state as 2 with userId = 0, callingPackage = com.transsion.phonemaster:10188
07-13 00:55:39.547 I/keystore2(  399): system/security/keystore2/src/security_level.rs:291 - with_try_import end
07-13 00:55:39.547 I/keystore2(  399): system/security/keystore2/src/security_level.rs:325 - authorize_create start
07-13 00:55:39.547 I/keystore2(  399): system/security/keystore2/src/security_level.rs:336 - authorize_create end
07-13 00:55:39.547 I/keystore2(  399): system/security/keystore2/src/security_level.rs:337 - unwrap_key_if_required start
07-13 00:55:39.547 I/keystore2(  399): system/security/keystore2/src/security_level.rs:346 - unwrap_key_if_required end
07-13 00:55:39.547 I/keystore2(  399): system/security/keystore2/src/security_level.rs:347 - upgrade_keyblob_if_required_with start
07-13 00:55:39.550 I/keystore2(  399): system/security/keystore2/src/security_level.rs:391 - upgrade_keyblob_if_required_with end
07-13 00:55:39.550 I/keystore2(  399): system/security/keystore2/src/enforcements.rs:244 - finalize_create_authorization self.state=NoAuthRequired
07-13 00:55:39.550 I/keystore2(  399): system/security/keystore2/src/security_level.rs:397 - operation_db.create_operation start
07-13 00:55:39.550 I/keystore2(  399): system/security/keystore2/src/security_level.rs:415 - operation_db.create_operation end
07-13 00:55:39.603 I/keystore2(  399): system/security/keystore2/src/security_level.rs:227 - create_operation start
07-13 00:55:39.603 I/keystore2(  399): system/security/keystore2/src/security_level.rs:229 - caller_pid=22447
07-13 00:55:39.603 I/keystore2(  399): system/security/keystore2/src/security_level.rs:230 - caller_uid=10188
07-13 00:55:39.603 I/keystore2(  399): system/security/keystore2/src/security_level.rs:231 - forced=false
07-13 00:55:39.603 I/keystore2(  399): system/security/keystore2/src/security_level.rs:232 - key.domain=r#KEY_ID
07-13 00:55:39.603 I/keystore2(  399): system/security/keystore2/src/security_level.rs:233 - key.alias=None
07-13 00:55:39.604 I/keystore2(  399): system/security/keystore2/src/security_level.rs:269 - with_try_import start
07-13 00:55:39.606 I/keystore2(  399): system/security/keystore2/src/security_level.rs:291 - with_try_import end
07-13 00:55:39.606 I/keystore2(  399): system/security/keystore2/src/security_level.rs:325 - authorize_create start
07-13 00:55:39.607 I/keystore2(  399): system/security/keystore2/src/security_level.rs:336 - authorize_create end
07-13 00:55:39.607 I/keystore2(  399): system/security/keystore2/src/security_level.rs:337 - unwrap_key_if_required start
07-13 00:55:39.608 I/keystore2(  399): system/security/keystore2/src/security_level.rs:346 - unwrap_key_if_required end
07-13 00:55:39.608 I/keystore2(  399): system/security/keystore2/src/security_level.rs:347 - upgrade_keyblob_if_required_with start
07-13 00:55:39.609 I/keystore2(  399): system/security/keystore2/src/security_level.rs:391 - upgrade_keyblob_if_required_with end
07-13 00:55:39.610 I/keystore2(  399): system/security/keystore2/src/enforcements.rs:244 - finalize_create_authorization self.state=NoAuthRequired
07-13 00:55:39.610 I/keystore2(  399): system/security/keystore2/src/security_level.rs:397 - operation_db.create_operation start
07-13 00:55:39.610 I/keystore2(  399): system/security/keystore2/src/security_level.rs:415 - operation_db.create_operation end
07-13 00:55:39.675 I/keystore2(  399): system/security/keystore2/src/security_level.rs:227 - create_operation start
07-13 00:55:39.675 I/keystore2(  399): system/security/keystore2/src/security_level.rs:229 - caller_pid=22447
07-13 00:55:39.675 I/keystore2(  399): system/security/keystore2/src/security_level.rs:230 - caller_uid=10188
07-13 00:55:39.675 I/keystore2(  399): system/security/keystore2/src/security_level.rs:231 - forced=false
07-13 00:55:39.675 I/keystore2(  399): system/security/keystore2/src/security_level.rs:232 - key.domain=r#KEY_ID
07-13 00:55:39.675 I/keystore2(  399): system/security/keystore2/src/security_level.rs:233 - key.alias=None
07-13 00:55:39.675 I/keystore2(  399): system/security/keystore2/src/security_level.rs:269 - with_try_import start
07-13 00:55:39.676 I/keystore2(  399): system/security/keystore2/src/security_level.rs:291 - with_try_import end
07-13 00:55:39.676 I/keystore2(  399): system/security/keystore2/src/security_level.rs:325 - authorize_create start
07-13 00:55:39.676 I/keystore2(  399): system/security/keystore2/src/security_level.rs:336 - authorize_create end
07-13 00:55:39.676 I/keystore2(  399): system/security/keystore2/src/security_level.rs:337 - unwrap_key_if_required start
07-13 00:55:39.676 I/keystore2(  399): system/security/keystore2/src/security_level.rs:346 - unwrap_key_if_required end
07-13 00:55:39.676 I/keystore2(  399): system/security/keystore2/src/security_level.rs:347 - upgrade_keyblob_if_required_with start
07-13 00:55:39.678 I/keystore2(  399): system/security/keystore2/src/security_level.rs:391 - upgrade_keyblob_if_required_with end
07-13 00:55:39.678 I/keystore2(  399): system/security/keystore2/src/enforcements.rs:244 - finalize_create_authorization self.state=NoAuthRequired
07-13 00:55:39.678 I/keystore2(  399): system/security/keystore2/src/security_level.rs:397 - operation_db.create_operation start
07-13 00:55:39.678 I/keystore2(  399): system/security/keystore2/src/security_level.rs:415 - operation_db.create_operation end
07-13 00:55:39.742 V/AlarmManager( 4613): set(null) : type=3 listener=android.app.AlarmManager$ListenerWrapper@98161fe listenerTag=*job.delay* workSource=WorkSource{10156 com.google.android.youtube} callingPackage=android callingUid=1000 triggerAtTime=720081287 win=17156 tElapsed=720081287 maxElapsed=720098443 interval=0 flags=0x0
07-13 00:55:39.744 V/AlarmManager( 4613): set(null) : type=3 listener=android.app.AlarmManager$ListenerWrapper@98161fe listenerTag=*job.delay* workSource=WorkSource{10130 com.android.vending} callingPackage=android callingUid=1000 triggerAtTime=720072004 win=10191 tElapsed=720072004 maxElapsed=720082195 interval=0 flags=0x0
07-13 00:55:39.753 D/CompetitionModeConfig( 4613): sys.apm.competition_mode_config is not support!
07-13 00:55:39.757 D/CompetitionModeConfig( 4613): sys.apm.competition_mode_config is not support!
07-13 00:55:39.762 D/CompatibilityChangeReporter( 4613): Compat change id reported: 135634846; UID 10144; state: DISABLED
07-13 00:55:39.762 D/CompatibilityChangeReporter( 4613): Compat change id reported: 177438394; UID 10144; state: DISABLED
07-13 00:55:39.762 D/CompatibilityChangeReporter( 4613): Compat change id reported: 135772972; UID 10144; state: DISABLED
07-13 00:55:39.762 D/CompatibilityChangeReporter( 4613): Compat change id reported: 135754954; UID 10144; state: ENABLED
07-13 00:55:39.767 D/CompetitionModeConfig( 4613): sys.apm.competition_mode_config is not support!
07-13 00:55:39.768 D/CompatibilityChangeReporter( 4613): Compat change id reported: 143937733; UID 10144; state: ENABLED
07-13 00:55:39.773 D/os.permission.PermissionInfo( 4613): checkPermission 10161:android.permission.POST_NOTIFICATIONS:false
07-13 00:55:39.777 V/AlarmManager( 4613): set(null) : type=3 listener=android.app.AlarmManager$ListenerWrapper@98161fe listenerTag=*job.delay* workSource=WorkSource{10156 com.google.android.youtube} callingPackage=android callingUid=1000 triggerAtTime=720081287 win=17129 tElapsed=720081287 maxElapsed=720098416 interval=0 flags=0x0
07-13 00:55:39.778 V/AlarmManager( 4613): set(null) : type=3 listener=android.app.AlarmManager$ListenerWrapper@98161fe listenerTag=*job.delay* workSource=WorkSource{10130 com.android.vending} callingPackage=android callingUid=1000 triggerAtTime=720071973 win=10143 tElapsed=720071973 maxElapsed=720082116 interval=0 flags=0x0
07-13 00:55:39.791 D/os.permission.PermissionInfo( 4613): checkPermission 10161:android.permission.INTERACT_ACROSS_USERS_FULL:false
07-13 00:55:39.792 I/ActivityManager( 4613): Start proc 22617:com.transsion.phoenix:service/u0a144 for service {com.transsion.phoenix/com.cloudview.daemon.way.job.NewDaemonJobSchedulerService}
07-13 00:55:39.796 D/ActivityManager( 4613): Skip enqueue broadcast because no receiver with Intent { act=android.search.action.SEARCHABLES_CHANGED flg=0x24000010 }
07-13 00:55:39.796 I/keystore2(  399): system/security/keystore2/src/security_level.rs:227 - create_operation start
07-13 00:55:39.796 I/keystore2(  399): system/security/keystore2/src/security_level.rs:229 - caller_pid=22447
07-13 00:55:39.796 I/keystore2(  399): system/security/keystore2/src/security_level.rs:230 - caller_uid=10188
07-13 00:55:39.796 I/keystore2(  399): system/security/keystore2/src/security_level.rs:231 - forced=false
07-13 00:55:39.796 I/keystore2(  399): system/security/keystore2/src/security_level.rs:232 - key.domain=r#KEY_ID
07-13 00:55:39.796 I/keystore2(  399): system/security/keystore2/src/security_level.rs:233 - key.alias=None
07-13 00:55:39.796 I/keystore2(  399): system/security/keystore2/src/security_level.rs:269 - with_try_import start
07-13 00:55:39.798 I/keystore2(  399): system/security/keystore2/src/security_level.rs:291 - with_try_import end
07-13 00:55:39.798 I/keystore2(  399): system/security/keystore2/src/security_level.rs:325 - authorize_create start
07-13 00:55:39.798 I/keystore2(  399): system/security/keystore2/src/security_level.rs:336 - authorize_create end
07-13 00:55:39.798 I/keystore2(  399): system/security/keystore2/src/security_level.rs:337 - unwrap_key_if_required start
07-13 00:55:39.798 I/keystore2(  399): system/security/keystore2/src/security_level.rs:346 - unwrap_key_if_required end
07-13 00:55:39.798 I/keystore2(  399): system/security/keystore2/src/security_level.rs:347 - upgrade_keyblob_if_required_with start
07-13 00:55:39.806 D/CompetitionModeConfig( 4613): sys.apm.competition_mode_config is not support!
07-13 00:55:39.812 I/keystore2(  399): system/security/keystore2/src/security_level.rs:391 - upgrade_keyblob_if_required_with end
07-13 00:55:39.812 I/keystore2(  399): system/security/keystore2/src/enforcements.rs:244 - finalize_create_authorization self.state=NoAuthRequired
07-13 00:55:39.812 I/keystore2(  399): system/security/keystore2/src/security_level.rs:397 - operation_db.create_operation start
07-13 00:55:39.812 I/keystore2(  399): system/security/keystore2/src/security_level.rs:415 - operation_db.create_operation end
07-13 00:55:39.827 V/AlarmManager( 4613): set(null) : type=2 listener=android.app.AlarmManager$ListenerWrapper@60579b9 listenerTag=*job.deadline* workSource=WorkSource{10144 com.transsion.phoenix} callingPackage=android callingUid=1000 triggerAtTime=720922355 win=647892 tElapsed=720922355 maxElapsed=721570247 interval=0 flags=0x0
07-13 00:55:39.835 W/JobScheduler( 4613): Job didn't exist in JobStore: c79d6da #u0a161/53 com.transsion.plat.appupdate/com.transsion.attribution.service.AttributionJobService
07-13 00:55:39.838 D/ActivityManager( 4613): Skip enqueue broadcast because no receiver with Intent { act=android.search.action.SEARCHABLES_CHANGED flg=0x24000010 }
07-13 00:55:39.845 W/ContextImpl( 4613): Calling a method in the system process without a qualified user: android.app.ContextImpl.sendBroadcast:1258 com.transsion.appservices.tabe.TranTabeComponentImpl.a:311 com.transsion.appservices.tabe.TranTabeComponentImpl.a:6 com.transsion.appservices.tabe.TranTabeComponentImpl$c.handleMessage:48 android.os.Handler.dispatchMessage:106 
07-13 00:55:39.845 D/CompetitionModeConfig( 4613): sys.apm.competition_mode_config is not support!
07-13 00:55:39.846 D/ActivityManager( 4613): Skip enqueue broadcast because no receiver with Intent { act=broadcast_app_install flg=0x10 pkg=com.transsion.tabe (has extras) }
07-13 00:55:39.846 D/CompetitionModeConfig( 4613): sys.apm.competition_mode_config is not support!
07-13 00:55:39.850 D/CompetitionModeConfig( 4613): sys.apm.competition_mode_config is not support!
07-13 00:55:39.857 D/ActivityManager( 4613): PROFILE_FROM_SHELL is disabled for ProcessRecord{4d68348 0:com.transsion.tabe/1000}
07-13 00:55:39.857 D/CompatibilityChangeReporter( 4613): Compat change id reported: 135634846; UID 1000; state: DISABLED
07-13 00:55:39.857 D/CompatibilityChangeReporter( 4613): Compat change id reported: 177438394; UID 1000; state: DISABLED
07-13 00:55:39.858 D/CompatibilityChangeReporter( 4613): Compat change id reported: 135772972; UID 1000; state: DISABLED
07-13 00:55:39.858 D/CompatibilityChangeReporter( 4613): Compat change id reported: 135754954; UID 1000; state: ENABLED
07-13 00:55:39.861 D/HolaSettings( 4613): getAppHidden() pkgName=com.transsion.letswitch, userId=0, ps=PackageSetting name=com.transsion.letswitch, mUserState={0=PackageUserState hidden=0, enabledComponents=null, disabledComponents={com.transsion.letswitch.upgrade.UpgradeService}}
07-13 00:55:39.862 D/PhoneCloneServiceFinder( 4613): getTargetPackage() userId=0, services=[]
07-13 00:55:39.870 D/ActivityManager( 4613): Skip enqueue broadcast because no receiver with Intent { act=android.net.wifi.RSSI_CHANGED flg=0x4000010 (has extras) }
07-13 00:55:39.884 I/ActivityManager( 4613): Start proc 22629:com.transsion.tabe/1000 for service {com.transsion.tabe/com.transsion.tabe.services.TabeMainService}
07-13 00:55:39.906 D/CompatibilityChangeReporter( 4613): Compat change id reported: 168419799; UID 10144; state: DISABLED
07-13 00:55:39.906 D/CompatibilityChangeReporter( 4613): Compat change id reported: 273564678; UID 10144; state: DISABLED
07-13 00:55:39.908 D/os.ActivityManagerServiceLice( 4613): make process active com.transsion.phoenix:service(22617)
07-13 00:55:39.914 D/CompatibilityChangeReporter( 4613): Compat change id reported: 265195908; UID 10144; state: ENABLED
07-13 00:55:39.928 D/TranClassInfo(22617): instance successfully. com.transsion.hubcore.graphics.TranGraphicImpl@ee974e1 from com.transsion.hubcore.graphics.ITranGraphic
07-13 00:55:39.933 D/CompatibilityChangeReporter( 4613): Compat change id reported: 170503758; UID 10144; state: ENABLED
07-13 00:55:39.936 I/keystore2(  399): system/security/keystore2/src/security_level.rs:227 - create_operation start
07-13 00:55:39.937 I/keystore2(  399): system/security/keystore2/src/security_level.rs:229 - caller_pid=22447
07-13 00:55:39.937 I/keystore2(  399): system/security/keystore2/src/security_level.rs:230 - caller_uid=10188
07-13 00:55:39.937 I/keystore2(  399): system/security/keystore2/src/security_level.rs:231 - forced=false
07-13 00:55:39.937 I/keystore2(  399): system/security/keystore2/src/security_level.rs:232 - key.domain=r#KEY_ID
07-13 00:55:39.937 I/keystore2(  399): system/security/keystore2/src/security_level.rs:233 - key.alias=None
07-13 00:55:39.937 I/keystore2(  399): system/security/keystore2/src/security_level.rs:269 - with_try_import start
07-13 00:55:39.939 I/keystore2(  399): system/security/keystore2/src/security_level.rs:291 - with_try_import end
07-13 00:55:39.939 I/keystore2(  399): system/security/keystore2/src/security_level.rs:325 - authorize_create start
07-13 00:55:39.939 I/keystore2(  399): system/security/keystore2/src/security_level.rs:336 - authorize_create end
07-13 00:55:39.939 I/keystore2(  399): system/security/keystore2/src/security_level.rs:337 - unwrap_key_if_required start
07-13 00:55:39.939 I/keystore2(  399): system/security/keystore2/src/security_level.rs:346 - unwrap_key_if_required end
07-13 00:55:39.939 I/keystore2(  399): system/security/keystore2/src/security_level.rs:347 - upgrade_keyblob_if_required_with start
07-13 00:55:39.941 I/keystore2(  399): system/security/keystore2/src/security_level.rs:391 - upgrade_keyblob_if_required_with end
07-13 00:55:39.941 I/keystore2(  399): system/security/keystore2/src/enforcements.rs:244 - finalize_create_authorization self.state=NoAuthRequired
07-13 00:55:39.941 I/keystore2(  399): system/security/keystore2/src/security_level.rs:397 - operation_db.create_operation start
07-13 00:55:39.941 I/keystore2(  399): system/security/keystore2/src/security_level.rs:415 - operation_db.create_operation end
07-13 00:55:39.945 D/CompatibilityChangeReporter( 4613): Compat change id reported: 168419799; UID 1000; state: DISABLED
07-13 00:55:39.945 D/CompatibilityChangeReporter( 4613): Compat change id reported: 273564678; UID 1000; state: DISABLED
07-13 00:55:39.947 D/os.ActivityManagerServiceLice( 4613): make process active com.transsion.tabe(22629)
07-13 00:55:39.958 D/TranClassInfo(22629): instance successfully. com.transsion.hubcore.graphics.TranGraphicImpl@ee974e1 from com.transsion.hubcore.graphics.ITranGraphic
07-13 00:55:39.964 I/DisplayDeviceRepository( 4613): Display device changed: DisplayDeviceInfo{"Built-in Screen": uniqueId="local:4619827259835644672", 720 x 1600, modeId 1, renderFrameRate 60.0, defaultModeId 2, supportedModes [{id=1, width=720, height=1600, fps=60.0, alternativeRefreshRates=[90.0, 120.00001], supportedHdrTypes=[]}, {id=2, width=720, height=1600, fps=120.00001, alternativeRefreshRates=[60.0, 90.0], supportedHdrTypes=[]}, {id=3, width=720, height=1600, fps=90.0, alternativeRefreshRates=[60.0, 120.00001], supportedHdrTypes=[]}], colorMode 0, supportedColorModes [0], hdrCapabilities HdrCapabilities{mSupportedHdrTypes=[], mMaxLuminance=500.0, mMaxAverageLuminance=500.0, mMinLuminance=0.0}, allmSupported false, gameContentTypeSupported false, density 320, 261.257 x 262.193 dpi, appVsyncOff 1000000, presDeadline 16666667, cutout DisplayCutout{insets=Rect(0, 72 - 0, 0) waterfall=Insets{left=0, top=0, right=0, bottom=0} boundingRect={Bounds=[Rect(0, 0 - 0, 0), Rect(312, 0 - 408, 72), Rect(0, 0 - 0, 0), Rect(0, 0 - 0, 0)]} cutoutPathParserInfo={CutoutPathParserInfo{displayWidth=720 displayHeight=1600 physicalDisplayWidth=720 physicalDisplayHeight=1600 density={2.0} cutoutSpec={M -24,0 L -24,36 L 24,36 L 24,0 Z @dp} rotation={0} scale={1.0} physicalPixelDisplaySizeRatio={1.0}}}}, touch INTERNAL, rotation 0, type INTERNAL, address {port=0, model=0x401cec6a7a2b7b}, deviceProductInfo DeviceProductInfo{name=EMU_display_0, manufacturerPnpId=GGL, productId=1, modelYear=null, manufactureDate=ManufactureDate{week=27, year=2006}, connectionToSinkType=0}, state ON, committedState ON, frameRateOverride {uid=10182 frameRateHz=90.0} , brightnessMinimum 0.0, brightnessMaximum 1.0, brightnessDefault 0.38188976, hdrSdrRatio NaN, FLAG_ALLOWED_TO_BE_DEFAULT_DISPLAY, FLAG_ROTATES_WITH_CONTENT, FLAG_SECURE, FLAG_SUPPORTS_PROTECTED_BUFFERS, FLAG_TRUSTED, installOrientation 0, displayShape DisplayShape{ spec=2134893525 displayWidth=720 displayHeight=1600 physicalPixelDisplaySizeRatio=1.0 rotation=0 offsetX=0 offsetY=0 scale=1.0}}
07-13 00:55:39.966 D/Griffin/DeviceState( 4613): virtualDisplayPackageName :{}
07-13 00:55:39.967 D/DisplayManagerService( 4613): Ignore redundant display event 0/2 to 10147/17371
07-13 00:55:39.968 D/DisplayManagerService( 4613): Ignore redundant display event 0/2 to 10239/21394
07-13 00:55:39.973 D/WindowManager( 4613): isSupportDynamicNavbar user0, navBarMode = 2, is3buttonModeNavbar = false
07-13 00:55:39.978 I/DisplayDeviceRepository( 4613): Display device changed: DisplayDeviceInfo{"Built-in Screen": uniqueId="local:4619827259835644672", 720 x 1600, modeId 1, renderFrameRate 60.0, defaultModeId 2, supportedModes [{id=1, width=720, height=1600, fps=60.0, alternativeRefreshRates=[90.0, 120.00001], supportedHdrTypes=[]}, {id=2, width=720, height=1600, fps=120.00001, alternativeRefreshRates=[60.0, 90.0], supportedHdrTypes=[]}, {id=3, width=720, height=1600, fps=90.0, alternativeRefreshRates=[60.0, 120.00001], supportedHdrTypes=[]}], colorMode 0, supportedColorModes [0], hdrCapabilities HdrCapabilities{mSupportedHdrTypes=[], mMaxLuminance=500.0, mMaxAverageLuminance=500.0, mMinLuminance=0.0}, allmSupported false, gameContentTypeSupported false, density 320, 261.257 x 262.193 dpi, appVsyncOff 1000000, presDeadline 16666667, cutout DisplayCutout{insets=Rect(0, 72 - 0, 0) waterfall=Insets{left=0, top=0, right=0, bottom=0} boundingRect={Bounds=[Rect(0, 0 - 0, 0), Rect(312, 0 - 408, 72), Rect(0, 0 - 0, 0), Rect(0, 0 - 0, 0)]} cutoutPathParserInfo={CutoutPathParserInfo{displayWidth=720 displayHeight=1600 physicalDisplayWidth=720 physicalDisplayHeight=1600 density={2.0} cutoutSpec={M -24,0 L -24,36 L 24,36 L 24,0 Z @dp} rotation={0} scale={1.0} physicalPixelDisplaySizeRatio={1.0}}}}, touch INTERNAL, rotation 0, type INTERNAL, address {port=0, model=0x401cec6a7a2b7b}, deviceProductInfo DeviceProductInfo{name=EMU_display_0, manufacturerPnpId=GGL, productId=1, modelYear=null, manufactureDate=ManufactureDate{week=27, year=2006}, connectionToSinkType=0}, state ON, committedState ON, frameRateOverride , brightnessMinimum 0.0, brightnessMaximum 1.0, brightnessDefault 0.38188976, hdrSdrRatio NaN, FLAG_ALLOWED_TO_BE_DEFAULT_DISPLAY, FLAG_ROTATES_WITH_CONTENT, FLAG_SECURE, FLAG_SUPPORTS_PROTECTED_BUFFERS, FLAG_TRUSTED, installOrientation 0, displayShape DisplayShape{ spec=2134893525 displayWidth=720 displayHeight=1600 physicalPixelDisplaySizeRatio=1.0 rotation=0 offsetX=0 offsetY=0 scale=1.0}}
07-13 00:55:39.978 D/WindowManager( 4613): isSupportDynamicNavbar user0, navBarMode = 2, is3buttonModeNavbar = false
07-13 00:55:39.979 D/Griffin/DeviceState( 4613): virtualDisplayPackageName :{}
07-13 00:55:39.985 D/WindowManager( 4613): isSupportDynamicNavbar user0, navBarMode = 2, is3buttonModeNavbar = false
07-13 00:55:40.001 I/keystore2(  399): system/security/keystore2/src/security_level.rs:227 - create_operation start
07-13 00:55:40.001 I/keystore2(  399): system/security/keystore2/src/security_level.rs:229 - caller_pid=22447
07-13 00:55:40.001 I/keystore2(  399): system/security/keystore2/src/security_level.rs:230 - caller_uid=10188
07-13 00:55:40.002 I/keystore2(  399): system/security/keystore2/src/security_level.rs:231 - forced=false
07-13 00:55:40.002 I/keystore2(  399): system/security/keystore2/src/security_level.rs:232 - key.domain=r#KEY_ID
07-13 00:55:40.002 I/keystore2(  399): system/security/keystore2/src/security_level.rs:233 - key.alias=None
07-13 00:55:40.002 I/keystore2(  399): system/security/keystore2/src/security_level.rs:269 - with_try_import start
07-13 00:55:40.004 I/keystore2(  399): system/security/keystore2/src/security_level.rs:291 - with_try_import end
07-13 00:55:40.004 I/keystore2(  399): system/security/keystore2/src/security_level.rs:325 - authorize_create start
07-13 00:55:40.004 I/keystore2(  399): system/security/keystore2/src/security_level.rs:336 - authorize_create end
07-13 00:55:40.004 I/keystore2(  399): system/security/keystore2/src/security_level.rs:337 - unwrap_key_if_required start
07-13 00:55:40.004 I/keystore2(  399): system/security/keystore2/src/security_level.rs:346 - unwrap_key_if_required end
07-13 00:55:40.004 I/keystore2(  399): system/security/keystore2/src/security_level.rs:347 - upgrade_keyblob_if_required_with start
07-13 00:55:40.006 I/keystore2(  399): system/security/keystore2/src/security_level.rs:391 - upgrade_keyblob_if_required_with end
07-13 00:55:40.006 I/keystore2(  399): system/security/keystore2/src/enforcements.rs:244 - finalize_create_authorization self.state=NoAuthRequired
07-13 00:55:40.007 I/keystore2(  399): system/security/keystore2/src/security_level.rs:397 - operation_db.create_operation start
07-13 00:55:40.007 I/keystore2(  399): system/security/keystore2/src/security_level.rs:415 - operation_db.create_operation end
07-13 00:55:40.027 D/ActivityManager( 4613): Skip enqueue broadcast because no receiver with Intent { act=android.intent.action.SIG_STR flg=0x10 (has extras) }
07-13 00:55:40.109 D/DisplayManagerService( 4613): Drop pending events for gone uid 10270
07-13 00:55:40.109 I/ActivityManager( 4613): Killing 22292:com.shazam.android/u0a270 (adj 925): MemAvailable
07-13 00:55:40.111 D/os.ActivityManagerServiceLice( 4613): make process inactive com.shazam.android(22292)
07-13 00:55:40.111 D/Hiber/cgroup( 4613): writeDevFile pid: 22292
07-13 00:55:40.112 W/ActivityManager( 4613): Scheduling restart of crashed service com.shazam.android/com.shazam.popup.android.service.FloatingShazamTileService in 20000ms for connection
07-13 00:55:40.112 I/Hiber/sceneManager( 4613): unfreeze uid: 10270 com.shazam.android pids:[22292]  reason:MSG_UID_GONE   cpninfo: costTime=2ms
07-13 00:55:40.113 D/Hiber/appStateMachine( 4613): uid=10270, pkg=com.shazam.android, transition from Frozen to Running, reason=MSG_UID_GONE
07-13 00:55:40.113 D/Hiber/appStateMachine( 4613): uid:10270 exit FrozenState
07-13 00:55:40.113 D/Hiber/appStateMachine( 4613): uid:10270 exit RunningState
07-13 00:55:40.115 D/Hiber/proxyManager( 4613): up_service: 10270
07-13 00:55:40.115 D/Hiber/proxyManager( 4613): up_job: 10270
07-13 00:55:40.115 D/Hiber/proxyManager( 4613): un_job: 10270
07-13 00:55:40.115 D/Hiber/alarmManagerServiceExtImpl( 4613): unproxyAlarms leave, uid=10270, packageName=null
07-13 00:55:40.116 D/Hiber/proxyWakeLock( 4613): remove uid: 10270 wiht all pids from wakelockUidInfo list
07-13 00:55:40.116 I/Hiber/cgroup( 4613): forceUnfreezeByPid pid= 22292 reason= unfreezeForKernel: signal
07-13 00:55:40.116 I/Hiber/cgroup( 4613): force unfreeze10270
07-13 00:55:40.125 D/NetworkStatusMonitor( 4613): getAllInterfaceNames network type is wifi
07-13 00:55:40.125 D/NetworkStatusMonitor( 4613): onNetworkTypeChanged wifi => wifi
07-13 00:55:40.132 V/AlarmManager( 4613): set(PendingIntent{8633742: PendingIntentRecord{3593eef com.transsion.tabe broadcastIntent}}) : type=0 listener=null listenerTag=null workSource=null callingPackage=com.transsion.tabe callingUid=1000 triggerAtTime=1783904400000 win=64800000 tElapsed=720318671 maxElapsed=785118671 interval=86400000 flags=0x8
07-13 00:55:40.145 D/CompatibilityChangeReporter( 4613): Compat change id reported: 161145287; UID 1000; state: DISABLED
07-13 00:55:40.147 D/CompatibilityChangeReporter( 4613): Compat change id reported: 161145287; UID 1000; state: ENABLED
07-13 00:55:40.192 V/ActivityManager( 4613): Got obituary of 22292:com.shazam.android
07-13 00:55:40.207 I/ActivityManager( 4613): Flag disabled. Ignoring finishAttachApplication from uid: 1000. pid: 22629
07-13 00:55:40.312 D/CompatibilityChangeReporter( 4613): Compat change id reported: 161145287; UID 10144; state: ENABLED
07-13 00:55:40.338 D/CompetitionModeConfig( 4613): sys.apm.competition_mode_config is not support!
07-13 00:55:40.340 D/CompetitionModeConfig( 4613): sys.apm.competition_mode_config is not support!
07-13 00:55:40.342 V/BroadcastQueue( 4613): Enqueuing BroadcastRecord{3553743 Intent { flg=0x10 cmp=com.instagram.android/com.instagram.util.startup.appwarmer.KeepWarmReceiver (has extras) }/u0} from uid 10235 pid 20686 for 1 receivers
07-13 00:55:40.350 D/CompetitionModeConfig( 4613): sys.apm.competition_mode_config is not support!
07-13 00:55:40.358 D/CompatibilityChangeReporter( 4613): Compat change id reported: 261072174; UID 10144; state: ENABLED
07-13 00:55:40.371 D/CompetitionModeConfig( 4613): sys.apm.competition_mode_config is not support!
07-13 00:55:40.374 I/ActivityManager( 4613): Flag disabled. Ignoring finishAttachApplication from uid: 10144. pid: 22617
07-13 00:55:40.375 D/CompatibilityChangeReporter( 4613): Compat change id reported: 135634846; UID 10144; state: DISABLED
07-13 00:55:40.376 D/CompatibilityChangeReporter( 4613): Compat change id reported: 177438394; UID 10144; state: DISABLED
07-13 00:55:40.376 D/CompatibilityChangeReporter( 4613): Compat change id reported: 135772972; UID 10144; state: DISABLED
07-13 00:55:40.376 D/CompatibilityChangeReporter( 4613): Compat change id reported: 135754954; UID 10144; state: ENABLED
07-13 00:55:40.377 D/CompatibilityChangeReporter( 4613): Compat change id reported: 143937733; UID 10144; state: ENABLED
07-13 00:55:40.390 I/ActivityManager( 4613): Start proc 22684:com.transsion.phoenix/u0a144 for content provider {com.transsion.phoenix/com.cloudview.ipc.common.IPCMainProvider}
07-13 00:55:40.403 V/AlarmManager( 4613): set(null) : type=2 listener=android.app.AlarmManager$ListenerWrapper@60579b9 listenerTag=*job.deadline* workSource=WorkSource{10239 com.whatsapp} callingPackage=android callingUid=1000 triggerAtTime=721034712 win=731728 tElapsed=721034712 maxElapsed=721766440 interval=0 flags=0x0
07-13 00:55:40.404 V/BroadcastQueue( 4613): Enqueuing BroadcastRecord{2707af0 android.net.conn.CONNECTIVITY_CHANGE/u-1} from uid -1 pid -1 for 1 receivers
07-13 00:55:40.438 D/os.ActivityManagerServiceLice( 4613): make process active com.transsion.phoenix(22684)
07-13 00:55:40.452 V/BroadcastQueue( 4613): Enqueuing BroadcastRecord{b00d452 android.net.conn.CONNECTIVITY_CHANGE/u-1} from uid -1 pid -1 for 1 receivers
07-13 00:55:40.457 D/TranClassInfo(22684): instance successfully. com.transsion.hubcore.graphics.TranGraphicImpl@ee974e1 from com.transsion.hubcore.graphics.ITranGraphic
07-13 00:55:40.515 D/PackageManager( 4613): Considering set com.transsion.phoenix/com.cloudview.daemon.way.account.AccountProvider's state as 0 with userId = 0, callingPackage = com.transsion.phoenix:10144
07-13 00:55:40.516 D/PackageManager( 4613): Considering set com.transsion.phoenix/com.cloudview.daemon.way.account.AuthenticatorService's state as 0 with userId = 0, callingPackage = com.transsion.phoenix:10144
07-13 00:55:40.517 D/PackageManager( 4613): Considering set com.transsion.phoenix/com.cloudview.daemon.way.account.SyncService's state as 0 with userId = 0, callingPackage = com.transsion.phoenix:10144
07-13 00:55:40.533 D/PackageManager( 4613): Considering set com.transsion.phoenix/com.cloudview.daemon.way.broadcast.DaemonBroadCastReceiver's state as 0 with userId = 0, callingPackage = com.transsion.phoenix:10144
07-13 00:55:40.534 D/CompetitionModeConfig( 4613): sys.apm.competition_mode_config is not support!
07-13 00:55:40.538 W/ActivityManager( 4613): Background start not allowed: service Intent { cmp=com.transsion.phoenix/com.cloudview.daemon.way.service.DaemonServiceA } to com.transsion.phoenix/com.cloudview.daemon.way.service.DaemonServiceA from pid=22617 uid=10144 pkg=com.transsion.phoenix startFg?=false
07-13 00:55:40.547 V/AlarmManager( 4613): set(PendingIntent{5821e95: PendingIntentRecord{344954 com.transsion.phoenix broadcastIntent}}) : type=3 listener=null listenerTag=null workSource=null callingPackage=com.transsion.phoenix callingUid=10144 triggerAtTime=721859218 win=1350000 tElapsed=721859218 maxElapsed=723209218 interval=1800000 flags=0x0
07-13 00:55:40.556 D/CompetitionModeConfig( 4613): sys.apm.competition_mode_config is not support!
07-13 00:55:40.672 V/BroadcastQueue( 4613): Enqueuing BroadcastRecord{83cda68 android.net.conn.CONNECTIVITY_CHANGE/u-1} from uid -1 pid -1 for 1 receivers
07-13 00:55:40.687 V/BroadcastQueue( 4613): Enqueuing BroadcastRecord{4ffe1bd android.net.conn.CONNECTIVITY_CHANGE/u-1} from uid -1 pid -1 for 1 receivers
07-13 00:55:40.694 D/CompetitionModeConfig( 4613): sys.apm.competition_mode_config is not support!
07-13 00:55:40.696 D/CompetitionModeConfig( 4613): sys.apm.competition_mode_config is not support!
07-13 00:55:40.798 D/PackageManager( 4613): Considering set com.transsion.phoenix/androidx.work.impl.background.systemjob.SystemJobService's state as 1 with userId = 0, callingPackage = com.transsion.phoenix:10144
07-13 00:55:40.805 D/CompetitionModeConfig( 4613): sys.apm.competition_mode_config is not support!
07-13 00:55:40.887 D/CompetitionModeConfig( 4613): sys.apm.competition_mode_config is not support!
07-13 00:55:40.890 D/ActivityManager( 4613): PROFILE_FROM_SHELL is disabled for ProcessRecord{6455e5e 0:com.facebook.katana/u0a244}
07-13 00:55:40.890 D/CompatibilityChangeReporter( 4613): Compat change id reported: 135634846; UID 10244; state: DISABLED
07-13 00:55:40.890 D/CompatibilityChangeReporter( 4613): Compat change id reported: 177438394; UID 10244; state: DISABLED
07-13 00:55:40.890 D/CompatibilityChangeReporter( 4613): Compat change id reported: 135772972; UID 10244; state: DISABLED
07-13 00:55:40.890 D/CompatibilityChangeReporter( 4613): Compat change id reported: 135754954; UID 10244; state: ENABLED
07-13 00:55:40.891 D/CompatibilityChangeReporter( 4613): Compat change id reported: 143937733; UID 10244; state: ENABLED
07-13 00:55:40.902 I/ActivityManager( 4613): Start proc 22781:com.facebook.katana/u0a244 for content provider {com.facebook.katana/com.facebook.platform.common.provider.PlatformProviderBase}
07-13 00:55:40.914 I/ActivityManager( 4613): Flag disabled. Ignoring finishAttachApplication from uid: 10144. pid: 22684
07-13 00:55:40.949 D/CompatibilityChangeReporter( 4613): Compat change id reported: 168419799; UID 10244; state: DISABLED
07-13 00:55:40.949 D/CompatibilityChangeReporter( 4613): Compat change id reported: 273564678; UID 10244; state: DISABLED
07-13 00:55:40.951 D/os.ActivityManagerServiceLice( 4613): make process active com.facebook.katana(22781)
07-13 00:55:40.953 D/CompatibilityChangeReporter( 4613): Compat change id reported: 265195908; UID 10244; state: ENABLED
07-13 00:55:40.953 D/Hiber/appStateMachine( 4613): uid:10244 enter RunningState
07-13 00:55:40.966 D/TranClassInfo(22781): instance successfully. com.transsion.hubcore.graphics.TranGraphicImpl@ee974e1 from com.transsion.hubcore.graphics.ITranGraphic
07-13 00:55:40.970 D/CompatibilityChangeReporter( 4613): Compat change id reported: 170503758; UID 10244; state: ENABLED
07-13 00:55:40.979 V/BroadcastQueue( 4613): Enqueuing BroadcastRecord{e761a91 android.net.conn.CONNECTIVITY_CHANGE/u-1} from uid -1 pid -1 for 1 receivers
07-13 00:55:40.986 D/CompetitionModeConfig( 4613): sys.apm.competition_mode_config is not support!
07-13 00:55:41.022 D/CompetitionModeConfig( 4613): sys.apm.competition_mode_config is not support!
07-13 00:55:41.028 D/ActivityManager( 4613): Skip enqueue broadcast because no receiver with Intent { act=android.intent.action.SIG_STR flg=0x10 (has extras) }
07-13 00:55:41.067 D/os.permission.PermissionInfo( 4613): checkPermission 10124:android.permission.POST_NOTIFICATIONS:false
07-13 00:55:41.210 D/CompatibilityChangeReporter( 4613): Compat change id reported: 241766793; UID 10270; state: ENABLED
07-13 00:55:41.212 D/CompetitionModeConfig( 4613): sys.apm.competition_mode_config is not support!
07-13 00:55:41.215 D/CompetitionModeConfig( 4613): sys.apm.competition_mode_config is not support!
07-13 00:55:41.217 D/ActivityManager( 4613): PROFILE_FROM_SHELL is disabled for ProcessRecord{f96c719 0:com.shazam.android/u0a270}
07-13 00:55:41.217 D/CompatibilityChangeReporter( 4613): Compat change id reported: 177438394; UID 10270; state: DISABLED
07-13 00:55:41.218 D/CompatibilityChangeReporter( 4613): Compat change id reported: 135772972; UID 10270; state: DISABLED
07-13 00:55:41.218 D/CompatibilityChangeReporter( 4613): Compat change id reported: 135754954; UID 10270; state: ENABLED
07-13 00:55:41.219 D/CompatibilityChangeReporter( 4613): Compat change id reported: 143937733; UID 10270; state: ENABLED
07-13 00:55:41.230 I/ActivityManager( 4613): Start proc 22813:com.shazam.android/u0a270 for service {com.shazam.android/com.shazam.popup.android.service.FloatingShazamTileService}
07-13 00:55:41.270 D/CompatibilityChangeReporter( 4613): Compat change id reported: 168419799; UID 10270; state: DISABLED
07-13 00:55:41.270 D/CompatibilityChangeReporter( 4613): Compat change id reported: 273564678; UID 10270; state: DISABLED
07-13 00:55:41.271 D/os.ActivityManagerServiceLice( 4613): make process active com.shazam.android(22813)
07-13 00:55:41.274 D/Hiber/appStateMachine( 4613): uid:10270 enter RunningState
07-13 00:55:41.275 D/CompatibilityChangeReporter( 4613): Compat change id reported: 265195908; UID 10270; state: ENABLED
07-13 00:55:41.283 D/TranClassInfo(22813): instance successfully. com.transsion.hubcore.graphics.TranGraphicImpl@ee974e1 from com.transsion.hubcore.graphics.ITranGraphic
07-13 00:55:41.289 D/CompatibilityChangeReporter( 4613): Compat change id reported: 170503758; UID 10270; state: ENABLED
07-13 00:55:41.348 I/ActivityManager( 4613): Killing 17371:com.google.android.gm/u0a147 (adj 955): empty #9
07-13 00:55:41.355 D/CompetitionModeConfig( 4613): sys.apm.competition_mode_config is not support!
07-13 00:55:41.357 D/CompetitionModeConfig( 4613): sys.apm.competition_mode_config is not support!
07-13 00:55:41.359 V/BroadcastQueue( 4613): Enqueuing BroadcastRecord{4c3bbd5 Intent { flg=0x10 cmp=com.instagram.android/com.instagram.util.startup.appwarmer.KeepWarmReceiver (has extras) }/u0} from uid 10235 pid 20686 for 1 receivers
07-13 00:55:41.425 D/CompetitionModeConfig( 4613): sys.apm.competition_mode_config is not support!
07-13 00:55:41.544 D/CompetitionModeConfig( 4613): sys.apm.competition_mode_config is not support!
07-13 00:55:41.545 D/os.ActivityManagerServiceLice( 4613): make process inactive com.google.android.gm(17371)
07-13 00:55:41.548 D/DisplayManagerService( 4613): Drop pending events for gone uid 10147
07-13 00:55:41.566 W/ProcessStats( 4613): Tracking association SourceState{c7cb534 com.android.phone/1001 Persist #1652672} whose proc state 0 is better than process ProcessState{87d70b9 com.spreadtrum.ims/1001 pkg=com.spreadtrum.ims} proc state 5 (25 skipped)
07-13 00:55:42.097 D/CompetitionModeConfig( 4613): sys.apm.competition_mode_config is not support!
07-13 00:55:42.107 D/CompatibilityChangeReporter( 4613): Compat change id reported: 161145287; UID 10270; state: ENABLED
07-13 00:55:42.156 I/ActivityManager( 4613): Flag disabled. Ignoring finishAttachApplication from uid: 10244. pid: 22781
07-13 00:55:42.270 D/CompetitionModeConfig( 4613): sys.apm.competition_mode_config is not support!
07-13 00:55:42.368 D/CompetitionModeConfig( 4613): sys.apm.competition_mode_config is not support!
07-13 00:55:42.371 I/ActivityManager( 4613): Killing 21318:com.google.android.apps.nbu.files/u0a114 (adj 945): empty #9
07-13 00:55:42.373 D/CompetitionModeConfig( 4613): sys.apm.competition_mode_config is not support!
07-13 00:55:42.374 V/BroadcastQueue( 4613): Enqueuing BroadcastRecord{c3fcd7f Intent { flg=0x10 cmp=com.instagram.android/com.instagram.util.startup.appwarmer.KeepWarmReceiver (has extras) }/u0} from uid 10235 pid 20686 for 1 receivers
07-13 00:55:42.461 I/ActivityManager( 4613): Flag disabled. Ignoring finishAttachApplication from uid: 10270. pid: 22813
07-13 00:55:42.470 D/CompetitionModeConfig( 4613): sys.apm.competition_mode_config is not support!
07-13 00:55:42.485 D/CompetitionModeConfig( 4613): sys.apm.competition_mode_config is not support!
07-13 00:55:42.531 D/CompetitionModeConfig( 4613): sys.apm.competition_mode_config is not support!
07-13 00:55:42.533 W/ActivityManager( 4613): Unable to start service Intent { act=com.google.android.gms.wearable.BIND pkg=com.google.android.gms } U=0: not found
07-13 00:55:42.540 W/ActivityManager( 4613): Unbind failed: could not find connection for android.os.BinderProxy@cfbed77
--------- beginning of main
07-13 00:55:42.543 W/AppInitScheduler|Run(22781):   Finished EarliestPossibleColdStartClassPreloadStarter in 65ms
07-13 00:55:42.543 W/AppInitScheduler|Schedule(22781):   Executing 411:SecondaryDexPreloaderBg
07-13 00:55:42.543 W/AppInitScheduler|Run(22781):   Finished FdidInitSync in 43ms
07-13 00:55:42.543 W/AppInitScheduler|Run(22781): Running StartupDestinationAppInit [*], order=48, priorityHint=CRITICAL_PATH 
07-13 00:55:42.543 W/AppInitScheduler|Run(22781):   Finished StartupDestinationAppInit in 0ms
07-13 00:55:42.543 W/AppInitScheduler|Schedule(22781):   Executing 140:EarlyFetchStartupDestinationAppInit
07-13 00:55:42.543 W/AppInitScheduler|Schedule(22781):   Executing 404:RunEarlyInitForActivity
07-13 00:55:42.543 W/AppInitScheduler|Schedule(22781):   Executing 114:ClientCacheEdgeManagerInitializer
07-13 00:55:42.543 W/AppInitScheduler|Schedule(22781):   Executing 115:ClientCacheEdgeManagerInitializerUserScoped
07-13 00:55:42.544 W/AppInitScheduler|Run(22781): Running EarlyFetchStartupDestinationAppInit [*], order=49, priorityHint=CRITICAL_PATH 
07-13 00:55:42.544 W/AppInitScheduler|Run(22781):   Finished EarlyFetchStartupDestinationAppInit in 0ms
07-13 00:55:42.544 W/AppInitScheduler|Run(22781): Running MaybeUnblockComponentsEarly [*], order=53, priorityHint=CRITICAL_PATH 
07-13 00:55:42.544 W/InitStatus(22781): Providers unblocked (206610879)
07-13 00:55:42.544 W/InitStatus(22781): Services unblocked (139935884)
07-13 00:55:42.544 W/InitStatus(22781): BroadcastReceivers unblocked (186209237)
07-13 00:55:42.544 W/InitStatus(22781): Unblocked Provider (206610879)
07-13 00:55:42.545 W/AppInitScheduler|Run(22781):   Finished LithoConfiguration in 37ms
07-13 00:55:42.545 W/AppInitScheduler|Run(22781):   Finished MaybeUnblockComponentsEarly in 0ms
07-13 00:55:42.545 W/AppInitScheduler|Run(22781): Running CheckUnstableContentProvider, order=55, priorityHint=VERY_HIGH 
07-13 00:55:42.545 W/AppInitScheduler|Run(22781): RUN AppInit 404:RunEarlyInitForActivity for start destination 6
07-13 00:55:42.545 W/AppInitScheduler|Run(22781):   Finished CheckUnstableContentProvider in 0ms
07-13 00:55:42.545 W/AppInitScheduler|Run(22781): Running RunEarlyInitForActivity [*], order=54, priorityHint=CRITICAL_PATH 
07-13 00:55:42.545 W/AppInitScheduler|Run(22781): Running StartupQPLInit, order=58, priorityHint=VERY_HIGH 
07-13 00:55:42.545 W/InitStatus(22781): Unblocked Provider (206610879)
07-13 00:55:42.545 W/AppInitScheduler|Run(22781):   Finished RunEarlyInitForActivity in 1ms
07-13 00:55:42.545 W/QuickPerformanceLoggerModule(22781): Providing Dummy QPL...
07-13 00:55:42.545 W/AppInitScheduler|Run(22781): RUN AppInit 463:WarmVolumeCache for start destination 6
07-13 00:55:42.545 W/AppInitScheduler|Run(22781): Running WarmVolumeCache, order=62, priorityHint=HIGH 
07-13 00:55:42.545 W/AppInitScheduler|Run(22781):   Finished WarmVolumeCache in 0ms
07-13 00:55:42.545 W/AppInitScheduler|Run(22781): Running AnalyticsInit, order=64, priorityHint=NORMAL 
07-13 00:55:42.545 W/InitStatus(22781): Not blocking Provider (206610879)
07-13 00:55:42.545 W/InitStatus(22781): Not blocking Provider (206610879)
07-13 00:55:42.546 E/facebook.katana(22781): No implementation found for void com.facebook.quicklog.QuickPerformanceLoggerNativeProvider.nativeUpdateQPLInstance() (tried Java_com_facebook_quicklog_QuickPerformanceLoggerNativeProvider_nativeUpdateQPLInstance and Java_com_facebook_quicklog_QuickPerformanceLoggerNativeProvider_nativeUpdateQPLInstance__) - is the library loaded, e.g. System.loadLibrary?
07-13 00:55:42.546 W/QPLProvider(22781): QuickPerformanceLoggerProvider failed to update native QPL instance, native library. This is expected during early app initialization
07-13 00:55:42.548 W/AppInitScheduler|Run(22781):   Finished AnalyticsInit in 3ms
07-13 00:55:42.548 W/AppInitScheduler|Run(22781): RUN AppInit 114:ClientCacheEdgeManagerInitializer for start destination 6
07-13 00:55:42.548 W/AppInitScheduler|Run(22781): Running ClientCacheEdgeManagerInitializer, order=67, priorityHint=NORMAL 
07-13 00:55:42.550 W/AppInitScheduler|Run(22781):   Finished ClientCacheEdgeManagerInitializer in 2ms
07-13 00:55:42.550 W/AppInitScheduler|Run(22781): RUN AppInit 115:ClientCacheEdgeManagerInitializerUserScoped for start destination 6
07-13 00:55:42.550 W/AppInitScheduler|Run(22781): Running ClientCacheEdgeManagerInitializerUserScoped, order=68, priorityHint=NORMAL 
07-13 00:55:42.550 W/AppInitScheduler|Run(22781):   Finished ClientCacheEdgeManagerInitializerUserScoped in 0ms
07-13 00:55:42.550 W/AppInitScheduler|Run(22781): RUN AppInit 117:ComposerSavedSessionStoreInitializer for start destination 6
07-13 00:55:42.550 W/AppInitScheduler|Run(22781): Running ComposerSavedSessionStoreInitializer, order=69, priorityHint=NORMAL 
07-13 00:55:42.551 W/AppInitScheduler|Run(22781):   Finished ComposerSavedSessionStoreInitializer in 0ms
07-13 00:55:42.551 W/AppInitScheduler|Run(22781): Running DgwEarlySyncInitializer, order=70, priorityHint=NORMAL 
07-13 00:55:42.551 W/AppInitScheduler|Run(22781):   Finished DgwEarlySyncInitializer in 1ms
07-13 00:55:42.551 W/AppInitScheduler|Run(22781): Running DownloadedFbResources, order=71, priorityHint=NORMAL 
07-13 00:55:42.547 W/AppInitScheduler|Run(22781):   Finished StartupQPLInit in 2ms
07-13 00:55:42.552 W/AppInitScheduler|Schedule(22781):   Executing 362:PreloadFeedRequestHighPriority
07-13 00:55:42.552 W/AppInitScheduler|Schedule(22781):   Executing 184:INeedInitForBroadcastReceiverRegister
07-13 00:55:42.552 W/AppInitScheduler|Schedule(22781):   Executing 203:InitFeedVpvSeenStore
07-13 00:55:42.552 W/AppInitScheduler|Schedule(22781):   Executing 366:PreloadIconsInit
07-13 00:55:42.552 W/AppInitScheduler|Schedule(22781):   Executing 383:PreloadVideoHomeDataController
07-13 00:55:42.552 W/AppInitScheduler|Schedule(22781):   Executing 388:ProfiloBridgeFactoryImpl
07-13 00:55:42.552 W/InitStatus(22781): Unblocked Provider (206610879)
07-13 00:55:42.552 W/AppInitScheduler|Schedule(22781):   Executing 402:ReliabilityUserPerceptibleScopeToQPL
07-13 00:55:42.552 W/AppInitScheduler|Schedule(22781):   Executing 357:PreloadFeedDataLoader
07-13 00:55:42.552 W/AppInitScheduler|Schedule(22781):   Executing 359:PreloadFeedFullCacheLoad
07-13 00:55:42.552 W/AppInitScheduler|Schedule(22781):   Executing 141:EarlyInitStoriesTrayForActivity
07-13 00:55:42.552 W/AppInitScheduler|Schedule(22781):   Executing 233:KeepWarm
07-13 00:55:42.552 W/AppInitScheduler|Schedule(22781):   Executing 265:MetaCasper
07-13 00:55:42.552 W/AppInitScheduler|Schedule(22781):   Executing 348:PartialScrollOnFirstForegroundWarmStart
07-13 00:55:42.552 W/AppInitScheduler|Schedule(22781):   Executing 360:PreloadFeedRequest
07-13 00:55:42.552 W/AppInitScheduler|Schedule(22781):   Executing 352:PreloadClashManager
07-13 00:55:42.552 W/InitStatus(22781): Not blocking Provider (206610879)
07-13 00:55:42.552 W/AppInitScheduler|Schedule(22781):   Executing 356:PreloadFeedConfig
07-13 00:55:42.552 W/AppInitScheduler|Schedule(22781):   Executing 358:PreloadFeedFetchMetadata
07-13 00:55:42.552 W/AppInitScheduler|Schedule(22781):   Executing 361:PreloadFeedRequestForAllStarts
07-13 00:55:42.552 W/AppInitScheduler|Schedule(22781):   Executing 363:PreloadFreshFeedRanker
07-13 00:55:42.552 W/AppInitScheduler|Schedule(22781):   Executing 364:PreloadFriendlyFeedFullCacheLoad
07-13 00:55:42.552 W/AppInitScheduler|Schedule(22781):   Executing 365:PreloadHeroManager
07-13 00:55:42.552 W/AppInitScheduler|Schedule(22781):   Executing 379:PreloadStoriesTrayFetchController
