07-13 00:55:58.308 D/Hiber/hiberManager( 4613): proxy alarm (uid=10270, pkgName=com.shazam.android)
07-13 00:55:58.308 D/Hiber/proxyManager( 4613): p_alarm: uid=10270, pkgName=com.shazam.android
07-13 00:55:58.308 D/Hiber/alarmManagerServiceExtImpl( 4613): proxyAlarms leave, uid=10270, packageName=com.shazam.android
07-13 00:55:58.493 W/Finsky  (17745): [2] STU: Failed to get storage stats for package 'com.google.android.go.extservices' (1601: Error getting stats: android.content.pm.PackageManager.NameNotFoundException)
07-13 00:55:58.552 D/TranSignalStrengthComponentImpl( 4916): [LTE] dbm: -103
07-13 00:55:58.552 D/TranSignalStrengthComponentImpl( 4916): [LTE] dbm: -103
07-13 00:55:58.553 I/TranPhoneInterfaceManager( 4916): MPSTCB - onSignalStrengthsChanged
07-13 00:55:58.553 D/TranPhoneInterfaceManager( 4916): [onSignalStrengthsChanged]
07-13 00:55:58.553 D/TranSmartAllocController( 4916): mDefaultDataSubId = 2  subId = 1
07-13 00:55:58.553 D/TranSmartAllocController( 4916): mSupport = true  mBwAllocEnable = false mSimReady =true  mScreenOn =true
07-13 00:55:58.553 D/TranSignalStrengthComponentImpl( 4613): [LTE] dbm: -103
07-13 00:55:58.554 D/ActivityManager( 4613): Skip enqueue broadcast because no receiver with Intent { act=android.intent.action.SIG_STR flg=0x10 (has extras) }
07-13 00:55:58.556 D/StatusBarIconController( 5105): ignoring old pipeline callbacks, because the new mobile icons are enabled
07-13 00:55:58.602 D/CompetitionModeConfig( 4613): sys.apm.competition_mode_config is not support!
07-13 00:55:58.604 D/CompetitionModeConfig( 4613): sys.apm.competition_mode_config is not support!
07-13 00:55:58.605 V/BroadcastQueue( 4613): Enqueuing BroadcastRecord{7751cb Intent { flg=0x10 cmp=com.instagram.android/com.instagram.util.startup.appwarmer.KeepWarmReceiver (has extras) }/u0} from uid 10235 pid 20686 for 1 receivers
07-13 00:55:58.607 D/TranWifiTputMonitor( 4613): WIFI: TX: 39 RX: 39 TOTAL = 78
07-13 00:55:58.607 D/TranWifiTputMonitor( 4613): High Tput: false, TOTAL TPUT: 78
07-13 00:55:58.678 W/Finsky  (17745): [2] STU: Failed to get storage stats for package 'com.google.android.go.tethering' (1601: Error getting stats: android.content.pm.PackageManager.NameNotFoundException)
07-13 00:55:58.682 W/Finsky  (17745): [2] STU: Failed to get storage stats for package 'com.google.android.go.uwb' (1601: Error getting stats: android.content.pm.PackageManager.NameNotFoundException)
07-13 00:55:58.688 W/Finsky  (17745): [2] STU: Failed to get storage stats for package 'com.google.android.go.tzdata5' (1601: Error getting stats: android.content.pm.PackageManager.NameNotFoundException)
07-13 00:55:58.688 W/Finsky  (17745): [2] STU: Failed to get storage stats for package 'com.transsion.phone' (1601: Error getting stats: android.content.pm.PackageManager.NameNotFoundException)
07-13 00:55:58.735 W/Finsky  (17745): [2] STU: Failed to get storage stats for package 'com.google.android.go.art' (1601: Error getting stats: android.content.pm.PackageManager.NameNotFoundException)
07-13 00:55:58.804 I/stagram.android(20686): CollectorTransition concurrent mark compact GC freed 256KB AllocSpace bytes, 0(0B) LOS objects, 62% free, 14MB/38MB, paused 1.585ms,7.827ms total 201.763ms
07-13 00:55:58.864 W/Finsky  (17745): [2] STU: Failed to get storage stats for package 'com.google.android.go.ipsec' (1601: Error getting stats: android.content.pm.PackageManager.NameNotFoundException)
07-13 00:55:59.309 I/Hiber/nativeService( 4613): check binder uid=10270
07-13 00:55:59.612 D/CompetitionModeConfig( 4613): sys.apm.competition_mode_config is not support!
07-13 00:55:59.614 D/CompetitionModeConfig( 4613): sys.apm.competition_mode_config is not support!
07-13 00:55:59.616 V/BroadcastQueue( 4613): Enqueuing BroadcastRecord{bbbdda8 Intent { flg=0x10 cmp=com.instagram.android/com.instagram.util.startup.appwarmer.KeepWarmReceiver (has extras) }/u0} from uid 10235 pid 20686 for 1 receivers
07-13 00:55:59.818 I/stagram.android(20686): CollectorTransition concurrent mark compact GC freed 224KB AllocSpace bytes, 0(0B) LOS objects, 62% free, 14MB/38MB, paused 1.615ms,7.782ms total 206.422ms
07-13 00:56:00.000 D/AlarmManager( 4613): waitForAlarm result:8currentTime=1783904160000, elapsedRealtime=720078671
07-13 00:56:00.000 V/AlarmManager( 4613): Received TIME_TICK alarm; rescheduling
07-13 00:56:00.000 V/AlarmManager( 4613): set(null) : type=3 listener=com.android.server.alarm.AlarmManagerService$3@572ae53 listenerTag=TIME_TICK workSource=null callingPackage=android callingUid=1000 triggerAtTime=720138671 win=0 tElapsed=720138671 maxElapsed=720138671 interval=0 flags=0x9
07-13 00:56:00.001 D/AlarmManagerService( 4613): set alarm to kernel: 720310.561000000, type=2 
07-13 00:56:00.001 D/AlarmManagerService( 4613): set alarm to kernel: 720118.117000000, type=3 
07-13 00:56:00.001 V/BroadcastQueue( 4613): Enqueuing BroadcastRecord{476c0c1 android.intent.action.TIME_TICK/u-1} from uid 1000 pid 4613 for 6 receivers
07-13 00:56:00.001 I/AlarmManager( 4613): going to acquire wakelock now
07-13 00:56:00.002 D/AlarmManager( 4613): sending alarm.type = 3, action = null, alarm = Alarm{b911066 type 3 origWhen 720078671 whenElapsed 720078671 android}, cn = null, operation = null, listener=com.android.server.alarm.AlarmManagerService$3@572ae53, listenerTag=TIME_TICK, workSource=null
07-13 00:56:00.003 D/AlarmManagerService( 4613): set alarm to kernel: 720310.561000000, type=2 
07-13 00:56:00.003 D/AlarmManagerService( 4613): set alarm to kernel: 720118.117000000, type=3 
07-13 00:56:00.007 W/BroadcastDispatcherLog( 5105): [47786] Broadcast received for user 0: Intent { act=android.intent.action.TIME_TICK flg=0x50200010 }
07-13 00:56:00.008 W/BroadcastDispatcherLog( 5105): [47787] Broadcast received for user -1: Intent { act=android.intent.action.TIME_TICK flg=0x50200010 }
07-13 00:56:00.017 D/TrClockBaseView( 5105): onTimeChanged
07-13 00:56:00.018 W/TrKeyguardClockView( 5105): Keyguard is not showing,so we do not update time.
07-13 00:56:00.018 D/TrClockBaseView( 5105): onTimeChanged
07-13 00:56:00.019 W/TrKeyguardClockView( 5105): Keyguard is not showing,so we do not update time.
07-13 00:56:00.019 D/TrClockBaseView( 5105): onTimeChanged
07-13 00:56:00.021 I/UxDetectorRestHandler(12491): loadDatabaseAtTime: 15
07-13 00:56:00.029 D/TrClockBaseView( 5105): onTimeChanged
07-13 00:56:00.031 W/VSyncPredictor(  634): VSyncPredictor::setPeriod current period =16666667
07-13 00:56:00.082 I/keystore2(  399): system/security/keystore2/src/watchdog.rs:319 - Watchdog thread idle -> terminating. Have a great day.
07-13 00:56:00.084 D/SPRDHWComposer(  606): HWCDisplay::get_display_attribute <601>: config = 2
07-13 00:56:00.084 D/SPRDHWComposer(  606): SprdDrm:: getActiveConfig: 0
07-13 00:56:00.084 D/SPRDHWComposer(  606): HWCDisplay::get_display_attribute <601>: config = 0
07-13 00:56:00.085 D/SPRDHWComposer(  606): SprdDrm:: getActiveConfig: 0
07-13 00:56:00.086 D/SPRDHWComposer(  606): HWCDisplay::get_display_attribute <601>: config = 2
07-13 00:56:00.086 I/SPRDHWComposer(  606): SprdDrm:: setActiveConfig: 2, DisplayType:0
07-13 00:56:00.086 I/SPRDHWComposer(  606): Create blob_id: 96
07-13 00:56:00.086 I/DisplayDeviceRepository( 4613): Display device changed: DisplayDeviceInfo{"Built-in Screen": uniqueId="local:4619827259835644672", 720 x 1600, modeId 1, renderFrameRate 60.0, defaultModeId 2, supportedModes [{id=1, width=720, height=1600, fps=60.0, alternativeRefreshRates=[90.0, 120.00001], supportedHdrTypes=[]}, {id=2, width=720, height=1600, fps=120.00001, alternativeRefreshRates=[60.0, 90.0], supportedHdrTypes=[]}, {id=3, width=720, height=1600, fps=90.0, alternativeRefreshRates=[60.0, 120.00001], supportedHdrTypes=[]}], colorMode 0, supportedColorModes [0], hdrCapabilities HdrCapabilities{mSupportedHdrTypes=[], mMaxLuminance=500.0, mMaxAverageLuminance=500.0, mMinLuminance=0.0}, allmSupported false, gameContentTypeSupported false, density 320, 261.257 x 262.193 dpi, appVsyncOff 1000000, presDeadline 16666667, cutout DisplayCutout{insets=Rect(0, 72 - 0, 0) waterfall=Insets{left=0, top=0, right=0, bottom=0} boundingRect={Bounds=[Rect(0, 0 - 0, 0), Rect(312, 0 - 408, 72), Rect(0, 0 - 0, 0), Rect(0, 0 - 0, 0)]} cutoutPathParserInfo={CutoutPathParserInfo{displayWidth=720 displayHeight=1600 physicalDisplayWidth=720 physicalDisplayHeight=1600 density={2.0} cutoutSpec={M -24,0 L -24,36 L 24,36 L 24,0 Z @dp} rotation={0} scale={1.0} physicalPixelDisplaySizeRatio={1.0}}}}, touch INTERNAL, rotation 0, type INTERNAL, address {port=0, model=0x401cec6a7a2b7b}, deviceProductInfo DeviceProductInfo{name=EMU_display_0, manufacturerPnpId=GGL, productId=1, modelYear=null, manufactureDate=ManufactureDate{week=27, year=2006}, connectionToSinkType=0}, state ON, committedState ON, frameRateOverride {uid=10182 frameRateHz=90.0} , brightnessMinimum 0.0, brightnessMaximum 1.0, brightnessDefault 0.38188976, hdrSdrRatio NaN, FLAG_ALLOWED_TO_BE_DEFAULT_DISPLAY, FLAG_ROTATES_WITH_CONTENT, FLAG_SECURE, FLAG_SUPPORTS_PROTECTED_BUFFERS, FLAG_TRUSTED, installOrientation 0, displayShape DisplayShape{ spec=2134893525 displayWidth=720 displayHeight=1600 physicalPixelDisplaySizeRatio=1.0 rotation=0 offsetX=0 offsetY=0 scale=1.0}}
07-13 00:56:00.088 D/Griffin/DeviceState( 4613): virtualDisplayPackageName :{}
07-13 00:56:00.090 D/WindowManager( 4613): isSupportDynamicNavbar user0, navBarMode = 2, is3buttonModeNavbar = false
07-13 00:56:00.092 W/HWComposer(  634): Ignoring duplicate VSYNC event from HWC for display 4619827259835644672 (t=462134513767000)
07-13 00:56:00.098 W/VSyncPredictor(  634): VSyncPredictor::setPeriod current period =11111111
07-13 00:56:00.111 I/DisplayDeviceRepository( 4613): Display device changed: DisplayDeviceInfo{"Built-in Screen": uniqueId="local:4619827259835644672", 720 x 1600, modeId 3, renderFrameRate 90.0, defaultModeId 2, supportedModes [{id=1, width=720, height=1600, fps=60.0, alternativeRefreshRates=[90.0, 120.00001], supportedHdrTypes=[]}, {id=2, width=720, height=1600, fps=120.00001, alternativeRefreshRates=[60.0, 90.0], supportedHdrTypes=[]}, {id=3, width=720, height=1600, fps=90.0, alternativeRefreshRates=[60.0, 120.00001], supportedHdrTypes=[]}], colorMode 0, supportedColorModes [0], hdrCapabilities HdrCapabilities{mSupportedHdrTypes=[], mMaxLuminance=500.0, mMaxAverageLuminance=500.0, mMinLuminance=0.0}, allmSupported false, gameContentTypeSupported false, density 320, 261.257 x 262.193 dpi, appVsyncOff 2000000, presDeadline 11111111, cutout DisplayCutout{insets=Rect(0, 72 - 0, 0) waterfall=Insets{left=0, top=0, right=0, bottom=0} boundingRect={Bounds=[Rect(0, 0 - 0, 0), Rect(312, 0 - 408, 72), Rect(0, 0 - 0, 0), Rect(0, 0 - 0, 0)]} cutoutPathParserInfo={CutoutPathParserInfo{displayWidth=720 displayHeight=1600 physicalDisplayWidth=720 physicalDisplayHeight=1600 density={2.0} cutoutSpec={M -24,0 L -24,36 L 24,36 L 24,0 Z @dp} rotation={0} scale={1.0} physicalPixelDisplaySizeRatio={1.0}}}}, touch INTERNAL, rotation 0, type INTERNAL, address {port=0, model=0x401cec6a7a2b7b}, deviceProductInfo DeviceProductInfo{name=EMU_display_0, manufacturerPnpId=GGL, productId=1, modelYear=null, manufactureDate=ManufactureDate{week=27, year=2006}, connectionToSinkType=0}, state ON, committedState ON, frameRateOverride {uid=10182 frameRateHz=90.0} , brightnessMinimum 0.0, brightnessMaximum 1.0, brightnessDefault 0.38188976, hdrSdrRatio NaN, FLAG_ALLOWED_TO_BE_DEFAULT_DISPLAY, FLAG_ROTATES_WITH_CONTENT, FLAG_SECURE, FLAG_SUPPORTS_PROTECTED_BUFFERS, FLAG_TRUSTED, installOrientation 0, displayShape DisplayShape{ spec=2134893525 displayWidth=720 displayHeight=1600 physicalPixelDisplaySizeRatio=1.0 rotation=0 offsetX=0 offsetY=0 scale=1.0}}
07-13 00:56:00.114 D/Griffin/DeviceState( 4613): virtualDisplayPackageName :{}
07-13 00:56:00.117 D/DisplayManagerService( 4613): Ignore redundant display event 0/2 to 10239/21394
07-13 00:56:00.130 D/WindowManager( 4613): isSupportDynamicNavbar user0, navBarMode = 2, is3buttonModeNavbar = false
07-13 00:56:00.136 D/WindowManager( 4613): isSupportDynamicNavbar user0, navBarMode = 2, is3buttonModeNavbar = false
07-13 00:56:00.622 D/CompetitionModeConfig( 4613): sys.apm.competition_mode_config is not support!
07-13 00:56:00.624 D/CompetitionModeConfig( 4613): sys.apm.competition_mode_config is not support!
07-13 00:56:00.625 V/BroadcastQueue( 4613): Enqueuing BroadcastRecord{e6da7fd Intent { flg=0x10 cmp=com.instagram.android/com.instagram.util.startup.appwarmer.KeepWarmReceiver (has extras) }/u0} from uid 10235 pid 20686 for 1 receivers
07-13 00:56:00.746 D/PackageManager( 4613): Integrity verification : verificationId = 73
07-13 00:56:00.828 I/stagram.android(20686): CollectorTransition concurrent mark compact GC freed 256KB AllocSpace bytes, 0(0B) LOS objects, 62% free, 14MB/38MB, paused 1.529ms,7.676ms total 205.485ms
07-13 00:56:01.005 I/AlarmManager( 4613): going to release wakelock now
07-13 00:56:01.312 D/Hiber/hiberManager( 4613): begin socketDestroy, mUid: 10270
07-13 00:56:01.325 D/TranNetworkManagementServiceMultiLinkImpl( 4613): linkTurb destorySocketByUid  uid :10270
07-13 00:56:01.325 D/Hiber/hiberManager( 4613): clearDnsCache again!!!
07-13 00:56:01.388 D/SPRDHWComposer(  606): HWCDisplay::get_display_attribute <601>: config = 0
07-13 00:56:01.388 D/SPRDHWComposer(  606): SprdDrm:: getActiveConfig: 2
07-13 00:56:01.388 D/SPRDHWComposer(  606): HWCDisplay::get_display_attribute <601>: config = 2
07-13 00:56:01.389 D/SPRDHWComposer(  606): SprdDrm:: getActiveConfig: 2
07-13 00:56:01.389 D/SPRDHWComposer(  606): HWCDisplay::get_display_attribute <601>: config = 0
07-13 00:56:01.389 I/SPRDHWComposer(  606): SprdDrm:: setActiveConfig: 0, DisplayType:0
07-13 00:56:01.389 I/SPRDHWComposer(  606): Create blob_id: 95
07-13 00:56:01.389 W/VSyncPredictor(  634): VSyncPredictor::setPeriod current period =16666667
07-13 00:56:01.393 E/SPRDHWComposer(  606): Failed to request vblank 22
07-13 00:56:01.393 I/SPRDHWComposer(  606): send vblank request failed -1, try again
07-13 00:56:01.421 W/Finsky  (17745): [2] STU: Failed to get storage stats for package 'com.google.android.go.appsearch' (1601: Error getting stats: android.content.pm.PackageManager.NameNotFoundException)
07-13 00:56:01.445 W/Finsky  (17745): [2] STU: Failed to get storage stats for package 'com.google.android.go.scheduling' (1601: Error getting stats: android.content.pm.PackageManager.NameNotFoundException)
07-13 00:56:01.467 W/Finsky  (17745): [2] STU: Failed to get storage stats for package 'com.google.android.go.ondevicepersonalization' (1601: Error getting stats: android.content.pm.PackageManager.NameNotFoundException)
07-13 00:56:01.611 D/TranWifiTputMonitor( 4613): WIFI: TX: 33 RX: 33 TOTAL = 66
07-13 00:56:01.611 D/TranWifiTputMonitor( 4613): High Tput: false, TOTAL TPUT: 66
07-13 00:56:01.633 D/CompetitionModeConfig( 4613): sys.apm.competition_mode_config is not support!
07-13 00:56:01.634 D/CompetitionModeConfig( 4613): sys.apm.competition_mode_config is not support!
07-13 00:56:01.636 V/BroadcastQueue( 4613): Enqueuing BroadcastRecord{88dccf2 Intent { flg=0x10 cmp=com.instagram.android/com.instagram.util.startup.appwarmer.KeepWarmReceiver (has extras) }/u0} from uid 10235 pid 20686 for 1 receivers
07-13 00:56:01.655 W/Finsky  (17745): [2] STU: Failed to get storage stats for package 'com.android.i18n' (1601: Error getting stats: android.content.pm.PackageManager.NameNotFoundException)
07-13 00:56:01.701 W/Finsky  (17745): [2] STU: Failed to get storage stats for package 'com.google.android.go.os.statsd' (1601: Error getting stats: android.content.pm.PackageManager.NameNotFoundException)
07-13 00:56:01.825 W/Finsky  (17745): [2] STU: Failed to get storage stats for package 'com.transsion.performance' (1601: Error getting stats: android.content.pm.PackageManager.NameNotFoundException)
07-13 00:56:01.837 W/Finsky  (17745): [2] STU: Failed to get storage stats for package 'com.google.android.go.conscrypt' (1601: Error getting stats: android.content.pm.PackageManager.NameNotFoundException)
07-13 00:56:01.838 I/stagram.android(20686): CollectorTransition concurrent mark compact GC freed 224KB AllocSpace bytes, 0(0B) LOS objects, 62% free, 14MB/38MB, paused 1.579ms,7.736ms total 204.847ms
07-13 00:56:01.844 W/Finsky  (17745): [2] STU: Failed to get storage stats for package 'com.transsion.appservices' (1601: Error getting stats: android.content.pm.PackageManager.NameNotFoundException)
07-13 00:56:01.940 W/Finsky  (17745): [2] STU: Failed to get storage stats for package 'com.transsion.connectivity' (1601: Error getting stats: android.content.pm.PackageManager.NameNotFoundException)
07-13 00:56:02.119 W/Finsky  (17745): [2] STU: Failed to get storage stats for package 'com.android.rkpd' (1601: Error getting stats: android.content.pm.PackageManager.NameNotFoundException)
07-13 00:56:02.494 I/Finsky  (17745): [2] App states replicator found 48 unowned apps
07-13 00:56:02.549 I/Finsky  (17745): [59] Completed 0 account content syncs with 0 successful.
07-13 00:56:02.552 I/Finsky  (17745): [2] [ContentSync] Installation state replication succeeded.
07-13 00:56:02.554 I/Finsky  (17745): [2] SCH: jobFinished: 12-1. TimeElapsed: 5596ms.
07-13 00:56:02.555 I/Finsky  (17745): [2] WM::SCH: Logging work end for 12-1
07-13 00:56:02.582 I/Finsky  (17745): [59] SCH: Scheduling phonesky job Id: 1-1337, CT: 1783901778648, Constraints: [{ L: 43181812, D: 86381812, C: CHARGING_NONE, I: IDLE_NONE, N: NET_ANY, B: BATTERY_ANY }]
07-13 00:56:02.587 I/Finsky  (17745): [60] SCH: Scheduling 1 system job(s)
07-13 00:56:02.588 I/Finsky  (17745): [60] SCH: Scheduling system job Id: 9246, L: 40797873, D: 83997873, C: false, I: false, N: 1
07-13 00:56:02.597 I/Finsky  (17745): [249] SCH: job service finished with id 9243.
07-13 00:56:02.644 D/CompetitionModeConfig( 4613): sys.apm.competition_mode_config is not support!
07-13 00:56:02.645 D/CompetitionModeConfig( 4613): sys.apm.competition_mode_config is not support!
07-13 00:56:02.647 V/BroadcastQueue( 4613): Enqueuing BroadcastRecord{872b9c0 Intent { flg=0x10 cmp=com.instagram.android/com.instagram.util.startup.appwarmer.KeepWarmReceiver (has extras) }/u0} from uid 10235 pid 20686 for 1 receivers
07-13 00:56:02.845 I/stagram.android(20686): CollectorTransition concurrent mark compact GC freed 256KB AllocSpace bytes, 0(0B) LOS objects, 62% free, 14MB/38MB, paused 1.666ms,7.693ms total 201.292ms
07-13 00:56:02.845 I/DisplayDeviceRepository( 4613): Display device changed: DisplayDeviceInfo{"Built-in Screen": uniqueId="local:4619827259835644672", 720 x 1600, modeId 1, renderFrameRate 60.0, defaultModeId 2, supportedModes [{id=1, width=720, height=1600, fps=60.0, alternativeRefreshRates=[90.0, 120.00001], supportedHdrTypes=[]}, {id=2, width=720, height=1600, fps=120.00001, alternativeRefreshRates=[60.0, 90.0], supportedHdrTypes=[]}, {id=3, width=720, height=1600, fps=90.0, alternativeRefreshRates=[60.0, 120.00001], supportedHdrTypes=[]}], colorMode 0, supportedColorModes [0], hdrCapabilities HdrCapabilities{mSupportedHdrTypes=[], mMaxLuminance=500.0, mMaxAverageLuminance=500.0, mMinLuminance=0.0}, allmSupported false, gameContentTypeSupported false, density 320, 261.257 x 262.193 dpi, appVsyncOff 1000000, presDeadline 16666667, cutout DisplayCutout{insets=Rect(0, 72 - 0, 0) waterfall=Insets{left=0, top=0, right=0, bottom=0} boundingRect={Bounds=[Rect(0, 0 - 0, 0), Rect(312, 0 - 408, 72), Rect(0, 0 - 0, 0), Rect(0, 0 - 0, 0)]} cutoutPathParserInfo={CutoutPathParserInfo{displayWidth=720 displayHeight=1600 physicalDisplayWidth=720 physicalDisplayHeight=1600 density={2.0} cutoutSpec={M -24,0 L -24,36 L 24,36 L 24,0 Z @dp} rotation={0} scale={1.0} physicalPixelDisplaySizeRatio={1.0}}}}, touch INTERNAL, rotation 0, type INTERNAL, address {port=0, model=0x401cec6a7a2b7b}, deviceProductInfo DeviceProductInfo{name=EMU_display_0, manufacturerPnpId=GGL, productId=1, modelYear=null, manufactureDate=ManufactureDate{week=27, year=2006}, connectionToSinkType=0}, state ON, committedState ON, frameRateOverride , brightnessMinimum 0.0, brightnessMaximum 1.0, brightnessDefault 0.38188976, hdrSdrRatio NaN, FLAG_ALLOWED_TO_BE_DEFAULT_DISPLAY, FLAG_ROTATES_WITH_CONTENT, FLAG_SECURE, FLAG_SUPPORTS_PROTECTED_BUFFERS, FLAG_TRUSTED, installOrientation 0, displayShape DisplayShape{ spec=2134893525 displayWidth=720 displayHeight=1600 physicalPixelDisplaySizeRatio=1.0 rotation=0 offsetX=0 offsetY=0 scale=1.0}}
07-13 00:56:02.847 D/Griffin/DeviceState( 4613): virtualDisplayPackageName :{}
07-13 00:56:02.847 I/DisplayDeviceRepository( 4613): Display device changed: DisplayDeviceInfo{"Built-in Screen": uniqueId="local:4619827259835644672", 720 x 1600, modeId 1, renderFrameRate 60.0, defaultModeId 2, supportedModes [{id=1, width=720, height=1600, fps=60.0, alternativeRefreshRates=[90.0, 120.00001], supportedHdrTypes=[]}, {id=2, width=720, height=1600, fps=120.00001, alternativeRefreshRates=[60.0, 90.0], supportedHdrTypes=[]}, {id=3, width=720, height=1600, fps=90.0, alternativeRefreshRates=[60.0, 120.00001], supportedHdrTypes=[]}], colorMode 0, supportedColorModes [0], hdrCapabilities HdrCapabilities{mSupportedHdrTypes=[], mMaxLuminance=500.0, mMaxAverageLuminance=500.0, mMinLuminance=0.0}, allmSupported false, gameContentTypeSupported false, density 320, 261.257 x 262.193 dpi, appVsyncOff 1000000, presDeadline 16666667, cutout DisplayCutout{insets=Rect(0, 72 - 0, 0) waterfall=Insets{left=0, top=0, right=0, bottom=0} boundingRect={Bounds=[Rect(0, 0 - 0, 0), Rect(312, 0 - 408, 72), Rect(0, 0 - 0, 0), Rect(0, 0 - 0, 0)]} cutoutPathParserInfo={CutoutPathParserInfo{displayWidth=720 displayHeight=1600 physicalDisplayWidth=720 physicalDisplayHeight=1600 density={2.0} cutoutSpec={M -24,0 L -24,36 L 24,36 L 24,0 Z @dp} rotation={0} scale={1.0} physicalPixelDisplaySizeRatio={1.0}}}}, touch INTERNAL, rotation 0, type INTERNAL, address {port=0, model=0x401cec6a7a2b7b}, deviceProductInfo DeviceProductInfo{name=EMU_display_0, manufacturerPnpId=GGL, productId=1, modelYear=null, manufactureDate=ManufactureDate{week=27, year=2006}, connectionToSinkType=0}, state ON, committedState ON, frameRateOverride , brightnessMinimum 0.0, brightnessMaximum 1.0, brightnessDefault 0.38188976, hdrSdrRatio NaN, FLAG_ALLOWED_TO_BE_DEFAULT_DISPLAY, FLAG_ROTATES_WITH_CONTENT, FLAG_SECURE, FLAG_SUPPORTS_PROTECTED_BUFFERS, FLAG_TRUSTED, installOrientation 0, displayShape DisplayShape{ spec=2134893525 displayWidth=720 displayHeight=1600 physicalPixelDisplaySizeRatio=1.0 rotation=0 offsetX=0 offsetY=0 scale=1.0}}
07-13 00:56:02.847 D/Griffin/DeviceState( 4613): virtualDisplayPackageName :{}
07-13 00:56:02.848 D/DisplayManagerService( 4613): Ignore redundant display event 0/2 to 10239/21394
07-13 00:56:02.850 D/WindowManager( 4613): isSupportDynamicNavbar user0, navBarMode = 2, is3buttonModeNavbar = false
07-13 00:56:02.855 D/WindowManager( 4613): isSupportDynamicNavbar user0, navBarMode = 2, is3buttonModeNavbar = false
07-13 00:56:03.654 D/CompetitionModeConfig( 4613): sys.apm.competition_mode_config is not support!
07-13 00:56:03.656 D/CompetitionModeConfig( 4613): sys.apm.competition_mode_config is not support!
07-13 00:56:03.658 V/BroadcastQueue( 4613): Enqueuing BroadcastRecord{34a7c9f Intent { flg=0x10 cmp=com.instagram.android/com.instagram.util.startup.appwarmer.KeepWarmReceiver (has extras) }/u0} from uid 10235 pid 20686 for 1 receivers
07-13 00:56:03.857 I/stagram.android(20686): CollectorTransition concurrent mark compact GC freed 224KB AllocSpace bytes, 0(0B) LOS objects, 62% free, 14MB/38MB, paused 1.675ms,7.853ms total 202.324ms
07-13 00:56:03.879 D/AlarmManagerService( 4613): set alarm to kernel: 720310.561000000, type=2 
07-13 00:56:03.879 D/AlarmManagerService( 4613): set alarm to kernel: 720118.117000000, type=3 
07-13 00:56:04.271 D/TranLedLightImpl( 4613): TranLedLightImpl--ledwork:false
07-13 00:56:04.272 D/TranLedLightImpl( 4613): isBatteryOnlyWorktrue
07-13 00:56:04.272 V/BroadcastQueue( 4613): Enqueuing BroadcastRecord{aa9b1ec android.intent.action.BATTERY_CHANGED/u-1} from uid 1000 pid 4613 for 34 receivers
07-13 00:56:04.272 D/TranLedLightImpl( 4613): TranLedLightImpl--updateBattery: 79 2
07-13 00:56:04.272 D/TranLedLightImpl( 4613): updateLightsLocked--isScreenOn:true	TRAN_LED_SCREEN_ON_SUPPORT:false	mLedNotificationPower:true
07-13 00:56:04.273 D/TranLedLightImpl( 4613): updateLightsLocked--level:79	:battery_status:2
07-13 00:56:04.281 D/TranLedLightImpl( 4613): isInit():true
07-13 00:56:04.281 D/TranLedLightImpl( 4613): isScreenOntrueTRAN_LED_SCREEN_ON_SUPPORTfalse
07-13 00:56:04.281 D/TranLedLightImpl( 4613): TranLedLightImpl--setChargeFlashing: true
07-13 00:56:04.281 D/TranLedLightImpl( 4613): TranLedLightImpl--isCharging: true
07-13 00:56:04.288 W/ActivityManager( 4613): Receiver with filter android.content.IntentFilter@6fed9b5 already registered for pid 4613, callerPackage is android
07-13 00:56:04.289 D/BatteryLabService(12947): current level == 79, temperature == 374
07-13 00:56:04.289 D/BatteryLabService(12947): system is charging
07-13 00:56:04.290 D/EmergencyMsgController( 4916): BatteryStateReceiver onReceive action android.intent.action.BATTERY_CHANGED
07-13 00:56:04.290 D/AlarmManagerService( 4613): set alarm to kernel: 720310.561000000, type=2 
07-13 00:56:04.290 D/AlarmManagerService( 4613): set alarm to kernel: 720118.117000000, type=3 
07-13 00:56:04.291 D/CompatibilityChangeReporter( 4613): Compat change id reported: 171306433; UID 1000; state: ENABLED
07-13 00:56:04.291 V/AlarmManager( 4613): set(null) : type=1 listener=android.app.AlarmManager$ListenerWrapper@1dfae23 listenerTag=UiModeManager workSource=null callingPackage=android callingUid=1000 triggerAtTime=1783922400000 win=0 tElapsed=738318671 maxElapsed=738318671 interval=0 flags=0x9
07-13 00:56:04.292 D/AlarmManagerService( 4613): set alarm to kernel: 720310.561000000, type=2 
07-13 00:56:04.292 D/AlarmManagerService( 4613): set alarm to kernel: 720118.117000000, type=3 
07-13 00:56:04.293 D/EmergencyMsgController( 4916):  powerPluggedIn: true level: 79 LowBatteryMode: false
07-13 00:56:04.297 D/PowerUI ( 5105): can't show warning due to - plugged: true status unknown: false
07-13 00:56:04.301 W/VSyncPredictor(  634): VSyncPredictor::setPeriod current period =16666667
07-13 00:56:04.616 D/TranWifiTputMonitor( 4613): WIFI: TX: 0 RX: 0 TOTAL = 0
07-13 00:56:04.616 D/TranWifiTputMonitor( 4613): High Tput: false, TOTAL TPUT: 0
07-13 00:56:04.665 D/CompetitionModeConfig( 4613): sys.apm.competition_mode_config is not support!
07-13 00:56:04.668 D/CompetitionModeConfig( 4613): sys.apm.competition_mode_config is not support!
07-13 00:56:04.669 V/BroadcastQueue( 4613): Enqueuing BroadcastRecord{7d6084a Intent { flg=0x10 cmp=com.instagram.android/com.instagram.util.startup.appwarmer.KeepWarmReceiver (has extras) }/u0} from uid 10235 pid 20686 for 1 receivers
07-13 00:56:04.774 I/Hoffnung(26737): Universal onReceive: Intent { act=android.intent.action.BATTERY_CHANGED flg=0x60000010 (has extras) }
07-13 00:56:04.774 D/BroadcastQueue( 4613): Hiber/broadcast restricted queue.uid=10244
07-13 00:56:04.774 D/BroadcastQueue( 4613): Hiber/broadcast restricted queue.uid=10244
07-13 00:56:04.774 D/BroadcastQueue( 4613): Hiber/broadcast restricted queue.uid=10244
07-13 00:56:04.775 I/Hoffnung(26737): Universal onReceive end
07-13 00:56:04.776 I/Hoffnung(26737): LocalBroadcastManager onReceive Intent { act=android.intent.action.BATTERY_CHANGED flg=0x60000010 (has extras) }
07-13 00:56:04.875 I/stagram.android(20686): CollectorTransition concurrent mark compact GC freed 320KB AllocSpace bytes, 0(0B) LOS objects, 62% free, 14MB/38MB, paused 1.562ms,7.914ms total 208.062ms
07-13 00:56:05.103 W/ion.phonemaster(22447): ApkAssets: Deleting an ApkAssets object '<empty> and /data/app/~~wtKRsRFD6UtcWbAESyUaKA==/com.transsion.phonemanager-Ds6tW-TOfITXD9DqvSyCQA==/base.apk' with 1 weak references
07-13 00:56:05.454 D/TranSignalStrengthComponentImpl( 4916): [LTE] dbm: -96
07-13 00:56:05.454 D/TranSignalStrengthComponentImpl( 4916): [LTE] dbm: -96
07-13 00:56:05.456 I/TranPhoneInterfaceManager( 4916): MPSTCB - onSignalStrengthsChanged
07-13 00:56:05.456 D/TranPhoneInterfaceManager( 4916): [onSignalStrengthsChanged]
07-13 00:56:05.456 D/TranSmartAllocController( 4916): mDefaultDataSubId = 2  subId = 2
07-13 00:56:05.456 D/TranSmartAllocController( 4916): mSupport = true  mBwAllocEnable = false mSimReady =true  mScreenOn =true
07-13 00:56:05.456 D/TranSmartAllocController( 4916): mDataAvailable = false  mInService = true  cellSignalStrengthList = [CellSignalStrengthLte: rssi=-51 rsrp=-96 rsrq=-10 rssnr=5 cqiTableIndex=2147483647 cqi=2147483647 ta=2147483647 level=4 parametersUseForLevel=0]
07-13 00:56:05.457 D/TranSignalStrengthComponentImpl( 4613): [LTE] dbm: -96
07-13 00:56:05.458 D/ActivityManager( 4613): Skip enqueue broadcast because no receiver with Intent { act=android.intent.action.SIG_STR flg=0x10 (has extras) }
07-13 00:56:05.458 D/TranSignalStrengthComponentImpl(20686): [LTE] dbm: -96
07-13 00:56:05.459 D/UpLinkDataController( 4916): onSignalStrengthsChanged
07-13 00:56:05.460 D/StatusBarIconController( 5105): ignoring old pipeline callbacks, because the new mobile icons are enabled
07-13 00:56:05.460 D/UpLinkDataController( 4916): IdleState.processMessage:2
07-13 00:56:05.679 D/CompetitionModeConfig( 4613): sys.apm.competition_mode_config is not support!
07-13 00:56:05.681 D/CompetitionModeConfig( 4613): sys.apm.competition_mode_config is not support!
07-13 00:56:05.682 V/BroadcastQueue( 4613): Enqueuing BroadcastRecord{fe443bb Intent { flg=0x10 cmp=com.instagram.android/com.instagram.util.startup.appwarmer.KeepWarmReceiver (has extras) }/u0} from uid 10235 pid 20686 for 1 receivers
07-13 00:56:05.875 I/stagram.android(20686): CollectorTransition concurrent mark compact GC freed 256KB AllocSpace bytes, 0(0B) LOS objects, 62% free, 14MB/38MB, paused 1.657ms,7.664ms total 196.238ms
07-13 00:56:06.180 D/BoundBrokerSvc(26743): onUnbind: Intent { act=com.google.android.gms.auth.aang.events.services.START dat=chimera-action:/... cmp=com.google.android.gms/.chimera.PersistentApiService }
07-13 00:56:06.456 D/TranSignalStrengthComponentImpl( 4916): [LTE] dbm: -104
07-13 00:56:06.457 D/TranSignalStrengthComponentImpl( 4916): [LTE] dbm: -104
07-13 00:56:06.458 I/TranPhoneInterfaceManager( 4916): MPSTCB - onSignalStrengthsChanged
07-13 00:56:06.458 D/TranPhoneInterfaceManager( 4916): [onSignalStrengthsChanged]
07-13 00:56:06.458 D/TranSmartAllocController( 4916): mDefaultDataSubId = 2  subId = 1
07-13 00:56:06.458 D/TranSmartAllocController( 4916): mSupport = true  mBwAllocEnable = false mSimReady =true  mScreenOn =true
07-13 00:56:06.459 D/TranSignalStrengthComponentImpl( 4613): [LTE] dbm: -104
07-13 00:56:06.460 D/ActivityManager( 4613): Skip enqueue broadcast because no receiver with Intent { act=android.intent.action.SIG_STR flg=0x10 (has extras) }
07-13 00:56:06.461 D/StatusBarIconController( 5105): ignoring old pipeline callbacks, because the new mobile icons are enabled
07-13 00:56:06.662 W/ProcessStats( 4613): Tracking association SourceState{c7cb534 com.android.phone/1001 Persist #1652866} whose proc state 0 is better than process ProcessState{87d70b9 com.spreadtrum.ims/1001 pkg=com.spreadtrum.ims} proc state 5 (49 skipped)
07-13 00:56:06.662 V/BroadcastQueue( 4613): Enqueuing BroadcastRecord{fdd8a6d android.os.action.POWER_SAVE_TEMP_WHITELIST_CHANGED/u0} from uid 1000 pid 4613 for 1 receivers
07-13 00:56:06.688 I/ActivityManager( 4613): Killing 22448:com.android.keychain/1000 (adj 975): empty #9
07-13 00:56:06.690 D/CompetitionModeConfig( 4613): sys.apm.competition_mode_config is not support!
07-13 00:56:06.692 D/CompetitionModeConfig( 4613): sys.apm.competition_mode_config is not support!
07-13 00:56:06.693 V/BroadcastQueue( 4613): Enqueuing BroadcastRecord{ecf56a2 Intent { flg=0x10 cmp=com.instagram.android/com.instagram.util.startup.appwarmer.KeepWarmReceiver (has extras) }/u0} from uid 10235 pid 20686 for 1 receivers
07-13 00:56:06.694 I/libprocessgroup( 4613): Successfully killed process cgroup uid 1000 pid 22448 in 0ms
07-13 00:56:06.714 D/CompetitionModeConfig( 4613): sys.apm.competition_mode_config is not support!
07-13 00:56:06.714 D/os.ActivityManagerServiceLice( 4613): make process inactive com.android.keychain(22448)
07-13 00:56:06.714 I/Zygote  ( 4469): Process 22448 exited due to signal 9 (Killed)
07-13 00:56:06.888 I/stagram.android(20686): CollectorTransition concurrent mark compact GC freed 256KB AllocSpace bytes, 0(0B) LOS objects, 62% free, 14MB/38MB, paused 1.537ms,7.562ms total 199.569ms
07-13 00:56:07.188 D/TranThermalBacklightCtrl( 4613): Brightness=0.05 AutoBackLight=false AmbientLux=-1.0 APTemp=40.831
07-13 00:56:07.188 I/TranThermalBacklightCtrl( 4613): current status=level_0
07-13 00:56:07.189 D/DisplayPowerController2[0]( 4613): animateScreenBrightness: target=0.05, rate=1.0    mShouldUpdateBrightnessSettingLater=false
07-13 00:56:07.192 V/DisplayPowerController2[0]( 4613): Brightness [0.05] reason changing to: 'manual [ dim ]', previous reason: 'manual'.
07-13 00:56:07.193 I/DisplayPowerController2[0]( 4613): BrightnessEvent: disp=0, physDisp=local:4619827259835644672, brt=0.05, initBrt=0.18295844, rcmdBrt=NaN, preBrt=NaN, lux=0.0, preLux=0.0, hbmMax=1.0, hbmMode=off, rbcStrength=50, thrmMax=1.0, powerFactor=0.7, wasShortTermModelActive=false, flags=, reason=manual [ dim ], autoBrightness=false, strategy=InvalidBrightnessStrategy
07-13 00:56:07.200 D/Magellan( 4613): onBrightnessChangedLocked return
07-13 00:56:07.201 W/VSyncPredictor(  634): VSyncPredictor::setPeriod current period =16666667
07-13 00:56:07.221 D/LIGHTS  (  625): func:write_int, path=/sys/class/backlight/sprd_backlight/brightness, value=700
07-13 00:56:07.232 D/refnotify(  845): refnotify_parse_event: SOURCE = sysfs!
07-13 00:56:07.232 D/refnotify(  845): status : refnotify_sleep=0 
07-13 00:56:07.234 D/LIGHTS  (  625): func:write_int, path=/sys/class/backlight/sprd_backlight/brightness, value=631
07-13 00:56:07.234 D/refnotify(  845): refnotify_parse_event: SOURCE = sysfs!
07-13 00:56:07.235 D/refnotify(  845): status : refnotify_sleep=0 
07-13 00:56:07.237 D/LIGHTS  (  625): func:write_int, path=/sys/class/backlight/sprd_backlight/brightness, value=563
07-13 00:56:07.245 D/refnotify(  845): refnotify_parse_event: SOURCE = sysfs!
07-13 00:56:07.246 D/refnotify(  845): status : refnotify_sleep=0 
07-13 00:56:07.254 D/LIGHTS  (  625): func:write_int, path=/sys/class/backlight/sprd_backlight/brightness, value=495
07-13 00:56:07.262 D/refnotify(  845): refnotify_parse_event: SOURCE = sysfs!
07-13 00:56:07.264 D/refnotify(  845): status : refnotify_sleep=0 
07-13 00:56:07.271 D/LIGHTS  (  625): func:write_int, path=/sys/class/backlight/sprd_backlight/brightness, value=427
07-13 00:56:07.279 D/refnotify(  845): refnotify_parse_event: SOURCE = sysfs!
07-13 00:56:07.280 D/refnotify(  845): status : refnotify_sleep=0 
07-13 00:56:07.287 D/LIGHTS  (  625): func:write_int, path=/sys/class/backlight/sprd_backlight/brightness, value=359
07-13 00:56:07.295 D/refnotify(  845): refnotify_parse_event: SOURCE = sysfs!
07-13 00:56:07.296 D/refnotify(  845): status : refnotify_sleep=0 
07-13 00:56:07.304 D/LIGHTS  (  625): func:write_int, path=/sys/class/backlight/sprd_backlight/brightness, value=290
07-13 00:56:07.312 D/refnotify(  845): refnotify_parse_event: SOURCE = sysfs!
07-13 00:56:07.313 D/refnotify(  845): status : refnotify_sleep=0 
07-13 00:56:07.321 D/LIGHTS  (  625): func:write_int, path=/sys/class/backlight/sprd_backlight/brightness, value=222
07-13 00:56:07.329 D/refnotify(  845): refnotify_parse_event: SOURCE = sysfs!
07-13 00:56:07.329 D/refnotify(  845): status : refnotify_sleep=0 
07-13 00:56:07.337 D/TranThermalBacklightCtrl( 4613): Brightness=0.05 AutoBackLight=false AmbientLux=-1.0 APTemp=40.831
07-13 00:56:07.337 I/TranThermalBacklightCtrl( 4613): current status=level_0
07-13 00:56:07.337 D/LIGHTS  (  625): func:write_int, path=/sys/class/backlight/sprd_backlight/brightness, value=212
07-13 00:56:07.345 D/refnotify(  845): refnotify_parse_event: SOURCE = sysfs!
07-13 00:56:07.346 D/refnotify(  845): status : refnotify_sleep=0 
07-13 00:56:07.459 D/TranSignalStrengthComponentImpl( 4916): [LTE] dbm: -97
07-13 00:56:07.459 D/TranSignalStrengthComponentImpl( 4916): [LTE] dbm: -97
07-13 00:56:07.461 I/TranPhoneInterfaceManager( 4916): MPSTCB - onSignalStrengthsChanged
07-13 00:56:07.461 D/TranPhoneInterfaceManager( 4916): [onSignalStrengthsChanged]
07-13 00:56:07.461 D/TranSmartAllocController( 4916): mDefaultDataSubId = 2  subId = 2
07-13 00:56:07.461 D/TranSmartAllocController( 4916): mSupport = true  mBwAllocEnable = false mSimReady =true  mScreenOn =true
07-13 00:56:07.461 D/TranSmartAllocController( 4916): mDataAvailable = false  mInService = true  cellSignalStrengthList = [CellSignalStrengthLte: rssi=-51 rsrp=-97 rsrq=-11 rssnr=4 cqiTableIndex=2147483647 cqi=2147483647 ta=2147483647 level=4 parametersUseForLevel=0]
07-13 00:56:07.462 D/TranSignalStrengthComponentImpl( 4613): [LTE] dbm: -97
07-13 00:56:07.462 D/TranSignalStrengthComponentImpl(20686): [LTE] dbm: -97
07-13 00:56:07.462 D/ActivityManager( 4613): Skip enqueue broadcast because no receiver with Intent { act=android.intent.action.SIG_STR flg=0x10 (has extras) }
07-13 00:56:07.463 D/UpLinkDataController( 4916): onSignalStrengthsChanged
07-13 00:56:07.463 D/StatusBarIconController( 5105): ignoring old pipeline callbacks, because the new mobile icons are enabled
07-13 00:56:07.464 D/UpLinkDataController( 4916): IdleState.processMessage:2
07-13 00:56:07.621 D/TranWifiTputMonitor( 4613): WIFI: TX: 201 RX: 201 TOTAL = 402
07-13 00:56:07.621 D/TranWifiTputMonitor( 4613): High Tput: false, TOTAL TPUT: 402
07-13 00:56:07.702 D/CompetitionModeConfig( 4613): sys.apm.competition_mode_config is not support!
07-13 00:56:07.704 D/CompetitionModeConfig( 4613): sys.apm.competition_mode_config is not support!
07-13 00:56:07.705 V/BroadcastQueue( 4613): Enqueuing BroadcastRecord{df96f33 Intent { flg=0x10 cmp=com.instagram.android/com.instagram.util.startup.appwarmer.KeepWarmReceiver (has extras) }/u0} from uid 10235 pid 20686 for 1 receivers
07-13 00:56:07.901 I/stagram.android(20686): CollectorTransition concurrent mark compact GC freed 256KB AllocSpace bytes, 0(0B) LOS objects, 62% free, 14MB/38MB, paused 1.524ms,7.525ms total 199.291ms
07-13 00:56:08.461 D/TranSignalStrengthComponentImpl( 4916): [LTE] dbm: -98
07-13 00:56:08.461 D/TranSignalStrengthComponentImpl( 4916): [LTE] dbm: -98
07-13 00:56:08.463 I/TranPhoneInterfaceManager( 4916): MPSTCB - onSignalStrengthsChanged
07-13 00:56:08.464 D/TranPhoneInterfaceManager( 4916): [onSignalStrengthsChanged]
07-13 00:56:08.464 D/TranSmartAllocController( 4916): mDefaultDataSubId = 2  subId = 2
07-13 00:56:08.464 D/TranSmartAllocController( 4916): mSupport = true  mBwAllocEnable = false mSimReady =true  mScreenOn =true
07-13 00:56:08.464 D/TranSmartAllocController( 4916): mDataAvailable = false  mInService = true  cellSignalStrengthList = [CellSignalStrengthLte: rssi=-51 rsrp=-98 rsrq=-11 rssnr=5 cqiTableIndex=2147483647 cqi=2147483647 ta=2147483647 level=4 parametersUseForLevel=0]
07-13 00:56:08.465 D/TranSignalStrengthComponentImpl( 4613): [LTE] dbm: -98
07-13 00:56:08.465 D/ActivityManager( 4613): Skip enqueue broadcast because no receiver with Intent { act=android.intent.action.SIG_STR flg=0x10 (has extras) }
07-13 00:56:08.466 D/UpLinkDataController( 4916): onSignalStrengthsChanged
07-13 00:56:08.466 D/StatusBarIconController( 5105): ignoring old pipeline callbacks, because the new mobile icons are enabled
07-13 00:56:08.467 D/UpLinkDataController( 4916): IdleState.processMessage:2
07-13 00:56:08.467 D/TranSignalStrengthComponentImpl(20686): [LTE] dbm: -98
07-13 00:56:08.712 D/CompetitionModeConfig( 4613): sys.apm.competition_mode_config is not support!
07-13 00:56:08.714 D/CompetitionModeConfig( 4613): sys.apm.competition_mode_config is not support!
07-13 00:56:08.716 V/BroadcastQueue( 4613): Enqueuing BroadcastRecord{78812f0 Intent { flg=0x10 cmp=com.instagram.android/com.instagram.util.startup.appwarmer.KeepWarmReceiver (has extras) }/u0} from uid 10235 pid 20686 for 1 receivers
07-13 00:56:08.909 I/stagram.android(20686): CollectorTransition concurrent mark compact GC freed 352KB AllocSpace bytes, 0(0B) LOS objects, 62% free, 14MB/38MB, paused 1.616ms,7.681ms total 196.917ms
07-13 00:56:09.464 D/TranSignalStrengthComponentImpl( 4916): [LTE] dbm: -98
07-13 00:56:09.464 D/TranSignalStrengthComponentImpl( 4916): [LTE] dbm: -98
07-13 00:56:09.466 I/TranPhoneInterfaceManager( 4916): MPSTCB - onSignalStrengthsChanged
07-13 00:56:09.466 D/TranPhoneInterfaceManager( 4916): [onSignalStrengthsChanged]
07-13 00:56:09.466 D/TranSmartAllocController( 4916): mDefaultDataSubId = 2  subId = 2
07-13 00:56:09.466 D/TranSmartAllocController( 4916): mSupport = true  mBwAllocEnable = false mSimReady =true  mScreenOn =true
07-13 00:56:09.466 D/TranSmartAllocController( 4916): mDataAvailable = false  mInService = true  cellSignalStrengthList = [CellSignalStrengthLte: rssi=-51 rsrp=-98 rsrq=-11 rssnr=6 cqiTableIndex=2147483647 cqi=2147483647 ta=2147483647 level=4 parametersUseForLevel=0]
07-13 00:56:09.466 D/TranSignalStrengthComponentImpl( 4613): [LTE] dbm: -98
07-13 00:56:09.467 D/TranSignalStrengthComponentImpl(20686): [LTE] dbm: -98
07-13 00:56:09.467 D/ActivityManager( 4613): Skip enqueue broadcast because no receiver with Intent { act=android.intent.action.SIG_STR flg=0x10 (has extras) }
07-13 00:56:09.468 D/UpLinkDataController( 4916): onSignalStrengthsChanged
07-13 00:56:09.469 D/UpLinkDataController( 4916): IdleState.processMessage:2
07-13 00:56:09.470 D/StatusBarIconController( 5105): ignoring old pipeline callbacks, because the new mobile icons are enabled
07-13 00:56:09.723 D/CompetitionModeConfig( 4613): sys.apm.competition_mode_config is not support!
07-13 00:56:09.725 D/CompetitionModeConfig( 4613): sys.apm.competition_mode_config is not support!
07-13 00:56:09.726 V/BroadcastQueue( 4613): Enqueuing BroadcastRecord{1f03aee Intent { flg=0x10 cmp=com.instagram.android/com.instagram.util.startup.appwarmer.KeepWarmReceiver (has extras) }/u0} from uid 10235 pid 20686 for 1 receivers
07-13 00:56:09.919 I/stagram.android(20686): CollectorTransition concurrent mark compact GC freed 320KB AllocSpace bytes, 0(0B) LOS objects, 62% free, 14MB/38MB, paused 1.454ms,7.565ms total 197.005ms
07-13 00:56:10.005 D/ActivityManager( 4613): Skip enqueue broadcast because no receiver with Intent { act=android.net.wifi.RSSI_CHANGED flg=0x4000010 (has extras) }
07-13 00:56:10.014 D/ReliableDetectionController( 4916): [isNetworkConnected] capabilities:[ Transports: WIFI Capabilities: NOT_METERED&INTERNET&NOT_RESTRICTED&TRUSTED&NOT_VPN&VALIDATED&NOT_ROAMING&FOREGROUND&NOT_CONGESTED&NOT_SUSPENDED&NOT_VCN_MANAGED LinkUpBandwidth>=5796Kbps LinkDnBandwidth>=16854Kbps TransportInfo: <SSID: <unknown ssid>, BSSID: 02:00:00:00:00:00, MAC: 02:00:00:00:00:00, IP: /192.168.100.32, Security type: 2, Supplicant state: COMPLETED, Wi-Fi standard: 4, RSSI: -65, Link speed: 96Mbps, Tx Link speed: 96Mbps, Max Supported Tx Link speed: 72Mbps, Rx Link speed: 96Mbps, Max Supported Rx Link speed: 72Mbps, Frequency: 2412MHz, Net ID: -1, Metered hint: false, score: 60, isUsable: true, CarrierMerged: false, SubscriptionId: -1, IsPrimary: 1, Trusted: true, Restricted: false, Ephemeral: false, OEM paid: false, OEM private: false, OSU AP: false, FQDN: <none>, Provider friendly name: <none>, Requesting package name: <none><none>MLO Information: , Is TID-To-Link negotiation supported by the AP: false, AP MLD Address: <none>, AP MLO Link Id: <none>, AP MLO Affiliated links: <none>> SignalStrength: -65 AdminUids: [1000] SSID: "Dormatories-2.4G" UnderlyingNetworks: Null]
07-13 00:56:10.014 D/ReliableDetectionController( 4916): [setupCallbacksForNetwork] onCapabilitiesChanged availabled.
07-13 00:56:10.030 I/NullBinder(26743): NullBinder for android.net.action.RECOMMEND_NETWORKS triggering remote TransactionTooLargeException due to Service without Chimera impl, calling uid: 1000, calling pid: 0
07-13 00:56:10.030 W/.gms.persistent(26743): Large reply transaction of 1056768 bytes, interface descriptor , code 1
07-13 00:56:10.031 D/ConnectivityService( 4613): NetReassign [no changes] [c 0] [a 2] [i 2]
07-13 00:56:10.033 I/NearbyMediums(26743): Wifi changed new SSID: "Dormatories-2.4G"
07-13 00:56:10.033 I/NearbyMediums(26743): WifiLanConnectivityInfo is not changed, skip notify.
07-13 00:56:10.035 W/VSyncPredictor(  634): VSyncPredictor::setPeriod current period =16666667
07-13 00:56:10.040 D/StatusBarIconController( 5105): ignoring old pipeline callback because the new wifi icon is enabled
07-13 00:56:10.190 I/ActivityManager( 4613): Killing 22813:com.shazam.android/u0a270 (adj 925): MemAvailable
07-13 00:56:10.190 D/DisplayManagerService( 4613): Drop pending events for gone uid 10270
07-13 00:56:10.201 D/os.ActivityManagerServiceLice( 4613): make process inactive com.shazam.android(22813)
07-13 00:56:10.203 D/BoundBrokerSvc(26681): onUnbind: Intent { act=com.google.android.gms.measurement.START pkg=com.google.android.gms }
07-13 00:56:10.205 D/Hiber/cgroup( 4613): writeDevFile pid: 22813
07-13 00:56:10.208 I/Hiber/sceneManager( 4613): unfreeze uid: 10270 com.shazam.android pids:[22813]  reason:signal   cpninfo:signal/-1 costTime=7ms
07-13 00:56:10.208 D/Hiber/appStateMachine( 4613): uid=10270, pkg=com.shazam.android, transition from Frozen to Running, reason=signal
07-13 00:56:10.208 D/Hiber/appStateMachine( 4613): uid:10270 exit FrozenState
07-13 00:56:10.208 D/Hiber/proxyWakeLock( 4613): remove uid: 10270 wiht all pids from wakelockUidInfo list
07-13 00:56:10.208 D/Hiber/appStateMachine( 4613): uid:10270 exit RunningState
07-13 00:56:10.214 I/libprocessgroup( 4613): Successfully killed process cgroup uid 10270 pid 22813 in 11ms
07-13 00:56:10.220 W/ActivityManager( 4613): Scheduling restart of crashed service com.shazam.android/com.shazam.popup.android.service.FloatingShazamTileService in 20000ms for connection
07-13 00:56:10.246 I/ActivityManager( 4613): Killing 21394:com.whatsapp/u0a239 (adj 900): MemAvailable
07-13 00:56:10.247 D/DisplayManagerService( 4613): Drop pending events for gone uid 10239
07-13 00:56:10.247 D/os.ActivityManagerServiceLice( 4613): make process inactive com.whatsapp(21394)
07-13 00:56:10.248 D/DeviceIdleControllerEx( 4613): packageName: com.whatsapp uid: 10239 is in preset white app list
07-13 00:56:10.254 I/ActivityManager( 4613): Killing 22781:com.facebook.katana/u0a244 (adj 905): MemAvailable
07-13 00:56:10.254 I/ResourceManagerMetrics( 4473): pushConcurrentUsageReport: No Video Codec Entry for Application[pid(21394): uid(10239)]
07-13 00:56:10.255 D/DisplayManagerService( 4613): Drop pending events for gone uid 10244
07-13 00:56:10.255 D/DeviceIdleControllerEx( 4613): packageName: com.facebook.katana uid: 10244 is in preset white app list
07-13 00:56:10.256 D/os.ActivityManagerServiceLice( 4613): make process inactive com.facebook.katana(22781)
07-13 00:56:10.256 I/ResourceManagerMetrics( 4473): pushConcurrentUsageReport: Concurrent Codec Usage Report for the Process[pid(21394): uid(10239)] is Peak { AudioDec[ SW: 1 ] } Peak Pixels: 0
07-13 00:56:10.256 D/Hiber/cgroup( 4613): writeDevFile pid: 22781
07-13 00:56:10.261 D/BoundBrokerSvc(26681): onUnbind: Intent { act=com.google.android.gms.auth.blockstore.service.START dat=chimera-action:/... cmp=com.google.android.gms/.chimera.GmsApiService }
07-13 00:56:10.263 I/Hiber/sceneManager( 4613): unfreeze uid: 10244 com.facebook.katana pids:[22781]  reason:MSG_UID_GONE   cpninfo: costTime=6ms
07-13 00:56:10.263 D/NetworkStatusMonitor( 4613): getAllInterfaceNames network type is wifi
07-13 00:56:10.263 D/NetworkStatusMonitor( 4613): onNetworkTypeChanged wifi => wifi
07-13 00:56:10.265 D/Hiber/appStateMachine( 4613): uid=10244, pkg=com.facebook.katana, transition from Frozen to Running, reason=MSG_UID_GONE
07-13 00:56:10.266 D/Hiber/appStateMachine( 4613): uid:10244 exit FrozenState
07-13 00:56:10.266 D/Hiber/proxyManager( 4613): up_service: 10244
07-13 00:56:10.266 D/Hiber/appStateMachine( 4613): uid:10244 exit RunningState
07-13 00:56:10.266 D/Hiber/proxyManager( 4613): up_job: 10244
07-13 00:56:10.266 D/Hiber/proxyManager( 4613): un_job: 10244
07-13 00:56:10.266 D/Hiber/JobExtImpl( 4613): un_job=JobStatus{dc05e76 androidx.work.systemjobscheduler:u0a244/1338 @androidx.work.systemjobscheduler@com.facebook.katana/androidx.work.impl.background.systemjob.SystemJobService u=0 s=10244 TIME=+59m39s12ms:none NET satisfied:0x1a400003 unsatisfied:0x81000000}for uid=10244
07-13 00:56:10.266 D/Hiber/proxyWakeLock( 4613): remove uid: 10244 wiht all pids from wakelockUidInfo list
07-13 00:56:10.268 I/Hiber/cgroup( 4613): forceUnfreezeByPid pid= 22781 reason= unfreezeForKernel: signal
07-13 00:56:10.268 I/Hiber/cgroup( 4613): force unfreeze10244
07-13 00:56:10.268 D/Hiber/JobExtImpl( 4613): un_job=JobStatus{d152948 #u0a244/10001 com.facebook.katana/com.facebook.falco.jobscheduler.FFJobService u=0 s=10244 TIME=+4m37s986ms:+9m37s986ms NET satisfied:0x1a400003 unsatisfied:0x81000000}for uid=10244
07-13 00:56:10.269 D/Hiber/JobExtImpl( 4613): un_job=JobStatus{d045938 #u0a244/2131366306 com.facebook.katana/com.facebook.push.registration.PushNegativeFeedbackLollipopService u=0 s=10244 TIME=+2h59m39s6ms:none NET satisfied:0x1a400003 unsatisfied:0x81000000}for uid=10244
07-13 00:56:10.269 D/Hiber/JobExtImpl( 4613): un_job=JobStatus{985ae98 androidx.work.systemjobscheduler:u0a244/1337 @androidx.work.systemjobscheduler@com.facebook.katana/androidx.work.impl.background.systemjob.SystemJobService u=0 s=10244 TIME=+6m10s791ms:none NET satisfied:0x1a400003 unsatisfied:0x81000000}for uid=10244
