=== LOGS VOXCORDIS ===
Mon 13 Jul 2026 12:42:24 AM GMT
Backend: http://localhost:7860 (local)

--------- beginning of system
07-13 00:41:49.684 12391 12391 D TranClassInfo: instance successfully. com.transsion.hubcore.graphics.TranGraphicImpl@ee974e1 from com.transsion.hubcore.graphics.ITranGraphic
07-13 00:41:51.552 12391 12391 D TranClassInfo: instance successfully. com.transsion.hubcore.view.TranViewImpl@da5ae33 from com.transsion.hubcore.view.ITranView
07-13 00:41:51.575 12391 12391 D AppResolutionTuner: loadTunerAppList + 
07-13 00:41:51.576 12391 12391 W AppResolutionTuner: Target file doesn't exist: /data/retuner/sf_resolution_tuner_app_list.xml
07-13 00:41:51.613 12391 12391 D AppResolutionTuner: dom2xml: App{packageName='com.tencent.ig', scale='1.0', filteredWindows= []', scalingFlow= surfaceview'}
07-13 00:41:51.613 12391 12391 D AppResolutionTuner: dom2xml: App{packageName='com.tencent.tmgp.sgame', scale='1.0', filteredWindows= []', scalingFlow= surfaceview'}
07-13 00:41:51.614 12391 12391 D AppResolutionTuner: dom2xml: App{packageName='com.activision.callofduty.shooter', scale='1.0', filteredWindows= []', scalingFlow= surfaceview'}
07-13 00:41:51.615 12391 12391 D AppResolutionTuner: dom2xml: App{packageName='com.garena.game.codm', scale='1.0', filteredWindows= []', scalingFlow= surfaceview'}
07-13 00:41:51.615 12391 12391 D AppResolutionTuner: dom2xml: App{packageName='com.tencent.tmgp.kr.codm', scale='1.0', filteredWindows= []', scalingFlow= surfaceview'}
07-13 00:41:51.616 12391 12391 D AppResolutionTuner: dom2xml: App{packageName='com.vng.codmvn', scale='1.0', filteredWindows= []', scalingFlow= surfaceview'}
07-13 00:41:51.617 12391 12391 D AppResolutionTuner: dom2xml: App{packageName='com.activision.callofduty.codpbt', scale='1.0', filteredWindows= []', scalingFlow= surfaceview'}
07-13 00:41:51.617 12391 12391 D AppResolutionTuner: dom2xml: App{packageName='com.tencent.tmgp.cod', scale='1.0', filteredWindows= []', scalingFlow= surfaceview'}
07-13 00:41:51.618 12391 12391 D AppResolutionTuner: dom2xml: App{packageName='com.tencent.tmgp.pubgmhd', scale='1.0', filteredWindows= []', scalingFlow= surfaceview'}
07-13 00:41:51.618 12391 12391 D AppResolutionTuner: dom2xml: App{packageName='com.tencent.iglite', scale='1.0', filteredWindows= []', scalingFlow= surfaceview'}
07-13 00:41:51.619 12391 12391 D AppResolutionTuner: dom2xml: App{packageName='com.tencent.igce', scale='1.0', filteredWindows= []', scalingFlow= surfaceview'}
07-13 00:41:51.619 12391 12391 D AppResolutionTuner: dom2xml: App{packageName='com.rekoo.pubgm', scale='1.0', filteredWindows= []', scalingFlow= surfaceview'}
07-13 00:41:51.620 12391 12391 D AppResolutionTuner: dom2xml: App{packageName='com.pubg.krmobile', scale='1.0', filteredWindows= []', scalingFlow= surfaceview'}
07-13 00:41:51.620 12391 12391 D AppResolutionTuner: dom2xml: App{packageName='com.vng.pubgmobile', scale='1.0', filteredWindows= []', scalingFlow= surfaceview'}
07-13 00:41:51.621 12391 12391 D AppResolutionTuner: dom2xml: App{packageName='com.pubg.imobile', scale='1.0', filteredWindows= []', scalingFlow= surfaceview'}
07-13 00:41:51.621 12391 12391 D AppResolutionTuner: dom2xml: App{packageName='vn.vng.pubgmobile', scale='1.0', filteredWindows= []', scalingFlow= surfaceview'}
07-13 00:41:51.622 12391 12391 D AppResolutionTuner: dom2xml: App{packageName='com.garena.game.kgtw', scale='1.0', filteredWindows= []', scalingFlow= surfaceview'}
07-13 00:41:51.622 12391 12391 D AppResolutionTuner: dom2xml: App{packageName='com.garena.game.kgth', scale='1.0', filteredWindows= []', scalingFlow= surfaceview'}
07-13 00:41:51.623 12391 12391 D AppResolutionTuner: dom2xml: App{packageName='com.imangi.templerun2', scale='1.0', filteredWindows= []', scalingFlow= surfaceview'}
07-13 00:41:51.623 12391 12391 D AppResolutionTuner: dom2xml: App{packageName='com.mobile.legends', scale='1.1', filteredWindows= []', scalingFlow= surfaceview'}
07-13 00:41:51.623 12391 12391 D AppResolutionTuner: loadTunerAppList - 
07-13 00:41:51.623 12391 12391 D AppResolutionTuner: loadTunerAppList + 
07-13 00:41:51.624 12391 12391 W AppResolutionTuner: Target file doesn't exist: /data/retuner/sf_resolution_tuner_app_list.xml
07-13 00:41:51.628 12391 12391 D AppResolutionTuner: dom2xml: App{packageName='com.tencent.ig', scale='1.0', filteredWindows= []', scalingFlow= surfaceview'}
07-13 00:41:51.628 12391 12391 D AppResolutionTuner: dom2xml: App{packageName='com.tencent.tmgp.sgame', scale='1.0', filteredWindows= []', scalingFlow= surfaceview'}
07-13 00:41:51.629 12391 12391 D AppResolutionTuner: dom2xml: App{packageName='com.activision.callofduty.shooter', scale='1.0', filteredWindows= []', scalingFlow= surfaceview'}
07-13 00:41:51.629 12391 12391 D AppResolutionTuner: dom2xml: App{packageName='com.garena.game.codm', scale='1.0', filteredWindows= []', scalingFlow= surfaceview'}
07-13 00:41:51.629 12391 12391 D AppResolutionTuner: dom2xml: App{packageName='com.tencent.tmgp.kr.codm', scale='1.0', filteredWindows= []', scalingFlow= surfaceview'}
07-13 00:41:51.630 12391 12391 D AppResolutionTuner: dom2xml: App{packageName='com.vng.codmvn', scale='1.0', filteredWindows= []', scalingFlow= surfaceview'}
07-13 00:41:51.630 12391 12391 D AppResolutionTuner: dom2xml: App{packageName='com.activision.callofduty.codpbt', scale='1.0', filteredWindows= []', scalingFlow= surfaceview'}
07-13 00:41:51.631 12391 12391 D AppResolutionTuner: dom2xml: App{packageName='com.tencent.tmgp.cod', scale='1.0', filteredWindows= []', scalingFlow= surfaceview'}
07-13 00:41:51.631 12391 12391 D AppResolutionTuner: dom2xml: App{packageName='com.tencent.tmgp.pubgmhd', scale='1.0', filteredWindows= []', scalingFlow= surfaceview'}
07-13 00:41:51.631 12391 12391 D AppResolutionTuner: dom2xml: App{packageName='com.tencent.iglite', scale='1.0', filteredWindows= []', scalingFlow= surfaceview'}
07-13 00:41:51.632 12391 12391 D AppResolutionTuner: dom2xml: App{packageName='com.tencent.igce', scale='1.0', filteredWindows= []', scalingFlow= surfaceview'}
07-13 00:41:51.632 12391 12391 D AppResolutionTuner: dom2xml: App{packageName='com.rekoo.pubgm', scale='1.0', filteredWindows= []', scalingFlow= surfaceview'}
07-13 00:41:51.632 12391 12391 D AppResolutionTuner: dom2xml: App{packageName='com.pubg.krmobile', scale='1.0', filteredWindows= []', scalingFlow= surfaceview'}
07-13 00:41:51.633 12391 12391 D AppResolutionTuner: dom2xml: App{packageName='com.vng.pubgmobile', scale='1.0', filteredWindows= []', scalingFlow= surfaceview'}
07-13 00:41:51.633 12391 12391 D AppResolutionTuner: dom2xml: App{packageName='com.pubg.imobile', scale='1.0', filteredWindows= []', scalingFlow= surfaceview'}
07-13 00:41:51.633 12391 12391 D AppResolutionTuner: dom2xml: App{packageName='vn.vng.pubgmobile', scale='1.0', filteredWindows= []', scalingFlow= surfaceview'}
07-13 00:41:51.634 12391 12391 D AppResolutionTuner: dom2xml: App{packageName='com.garena.game.kgtw', scale='1.0', filteredWindows= []', scalingFlow= surfaceview'}
07-13 00:41:51.634 12391 12391 D AppResolutionTuner: dom2xml: App{packageName='com.garena.game.kgth', scale='1.0', filteredWindows= []', scalingFlow= surfaceview'}
07-13 00:41:51.634 12391 12391 D AppResolutionTuner: dom2xml: App{packageName='com.imangi.templerun2', scale='1.0', filteredWindows= []', scalingFlow= surfaceview'}
07-13 00:41:51.635 12391 12391 D AppResolutionTuner: dom2xml: App{packageName='com.mobile.legends', scale='1.1', filteredWindows= []', scalingFlow= surfaceview'}
07-13 00:41:51.635 12391 12391 D AppResolutionTuner: loadTunerAppList - 
07-13 00:41:51.641 12391 12391 D TranClassInfo: instance successfully. com.transsion.hubcore.view.TranSurfaceImpl@f02fa8f from com.transsion.hubcore.view.ITranSurface
07-13 00:41:51.643 12391 12391 D TranClassInfo: instance successfully. com.transsion.hubcore.spdopts.magellan.implement.TranMagellanSurfaceComponentImpl@636711c from com.transsion.hubcore.magellan.ITranMagellanSurfaceComponent
07-13 00:41:51.655 12391 12391 D TranClassInfo: instance successfully. com.transsion.hubcore.spdopts.magellan.implement.TranMagellanViewComponentImpl@13eb0ab from com.transsion.hubcore.magellan.ITranMagellanViewComponent
07-13 00:41:51.763 12391 12391 D TranClassInfo: instance successfully. com.transsion.hubcore.internal.TranInternalViewImpl@5b15d95 from com.transsion.hubcore.internal.ITranInternalView
07-13 00:41:51.774 12391 12391 D TranClassInfo: instance successfully. com.transsion.hubcore.app.TranActivityImpl@d7cc577 from com.transsion.hubcore.app.ITranActivity
07-13 00:41:51.774 12391 12391 D TranClassInfo: instance successfully. com.transsion.hubcore.spdopts.magellan.implement.TranMagellanActivityComponentImpl@35485e4 from com.transsion.hubcore.magellan.ITranMagellanActivityComponent
--------- beginning of main
07-13 00:42:12.819 12391 12391 D InputConnectionAdaptor: The input method toggled cursor monitoring off
07-13 00:42:12.821 12391 12391 D InputConnectionAdaptor: The input method toggled cursor monitoring on
07-13 00:42:12.889 12391 12391 D InsetsController: show(ime(), fromIme=true)
07-13 00:42:12.891 12391 12391 I ImeTracker: com.example.voxcordis_app:a6f9fe36: onCancelled at PHASE_CLIENT_APPLY_ANIMATION
07-13 00:42:15.817 12391 12400 W e.voxcordis_app: ApkAssets: Deleting an ApkAssets object '<empty> and /data/app/~~hvfgbBko33OvpbTolQYAAw==/com.google.android.marvin.talkback-94e1T2zAAY_DCYQc-p1p_Q==/base.apk' with 1 weak references
07-13 00:42:15.818 12391 12400 W e.voxcordis_app: ApkAssets: Deleting an ApkAssets object '<empty> and /data/app/~~hvfgbBko33OvpbTolQYAAw==/com.google.android.marvin.talkback-94e1T2zAAY_DCYQc-p1p_Q==/split_config.arm64_v8a.apk' with 1 weak references
07-13 00:42:15.819 12391 12400 W e.voxcordis_app: ApkAssets: Deleting an ApkAssets object '<empty> and /product/operator/app/TranssionNotes/TranssionNotes.apk' with 1 weak references
07-13 00:42:15.819 12391 12400 W e.voxcordis_app: ApkAssets: Deleting an ApkAssets object '<empty> and /data/app/~~zqYpjOlQY1yNEjTUe3V_3A==/com.anthropic.claude-eF7IByzoL8eoahmPUQPZeg==/base.apk' with 1 weak references
07-13 00:42:15.820 12391 12400 W e.voxcordis_app: ApkAssets: Deleting an ApkAssets object '<empty> and /data/app/~~zqYpjOlQY1yNEjTUe3V_3A==/com.anthropic.claude-eF7IByzoL8eoahmPUQPZeg==/split_config.arm64_v8a.apk' with 1 weak references
07-13 00:42:15.820 12391 12400 W e.voxcordis_app: ApkAssets: Deleting an ApkAssets object '<empty> and /data/app/~~zqYpjOlQY1yNEjTUe3V_3A==/com.anthropic.claude-eF7IByzoL8eoahmPUQPZeg==/split_config.en.apk' with 1 weak references
07-13 00:42:15.820 12391 12400 W e.voxcordis_app: ApkAssets: Deleting an ApkAssets object '<empty> and /data/app/~~zqYpjOlQY1yNEjTUe3V_3A==/com.anthropic.claude-eF7IByzoL8eoahmPUQPZeg==/split_config.fr.apk' with 1 weak references
07-13 00:42:15.820 12391 12400 W e.voxcordis_app: ApkAssets: Deleting an ApkAssets object '<empty> and /data/app/~~zqYpjOlQY1yNEjTUe3V_3A==/com.anthropic.claude-eF7IByzoL8eoahmPUQPZeg==/split_config.xhdpi.apk' with 1 weak references
07-13 00:42:15.821 12391 12400 W e.voxcordis_app: ApkAssets: Deleting an ApkAssets object '<empty> and /data/app/~~NXxugQ91HHtGrF2K9kgqGQ==/com.deepseek.chat-ACBPnQTYO-vahMOY3y_nAg==/base.apk' with 1 weak references
07-13 00:42:15.821 12391 12400 W e.voxcordis_app: ApkAssets: Deleting an ApkAssets object '<empty> and /data/app/~~NXxugQ91HHtGrF2K9kgqGQ==/com.deepseek.chat-ACBPnQTYO-vahMOY3y_nAg==/split_config.arm64_v8a.apk' with 1 weak references
07-13 00:42:15.821 12391 12400 W e.voxcordis_app: ApkAssets: Deleting an ApkAssets object '<empty> and /data/app/~~NXxugQ91HHtGrF2K9kgqGQ==/com.deepseek.chat-ACBPnQTYO-vahMOY3y_nAg==/split_config.fr.apk' with 1 weak references
07-13 00:42:15.821 12391 12400 W e.voxcordis_app: ApkAssets: Deleting an ApkAssets object '<empty> and /data/app/~~NXxugQ91HHtGrF2K9kgqGQ==/com.deepseek.chat-ACBPnQTYO-vahMOY3y_nAg==/split_config.xhdpi.apk' with 1 weak references
07-13 00:42:15.822 12391 12400 W e.voxcordis_app: ApkAssets: Deleting an ApkAssets object '<empty> and /data/app/~~gduNv8dW6rI0maSwCCZGFA==/com.google.android.apps.translate-_RQ-Tpf2GhL7yTAf9nCyHw==/base.apk' with 1 weak references
07-13 00:42:15.822 12391 12400 W e.voxcordis_app: ApkAssets: Deleting an ApkAssets object '<empty> and /data/app/~~Rd-qoVMSZacLoROP7_XatQ==/com.openai.chatgpt-Gw1pHtrOKLQuOqifWtK7HA==/base.apk' with 1 weak references
07-13 00:42:15.823 12391 12400 W e.voxcordis_app: ApkAssets: Deleting an ApkAssets object '<empty> and /data/app/~~Rd-qoVMSZacLoROP7_XatQ==/com.openai.chatgpt-Gw1pHtrOKLQuOqifWtK7HA==/split_config.arm64_v8a.apk' with 1 weak references
07-13 00:42:15.823 12391 12400 W e.voxcordis_app: ApkAssets: Deleting an ApkAssets object '<empty> and /data/app/~~Rd-qoVMSZacLoROP7_XatQ==/com.openai.chatgpt-Gw1pHtrOKLQuOqifWtK7HA==/split_config.en.apk' with 1 weak references
07-13 00:42:15.823 12391 12400 W e.voxcordis_app: ApkAssets: Deleting an ApkAssets object '<empty> and /data/app/~~Rd-qoVMSZacLoROP7_XatQ==/com.openai.chatgpt-Gw1pHtrOKLQuOqifWtK7HA==/split_config.fr.apk' with 1 weak references
07-13 00:42:15.823 12391 12400 W e.voxcordis_app: ApkAssets: Deleting an ApkAssets object '<empty> and /data/app/~~Rd-qoVMSZacLoROP7_XatQ==/com.openai.chatgpt-Gw1pHtrOKLQuOqifWtK7HA==/split_config.xhdpi.apk' with 1 weak references
07-13 00:42:17.592 12391 12391 D InputConnectionAdaptor: The input method toggled cursor monitoring off
07-13 00:42:17.609 12391 12391 W WindowOnBackDispatcher: sendCancelIfRunning: isInProgress=falsecallback=ImeCallback=ImeOnBackInvokedCallback@117746886 Callback=android.window.IOnBackInvokedCallback$Stub$Proxy@c8bd58
07-13 00:42:17.959 12391 12391 I ImeTracker: com.example.voxcordis_app:ed33d5f7: onRequestHide at ORIGIN_CLIENT_HIDE_SOFT_INPUT reason HIDE_SOFT_INPUT_BY_INSETS_API
07-13 00:42:17.961 12391 12391 I ImeTracker: com.example.voxcordis_app:955390a8: onHidden
07-13 00:42:22.007 12391 12391 W WindowOnBackDispatcher: OnBackInvokedCallback is not enabled for the application.
07-13 00:42:22.007 12391 12391 W WindowOnBackDispatcher: Set 'android:enableOnBackInvokedCallback="true"' in the application manifest.
07-13 00:42:22.009 12391 12391 I ImeTracker: com.example.voxcordis_app:d26d4fc3: onRequestHide at ORIGIN_CLIENT_HIDE_SOFT_INPUT reason HIDE_SOFT_INPUT
07-13 00:42:22.830 12391 12391 I ImeTracker: com.example.voxcordis_app:18a8a64e: onRequestShow at ORIGIN_CLIENT_SHOW_SOFT_INPUT reason SHOW_SOFT_INPUT
07-13 00:42:22.830 12391 12391 D InputMethodManager: showSoftInput() view=io.flutter.embedding.android.FlutterView{638bdc3 VFE...... .F...... 0,0-720,1600 #1 aid=1073741824} flags=0 reason=SHOW_SOFT_INPUT
07-13 00:42:22.862 12391 12391 I AssistStructure: Flattened final assist data: 464 bytes, containing 1 windows, 3 views
07-13 00:42:22.881 12391 12391 D InputConnectionAdaptor: The input method toggled cursor monitoring on
07-13 00:42:22.953 12391 12391 D InsetsController: show(ime(), fromIme=true)
07-13 00:42:23.267 12391 12391 I ImeTracker: com.example.voxcordis_app:18a8a64e: onShown
07-13 00:42:30.523 12391 12582 D BLASTBufferQueue: [SurfaceView[com.example.voxcordis_app/com.example.voxcordis_app.MainActivity]#1](f:1,a:4) Can not acquire next buffer (WTC=false), ret=2
07-13 00:42:30.710 12391 12582 D BLASTBufferQueue: [SurfaceView[com.example.voxcordis_app/com.example.voxcordis_app.MainActivity]#1](f:1,a:4) Can not acquire next buffer (WTC=false), ret=2
07-13 00:42:30.727 12391 12582 D BLASTBufferQueue: [SurfaceView[com.example.voxcordis_app/com.example.voxcordis_app.MainActivity]#1](f:1,a:4) Can not acquire next buffer (WTC=false), ret=2
07-13 00:42:31.339 12391 12391 D InputConnectionAdaptor: The input method toggled cursor monitoring off
07-13 00:42:31.365 12391 12391 W WindowOnBackDispatcher: sendCancelIfRunning: isInProgress=falsecallback=ImeCallback=ImeOnBackInvokedCallback@117746886 Callback=android.window.IOnBackInvokedCallback$Stub$Proxy@1b2e859
07-13 00:42:31.667 12391 12391 I ImeTracker: com.example.voxcordis_app:24988df: onRequestHide at ORIGIN_CLIENT_HIDE_SOFT_INPUT reason HIDE_SOFT_INPUT_BY_INSETS_API
07-13 00:42:31.669 12391 12391 I ImeTracker: com.example.voxcordis_app:d72cc093: onHidden
07-13 00:43:00.611 12391 12391 W WindowOnBackDispatcher: OnBackInvokedCallback is not enabled for the application.
07-13 00:43:00.611 12391 12391 W WindowOnBackDispatcher: Set 'android:enableOnBackInvokedCallback="true"' in the application manifest.
07-13 00:43:00.614 12391 12391 I ImeTracker: com.example.voxcordis_app:a7ba541: onRequestHide at ORIGIN_CLIENT_HIDE_SOFT_INPUT reason HIDE_SOFT_INPUT
07-13 00:43:01.481 12391 12391 I ImeTracker: com.example.voxcordis_app:eaf8f4b2: onRequestShow at ORIGIN_CLIENT_SHOW_SOFT_INPUT reason SHOW_SOFT_INPUT
07-13 00:43:01.482 12391 12391 D InputMethodManager: showSoftInput() view=io.flutter.embedding.android.FlutterView{638bdc3 VFE...... .F...... 0,0-720,1600 #1 aid=1073741824} flags=0 reason=SHOW_SOFT_INPUT
07-13 00:43:01.518 12391 12391 I AssistStructure: Flattened final assist data: 484 bytes, containing 1 windows, 3 views
07-13 00:43:01.561 12391 12391 D InputConnectionAdaptor: The input method toggled cursor monitoring on
07-13 00:43:01.606 12391 12391 D InsetsController: show(ime(), fromIme=true)
07-13 00:43:01.946 12391 12391 I ImeTracker: com.example.voxcordis_app:eaf8f4b2: onShown
07-13 00:43:07.472 12391 12391 I ImeTracker: com.example.voxcordis_app:a5834e2a: onRequestShow at ORIGIN_CLIENT_SHOW_SOFT_INPUT reason SHOW_SOFT_INPUT
07-13 00:43:07.472 12391 12391 D InputMethodManager: showSoftInput() view=io.flutter.embedding.android.FlutterView{638bdc3 VFE...... .F...... 0,0-720,1600 #1 aid=1073741824} flags=0 reason=SHOW_SOFT_INPUT
07-13 00:43:07.498 12391 12391 D InputConnectionAdaptor: The input method toggled cursor monitoring on
07-13 00:43:07.500 12391 12391 I AssistStructure: Flattened final assist data: 464 bytes, containing 1 windows, 3 views
07-13 00:43:07.524 12391 12391 D InputConnectionAdaptor: The input method toggled cursor monitoring off
07-13 00:43:07.536 12391 12391 D InputConnectionAdaptor: The input method toggled cursor monitoring on
07-13 00:43:07.544 12391 12391 D InsetsController: show(ime(), fromIme=true)
07-13 00:43:07.544 12391 12391 I ImeTracker: com.example.voxcordis_app:a5834e2a: onCancelled at PHASE_CLIENT_APPLY_ANIMATION
07-13 00:43:16.988 12391 12391 D InputConnectionAdaptor: The input method toggled cursor monitoring off
07-13 00:43:16.989 12391 12391 W WindowOnBackDispatcher: sendCancelIfRunning: isInProgress=falsecallback=ImeCallback=ImeOnBackInvokedCallback@117746886 Callback=android.window.IOnBackInvokedCallback$Stub$Proxy@9e1b194
07-13 00:43:17.325 12391 12391 I ImeTracker: com.example.voxcordis_app:f7107e95: onRequestHide at ORIGIN_CLIENT_HIDE_SOFT_INPUT reason HIDE_SOFT_INPUT_BY_INSETS_API
07-13 00:43:17.328 12391 12391 I ImeTracker: com.example.voxcordis_app:405772fe: onHidden
07-13 00:43:49.351 12391 12391 W WindowOnBackDispatcher: OnBackInvokedCallback is not enabled for the application.
07-13 00:43:49.351 12391 12391 W WindowOnBackDispatcher: Set 'android:enableOnBackInvokedCallback="true"' in the application manifest.
07-13 00:43:49.353 12391 12391 I ImeTracker: com.example.voxcordis_app:91e533ae: onRequestHide at ORIGIN_CLIENT_HIDE_SOFT_INPUT reason HIDE_SOFT_INPUT
07-13 00:43:50.834 12391 12391 I ImeTracker: com.example.voxcordis_app:c2ee5e3b: onRequestShow at ORIGIN_CLIENT_SHOW_SOFT_INPUT reason SHOW_SOFT_INPUT
07-13 00:43:50.834 12391 12391 D InputMethodManager: showSoftInput() view=io.flutter.embedding.android.FlutterView{638bdc3 VFE...... .F...... 0,0-720,1600 #1 aid=1073741824} flags=0 reason=SHOW_SOFT_INPUT
07-13 00:43:50.883 12391 12391 I AssistStructure: Flattened final assist data: 456 bytes, containing 1 windows, 3 views
07-13 00:43:50.902 12391 12391 D InputConnectionAdaptor: The input method toggled cursor monitoring on
07-13 00:43:50.968 12391 12391 D InsetsController: show(ime(), fromIme=true)
07-13 00:43:51.276 12391 12391 I ImeTracker: com.example.voxcordis_app:c2ee5e3b: onShown
07-13 00:43:58.719 12391 12391 I ImeTracker: com.example.voxcordis_app:1e9a4aeb: onRequestShow at ORIGIN_CLIENT_SHOW_SOFT_INPUT reason SHOW_SOFT_INPUT
07-13 00:43:58.719 12391 12391 D InputMethodManager: showSoftInput() view=io.flutter.embedding.android.FlutterView{638bdc3 VFE...... .F...... 0,0-720,1600 #1 aid=1073741824} flags=0 reason=SHOW_SOFT_INPUT
07-13 00:43:58.735 12391 12391 I ImeTracker: com.example.voxcordis_app:fda88908: onRequestShow at ORIGIN_CLIENT_SHOW_SOFT_INPUT reason SHOW_SOFT_INPUT
07-13 00:43:58.735 12391 12391 D InputMethodManager: showSoftInput() view=io.flutter.embedding.android.FlutterView{638bdc3 VFE...... .F...... 0,0-720,1600 #1 aid=1073741824} flags=0 reason=SHOW_SOFT_INPUT
07-13 00:43:58.744 12391 12391 D InputConnectionAdaptor: The input method toggled cursor monitoring on
07-13 00:43:58.746 12391 12391 I AssistStructure: Flattened final assist data: 456 bytes, containing 1 windows, 3 views
07-13 00:43:58.795 12391 12391 D InputConnectionAdaptor: The input method toggled cursor monitoring off
07-13 00:43:58.806 12391 12391 D InputConnectionAdaptor: The input method toggled cursor monitoring on
07-13 00:43:58.806 12391 12391 D InsetsController: show(ime(), fromIme=true)
07-13 00:43:58.807 12391 12391 I ImeTracker: com.example.voxcordis_app:1e9a4aeb: onCancelled at PHASE_CLIENT_APPLY_ANIMATION
07-13 00:43:58.822 12391 12391 D InsetsController: show(ime(), fromIme=true)
07-13 00:43:58.822 12391 12391 I ImeTracker: com.example.voxcordis_app:fda88908: onCancelled at PHASE_CLIENT_APPLY_ANIMATION
07-13 00:44:03.036 12391 12391 I ImeTracker: com.example.voxcordis_app:aa2e7e3d: onRequestShow at ORIGIN_CLIENT_SHOW_SOFT_INPUT reason SHOW_SOFT_INPUT
07-13 00:44:03.036 12391 12391 D InputMethodManager: showSoftInput() view=io.flutter.embedding.android.FlutterView{638bdc3 VFE...... .F...... 0,0-720,1600 #1 aid=1073741824} flags=0 reason=SHOW_SOFT_INPUT
07-13 00:44:03.073 12391 12391 I ImeTracker: com.example.voxcordis_app:fb233ab: onRequestShow at ORIGIN_CLIENT_SHOW_SOFT_INPUT reason SHOW_SOFT_INPUT
07-13 00:44:03.074 12391 12391 D InputMethodManager: showSoftInput() view=io.flutter.embedding.android.FlutterView{638bdc3 VFE...... .F...... 0,0-720,1600 #1 aid=1073741824} flags=0 reason=SHOW_SOFT_INPUT
07-13 00:44:03.076 12391 12391 D InputConnectionAdaptor: The input method toggled cursor monitoring on
07-13 00:44:03.094 12391 12391 I AssistStructure: Flattened final assist data: 484 bytes, containing 1 windows, 3 views
07-13 00:44:03.108 12391 12391 D InputConnectionAdaptor: The input method toggled cursor monitoring off
07-13 00:44:03.112 12391 12391 D InputConnectionAdaptor: The input method toggled cursor monitoring on
07-13 00:44:03.122 12391 12391 D InsetsController: show(ime(), fromIme=true)
07-13 00:44:03.123 12391 12391 I ImeTracker: com.example.voxcordis_app:aa2e7e3d: onCancelled at PHASE_CLIENT_APPLY_ANIMATION
07-13 00:44:03.130 12391 12391 D InsetsController: show(ime(), fromIme=true)
07-13 00:44:03.130 12391 12391 I ImeTracker: com.example.voxcordis_app:fb233ab: onCancelled at PHASE_CLIENT_APPLY_ANIMATION
07-13 00:44:13.042 12391 12391 I ImeTracker: com.example.voxcordis_app:cd6918d: onRequestShow at ORIGIN_CLIENT_SHOW_SOFT_INPUT reason SHOW_SOFT_INPUT
07-13 00:44:13.043 12391 12391 D InputMethodManager: showSoftInput() view=io.flutter.embedding.android.FlutterView{638bdc3 VFE...... .F...... 0,0-720,1600 #1 aid=1073741824} flags=0 reason=SHOW_SOFT_INPUT
07-13 00:44:13.063 12391 12391 I ImeTracker: com.example.voxcordis_app:9db0a9ee: onRequestShow at ORIGIN_CLIENT_SHOW_SOFT_INPUT reason SHOW_SOFT_INPUT
07-13 00:44:13.063 12391 12391 D InputMethodManager: showSoftInput() view=io.flutter.embedding.android.FlutterView{638bdc3 VFE...... .F...... 0,0-720,1600 #1 aid=1073741824} flags=0 reason=SHOW_SOFT_INPUT
07-13 00:44:13.083 12391 12391 D InputConnectionAdaptor: The input method toggled cursor monitoring on
07-13 00:44:13.085 12391 12391 I AssistStructure: Flattened final assist data: 464 bytes, containing 1 windows, 3 views
07-13 00:44:13.107 12391 12391 D InputConnectionAdaptor: The input method toggled cursor monitoring off
07-13 00:44:13.111 12391 12391 D InputConnectionAdaptor: The input method toggled cursor monitoring on
07-13 00:44:13.124 12391 12391 D InsetsController: show(ime(), fromIme=true)
07-13 00:44:13.124 12391 12391 I ImeTracker: com.example.voxcordis_app:cd6918d: onCancelled at PHASE_CLIENT_APPLY_ANIMATION
07-13 00:44:13.131 12391 12391 D InsetsController: show(ime(), fromIme=true)
07-13 00:44:13.132 12391 12391 I ImeTracker: com.example.voxcordis_app:9db0a9ee: onCancelled at PHASE_CLIENT_APPLY_ANIMATION
07-13 00:44:17.203 12391 12391 I ImeTracker: com.example.voxcordis_app:4400c341: onRequestShow at ORIGIN_CLIENT_SHOW_SOFT_INPUT reason SHOW_SOFT_INPUT
07-13 00:44:17.204 12391 12391 D InputMethodManager: showSoftInput() view=io.flutter.embedding.android.FlutterView{638bdc3 VFE...... .F...... 0,0-720,1600 #1 aid=1073741824} flags=0 reason=SHOW_SOFT_INPUT
07-13 00:44:17.222 12391 12391 I ImeTracker: com.example.voxcordis_app:430b8868: onRequestShow at ORIGIN_CLIENT_SHOW_SOFT_INPUT reason SHOW_SOFT_INPUT
07-13 00:44:17.222 12391 12391 D InputMethodManager: showSoftInput() view=io.flutter.embedding.android.FlutterView{638bdc3 VFE...... .F...... 0,0-720,1600 #1 aid=1073741824} flags=0 reason=SHOW_SOFT_INPUT
07-13 00:44:17.232 12391 12391 D InputConnectionAdaptor: The input method toggled cursor monitoring on
07-13 00:44:17.245 12391 12391 I AssistStructure: Flattened final assist data: 464 bytes, containing 1 windows, 3 views
07-13 00:44:17.275 12391 12391 D InputConnectionAdaptor: The input method toggled cursor monitoring off
07-13 00:44:17.279 12391 12391 D InputConnectionAdaptor: The input method toggled cursor monitoring on
07-13 00:44:17.281 12391 12391 D InsetsController: show(ime(), fromIme=true)
07-13 00:44:17.281 12391 12391 I ImeTracker: com.example.voxcordis_app:4400c341: onCancelled at PHASE_CLIENT_APPLY_ANIMATION
07-13 00:44:17.297 12391 12391 D InsetsController: show(ime(), fromIme=true)
07-13 00:44:17.298 12391 12391 I ImeTracker: com.example.voxcordis_app:430b8868: onCancelled at PHASE_CLIENT_APPLY_ANIMATION
07-13 00:44:22.353 12391 12582 D BLASTBufferQueue: [SurfaceView[com.example.voxcordis_app/com.example.voxcordis_app.MainActivity]#1](f:1,a:4) Can not acquire next buffer (WTC=false), ret=2
07-13 00:44:24.629 12391 12391 D InputConnectionAdaptor: The input method toggled cursor monitoring off
07-13 00:44:24.631 12391 12391 W WindowOnBackDispatcher: sendCancelIfRunning: isInProgress=falsecallback=ImeCallback=ImeOnBackInvokedCallback@117746886 Callback=android.window.IOnBackInvokedCallback$Stub$Proxy@dac36de
07-13 00:44:24.952 12391 12391 I ImeTracker: com.example.voxcordis_app:250591cf: onRequestHide at ORIGIN_CLIENT_HIDE_SOFT_INPUT reason HIDE_SOFT_INPUT_BY_INSETS_API
07-13 00:44:24.954 12391 12391 I ImeTracker: com.example.voxcordis_app:358dbdd7: onHidden
07-13 00:44:42.443 12391 12582 D BLASTBufferQueue: [SurfaceView[com.example.voxcordis_app/com.example.voxcordis_app.MainActivity]#1](f:1,a:4) Can not acquire next buffer (WTC=false), ret=2
07-13 00:44:53.658 12391 12391 W WindowOnBackDispatcher: OnBackInvokedCallback is not enabled for the application.
07-13 00:44:53.658 12391 12391 W WindowOnBackDispatcher: Set 'android:enableOnBackInvokedCallback="true"' in the application manifest.
07-13 00:44:53.664 12391 12391 I ImeTracker: com.example.voxcordis_app:ff148d98: onRequestHide at ORIGIN_CLIENT_HIDE_SOFT_INPUT reason HIDE_SOFT_INPUT
07-13 00:44:55.341 12391 12391 I ImeTracker: com.example.voxcordis_app:8a0e8cb3: onRequestShow at ORIGIN_CLIENT_SHOW_SOFT_INPUT reason SHOW_SOFT_INPUT
07-13 00:44:55.341 12391 12391 D InputMethodManager: showSoftInput() view=io.flutter.embedding.android.FlutterView{638bdc3 VFE...... .F...... 0,0-720,1600 #1 aid=1073741824} flags=0 reason=SHOW_SOFT_INPUT
07-13 00:44:55.392 12391 12391 I AssistStructure: Flattened final assist data: 484 bytes, containing 1 windows, 3 views
07-13 00:44:55.626 12391 12391 D InputConnectionAdaptor: The input method toggled cursor monitoring on
07-13 00:44:55.734 12391 12391 D InsetsController: show(ime(), fromIme=true)
07-13 00:44:56.070 12391 12391 I ImeTracker: com.example.voxcordis_app:8a0e8cb3: onShown
07-13 00:45:00.998 12391 12391 I ImeTracker: com.example.voxcordis_app:7977fe9: onRequestShow at ORIGIN_CLIENT_SHOW_SOFT_INPUT reason SHOW_SOFT_INPUT
07-13 00:45:00.998 12391 12391 D InputMethodManager: showSoftInput() view=io.flutter.embedding.android.FlutterView{638bdc3 VFE...... .F...... 0,0-720,1600 #1 aid=1073741824} flags=0 reason=SHOW_SOFT_INPUT
07-13 00:45:01.032 12391 12391 D InputConnectionAdaptor: The input method toggled cursor monitoring on
07-13 00:45:01.041 12391 12391 I AssistStructure: Flattened final assist data: 464 bytes, containing 1 windows, 3 views
07-13 00:45:01.070 12391 12391 D InputConnectionAdaptor: The input method toggled cursor monitoring off
07-13 00:45:01.070 12391 12391 D InputConnectionAdaptor: The input method toggled cursor monitoring on
07-13 00:45:01.082 12391 12391 D InsetsController: show(ime(), fromIme=true)
07-13 00:45:01.083 12391 12391 I ImeTracker: com.example.voxcordis_app:7977fe9: onCancelled at PHASE_CLIENT_APPLY_ANIMATION
07-13 00:45:08.288 12391 12391 D InputConnectionAdaptor: The input method toggled cursor monitoring off
07-13 00:45:08.298 12391 12391 W WindowOnBackDispatcher: sendCancelIfRunning: isInProgress=falsecallback=ImeCallback=ImeOnBackInvokedCallback@117746886 Callback=android.window.IOnBackInvokedCallback$Stub$Proxy@8b1aff1
07-13 00:45:08.652 12391 12391 I ImeTracker: com.example.voxcordis_app:f04722a0: onRequestHide at ORIGIN_CLIENT_HIDE_SOFT_INPUT reason HIDE_SOFT_INPUT_BY_INSETS_API
07-13 00:45:08.654 12391 12391 I ImeTracker: com.example.voxcordis_app:23541fab: onHidden
07-13 00:45:11.838 12391 12391 W WindowOnBackDispatcher: OnBackInvokedCallback is not enabled for the application.
07-13 00:45:11.838 12391 12391 W WindowOnBackDispatcher: Set 'android:enableOnBackInvokedCallback="true"' in the application manifest.
07-13 00:45:11.877 12391 12391 I ImeTracker: com.example.voxcordis_app:3ae8f144: onRequestHide at ORIGIN_CLIENT_HIDE_SOFT_INPUT reason HIDE_SOFT_INPUT
07-13 00:45:15.487 12391 12391 W WindowOnBackDispatcher: OnBackInvokedCallback is not enabled for the application.
07-13 00:45:15.487 12391 12391 W WindowOnBackDispatcher: Set 'android:enableOnBackInvokedCallback="true"' in the application manifest.
07-13 00:45:19.240 12391 12391 W WindowOnBackDispatcher: OnBackInvokedCallback is not enabled for the application.
07-13 00:45:19.240 12391 12391 W WindowOnBackDispatcher: Set 'android:enableOnBackInvokedCallback="true"' in the application manifest.
07-13 00:45:23.015 12391 12391 D CompatibilityChangeReporter: Compat change id reported: 78294732; UID 10357; state: ENABLED
07-13 00:45:23.341 12391 12391 W AidlConversionCppNdk: aidl2legacy_AudioChannelLayout_audio_channel_mask_t: no legacy output audio_channel_mask_t found for AudioChannelLayout{layoutMask: 16}
07-13 00:45:23.419 12391 15363 I AudioRecord: set(): inputSource 0, sampleRate 16000, format 0x1, channelMask 0x10, frameCount 2560, notificationFrames 0, sessionId 0, transferType 0, flags 0, attributionSource AttributionSourceState{pid: 12391, uid: 10357, packageName: com.example.voxcordis_app, attributionTag: (null), token: binder:0xb400007eaa495600, renouncedPermissions: [], next: []}uid -1, pid -1
07-13 00:45:23.419 12391 15363 I AudioRecord: Set mSessionId:0 app name:com.example.voxcordis_app 
07-13 00:45:23.505 12391 15363 D CompatibilityChangeReporter: Compat change id reported: 263076149; UID 10357; state: ENABLED
07-13 00:45:23.519 12391 15362 W AidlConversionCppNdk: aidl2legacy_AudioChannelLayout_audio_channel_mask_t: no legacy output audio_channel_mask_t found for AudioChannelLayout{layoutMask: 16}
07-13 00:45:23.559 12391 15363 I AudioRecord: start(6879): sync event 0 trigger session 0
07-13 00:45:23.559 12391 15363 I AudioRecord: start mClientAttributionSource.uid:10357 mClientAttributionSource.pid:12391  mSessionId:373873 app name:com.example.voxcordis_app 
07-13 00:45:23.611 12391 15362 W AidlConversionCppNdk: aidl2legacy_AudioChannelLayout_audio_channel_mask_t: no legacy output audio_channel_mask_t found for AudioChannelLayout{layoutMask: 16}
07-13 00:45:26.707 12391 15363 I AudioRecord: stop mClientAttributionSource.uid:10357 mClientAttributionSource.pid:12391  mSessionId:373873 app name:com.example.voxcordis_app 
07-13 00:45:26.730 12391 15363 D AudioRecord: destructor portId(6879)
07-13 00:45:26.731 12391 15363 I AudioRecord: Release mSessionId:373873 app name:com.example.voxcordis_app 
07-13 00:45:26.739 12391 15362 W AidlConversionCppNdk: aidl2legacy_AudioChannelLayout_audio_channel_mask_t: no legacy output audio_channel_mask_t found for AudioChannelLayout{layoutMask: 16}
07-13 00:45:26.819 12391 15362 W AidlConversionCppNdk: aidl2legacy_AudioChannelLayout_audio_channel_mask_t: no legacy output audio_channel_mask_t found for AudioChannelLayout{layoutMask: 16}
07-13 00:45:26.900 12391 15362 W AidlConversionCppNdk: aidl2legacy_AudioChannelLayout_audio_channel_mask_t: no legacy output audio_channel_mask_t found for AudioChannelLayout{layoutMask: 16}
07-13 00:46:57.448 12391 12391 W WindowOnBackDispatcher: OnBackInvokedCallback is not enabled for the application.
07-13 00:46:57.448 12391 12391 W WindowOnBackDispatcher: Set 'android:enableOnBackInvokedCallback="true"' in the application manifest.
07-13 00:47:02.858 12391 16534 I AudioRecord: set(): inputSource 0, sampleRate 16000, format 0x1, channelMask 0x10, frameCount 2560, notificationFrames 0, sessionId 0, transferType 0, flags 0, attributionSource AttributionSourceState{pid: 12391, uid: 10357, packageName: com.example.voxcordis_app, attributionTag: (null), token: binder:0xb400007d7735bf00, renouncedPermissions: [], next: []}uid -1, pid -1
07-13 00:47:02.858 12391 16534 I AudioRecord: Set mSessionId:0 app name:com.example.voxcordis_app 
07-13 00:47:02.961 12391 15362 W AidlConversionCppNdk: aidl2legacy_AudioChannelLayout_audio_channel_mask_t: no legacy output audio_channel_mask_t found for AudioChannelLayout{layoutMask: 16}
07-13 00:47:02.981 12391 16534 I AudioRecord: start(6882): sync event 0 trigger session 0
07-13 00:47:02.982 12391 16534 I AudioRecord: start mClientAttributionSource.uid:10357 mClientAttributionSource.pid:12391  mSessionId:373881 app name:com.example.voxcordis_app 
07-13 00:47:03.036 12391 15362 W AidlConversionCppNdk: aidl2legacy_AudioChannelLayout_audio_channel_mask_t: no legacy output audio_channel_mask_t found for AudioChannelLayout{layoutMask: 16}
07-13 00:47:04.498 12391 12397 I e.voxcordis_app: Background young concurrent mark compact GC freed 2581KB AllocSpace bytes, 0(0B) LOS objects, 47% free, 2818KB/5413KB, paused 234us,7.335ms total 46.178ms
07-13 00:47:06.120 12391 16534 I AudioRecord: stop mClientAttributionSource.uid:10357 mClientAttributionSource.pid:12391  mSessionId:373881 app name:com.example.voxcordis_app 
07-13 00:47:06.135 12391 16534 D AudioRecord: destructor portId(6882)
07-13 00:47:06.137 12391 16534 I AudioRecord: Release mSessionId:373881 app name:com.example.voxcordis_app 
07-13 00:47:06.152 12391 15362 W AidlConversionCppNdk: aidl2legacy_AudioChannelLayout_audio_channel_mask_t: no legacy output audio_channel_mask_t found for AudioChannelLayout{layoutMask: 16}
07-13 00:47:06.231 12391 15362 W AidlConversionCppNdk: aidl2legacy_AudioChannelLayout_audio_channel_mask_t: no legacy output audio_channel_mask_t found for AudioChannelLayout{layoutMask: 16}
07-13 00:47:06.316 12391 15362 W AidlConversionCppNdk: aidl2legacy_AudioChannelLayout_audio_channel_mask_t: no legacy output audio_channel_mask_t found for AudioChannelLayout{layoutMask: 16}
