07-13 00:55:43.388 V/BroadcastQueue( 4613): Enqueuing BroadcastRecord{e6a2409 Intent { flg=0x10 cmp=com.instagram.android/com.instagram.util.startup.appwarmer.KeepWarmReceiver (has extras) }/u0} from uid 10235 pid 20686 for 1 receivers
07-13 00:55:43.392 I/libprocessgroup( 4613): Successfully killed process cgroup uid 10128 pid 22079 in 9ms
07-13 00:55:43.412 I/NearbySharing(26743): Network state changed: NetworkState(isRestricted=false, isOnline=true, isCongested=false, isMetered=false, isWifiConnected=true)
07-13 00:55:43.413 I/NearbySharing(26743): Network state changed: NetworkState(isRestricted=false, isOnline=true, isCongested=false, isMetered=false, isWifiConnected=true)
07-13 00:55:43.484 D/CompetitionModeConfig( 4613): sys.apm.competition_mode_config is not support!
07-13 00:55:43.484 D/os.ActivityManagerServiceLice( 4613): make process inactive com.google.android.apps.messaging(22079)
07-13 00:55:43.485 D/ConnectivityService( 4613): releasing NetworkRequest [ REQUEST id=104630, [ Capabilities: INTERNET&NOT_RESTRICTED&TRUSTED&NOT_VCN_MANAGED Uid: 10128 RequestorUid: 10128 RequestorPkg: com.google.android.apps.messaging UnderlyingNetworks: Null] ] (release request)
07-13 00:55:43.485 D/DisplayManagerService( 4613): Drop pending events for gone uid 10128
07-13 00:55:43.492 I/Zygote  ( 4469): Process 22079 exited due to signal 9 (Killed)
07-13 00:55:43.586 I/stagram.android(20686): CollectorTransition concurrent mark compact GC freed 544KB AllocSpace bytes, 0(0B) LOS objects, 62% free, 14MB/38MB, paused 1.542ms,7.740ms total 205.235ms
07-13 00:55:43.588 D/TranWifiTputMonitor( 4613): WIFI: TX: 13 RX: 19 TOTAL = 32
07-13 00:55:43.589 D/TranWifiTputMonitor( 4613): High Tput: false, TOTAL TPUT: 32
07-13 00:55:43.795 I/phonemaster_log(22447): HiManager_AppReceiverWork: onReceive  action :android.intent.action.PACKAGE_REMOVED
07-13 00:55:43.795 I/phonemaster_log(22447): HiManager_AppReceiverWork: onReceive  action :android.intent.action.PACKAGE_ADDED
07-13 00:55:43.795 I/phonemaster_log(22447): HiManager_AppReceiverWork: onReceive  EXTRA_STATUS :0
07-13 00:55:43.795 I/phonemaster_log(22447): HiManager_AppReceiverWork: onReceive  EXTRA_STATUS :0
07-13 00:55:43.795 I/phonemaster_log(22447): HiManager_AppReceiverWork: onReceive  EXTRA_STATUS_MESSAGE :null
07-13 00:55:43.795 I/phonemaster_log(22447): HiManager_AppReceiverWork: onReceive  获取正在安装的 包名 :null
07-13 00:55:43.795 I/phonemaster_log(22447): HiManager_AppReceiverWork: onReceive  EXTRA_STATUS_MESSAGE :null
07-13 00:55:43.795 I/phonemaster_log(22447): HiManager_AppReceiverWork: onReceive   pkgName:com.example.voxcordis_app
07-13 00:55:43.795 I/phonemaster_log(22447): HiManager_AppReceiverWork: onReceive  获取正在安装的 包名 :null
07-13 00:55:43.795 I/phonemaster_log(22447): HiManager_AppReceiverWork: onReceive   pkgName:com.example.voxcordis_app
07-13 00:55:43.798 I/phonemaster_log(22447): HiManager_LauncherInstallUtil: firstInstallTime    1783901937148  lastUpdateTime  1783904136022
07-13 00:55:43.802 D/phonemaster_log(22447): HiManager_AppReceiverWork: uninstall pkg: com.example.voxcordis_app
07-13 00:55:43.814 D/phonemaster_log(22447): HiManager_AppReceiverWork: onReceive from = null
07-13 00:55:43.817 D/phonemaster_log(22447): HiManager_GdprHelper: gdpr has shown
07-13 00:55:43.820 I/phonemaster_log(22447): HiManager_AppReceiverWork: doRiskAppScan, pkgName:com.example.voxcordis_app, reason:
07-13 00:55:43.820 D/phonemaster_log(22447): HiManager_RiskAppScanUtils: startRiskAppScanResultDialogActivity pkgName=com.example.voxcordis_app source=phonemaster state=1
07-13 00:55:43.832 D/phonemaster_log(22447): HiManager_LauncherInstallUtils: app_install_complete:  getConfigList =  [{"appPkg":"com.example.voxcordis_app","appSize":0,"isShown":false,"level":0,"order":0,"psVersion":0,"scanResult":0,"scanTime":1783903258286,"shownTime":0,"source":"phonemaster","uninstallFlag":false,"version":1}]
07-13 00:55:43.835 D/phonemaster_log(22447): HiManager_RiskAppScanUtils: checkPkgVersionInBlackList: com.example.voxcordis_app is not in black list
07-13 00:55:43.835 D/phonemaster_log(22447): HiManager_RiskAppScanUtils: ---mikeyu install_scan_start
07-13 00:55:43.843 D/CompetitionModeConfig( 4613): sys.apm.competition_mode_config is not support!
07-13 00:55:43.847 D/os.permission.PermissionInfo( 4613): checkPermission 10124:android.permission.POST_NOTIFICATIONS:false
07-13 00:55:43.870 D/os.permission.PermissionInfo( 4613): checkPermission 10124:android.permission.INTERACT_ACROSS_USERS_FULL:false
07-13 00:55:43.975 D/ProfileInstaller(22447): Installing profile for com.transsion.phonemaster
07-13 00:55:44.135 D/TranSignalStrengthComponentImpl( 4916): [LTE] dbm: -96
07-13 00:55:44.135 D/TranSignalStrengthComponentImpl( 4916): [LTE] dbm: -96
07-13 00:55:44.137 I/TranPhoneInterfaceManager( 4916): MPSTCB - onSignalStrengthsChanged
07-13 00:55:44.137 D/TranPhoneInterfaceManager( 4916): [onSignalStrengthsChanged]
07-13 00:55:44.138 D/TranSmartAllocController( 4916): mDefaultDataSubId = 2  subId = 2
07-13 00:55:44.138 D/TranSmartAllocController( 4916): mSupport = true  mBwAllocEnable = false mSimReady =true  mScreenOn =true
07-13 00:55:44.139 D/TranSignalStrengthComponentImpl(20686): [LTE] dbm: -96
07-13 00:55:44.139 D/TranSignalStrengthComponentImpl(22781): [LTE] dbm: -96
07-13 00:55:44.139 D/TranSmartAllocController( 4916): mDataAvailable = false  mInService = true  cellSignalStrengthList = [CellSignalStrengthLte: rssi=-51 rsrp=-96 rsrq=-15 rssnr=7 cqiTableIndex=2147483647 cqi=2147483647 ta=2147483647 level=4 parametersUseForLevel=0]
07-13 00:55:44.140 D/TranSignalStrengthComponentImpl( 4613): [LTE] dbm: -96
07-13 00:55:44.141 D/StatusBarIconController( 5105): ignoring old pipeline callbacks, because the new mobile icons are enabled
07-13 00:55:44.141 D/ActivityManager( 4613): Skip enqueue broadcast because no receiver with Intent { act=android.intent.action.SIG_STR flg=0x10 (has extras) }
07-13 00:55:44.142 D/UpLinkDataController( 4916): onSignalStrengthsChanged
07-13 00:55:44.144 D/UpLinkDataController( 4916): IdleState.processMessage:2
07-13 00:55:44.148 W/facebook.katana(22781): JNI RegisterNativeMethods: attempt to register 0 native methods for com.facebook.traffic.nts.providers.reachability.ReachabilityV2ProviderAppLayerUpcallsImpl
07-13 00:55:44.151 D/ConnectivityService( 4613): requestNetwork for uid/pid:10244/22781 activeRequest: null callbackRequest: 104652 [NetworkRequest [ REQUEST id=104653, [ Capabilities: INTERNET&NOT_RESTRICTED&TRUSTED&NOT_VCN_MANAGED Uid: 10244 RequestorUid: 10244 RequestorPkg: com.facebook.katana UnderlyingNetworks: Null] ]] callback flags: 0 order: 2147483647
07-13 00:55:44.155 D/WifiNetworkFactory( 4613): got request NetworkRequest [ REQUEST id=104653, [ Capabilities: INTERNET&NOT_RESTRICTED&TRUSTED&NOT_VCN_MANAGED Uid: 10244 RequestorUid: 10244 RequestorPkg: com.facebook.katana UnderlyingNetworks: Null] ]
07-13 00:55:44.156 D/UntrustedWifiNetworkFactory( 4613): got request NetworkRequest [ REQUEST id=104653, [ Capabilities: INTERNET&NOT_RESTRICTED&TRUSTED&NOT_VCN_MANAGED Uid: 10244 RequestorUid: 10244 RequestorPkg: com.facebook.katana UnderlyingNetworks: Null] ]
07-13 00:55:44.156 D/OemPaidWifiNetworkFactory( 4613): got request NetworkRequest [ REQUEST id=104653, [ Capabilities: INTERNET&NOT_RESTRICTED&TRUSTED&NOT_VCN_MANAGED Uid: 10244 RequestorUid: 10244 RequestorPkg: com.facebook.katana UnderlyingNetworks: Null] ]
07-13 00:55:44.156 D/ConnectivityService( 4613): NetReassign [104653 : null → 474] [c 0] [a 1] [i 3]
07-13 00:55:44.156 D/MultiInternetWifiNetworkFactory( 4613): got request NetworkRequest [ REQUEST id=104653, [ Capabilities: INTERNET&NOT_RESTRICTED&TRUSTED&NOT_VCN_MANAGED Uid: 10244 RequestorUid: 10244 RequestorPkg: com.facebook.katana UnderlyingNetworks: Null] ]
07-13 00:55:44.174 W/fb4a.AppInitScheduler|Run(22781): DeadlockMonitor exiting.
07-13 00:55:44.225 D/BoundBrokerSvc(26743): onUnbind: Intent { act=com.google.android.gms.common.telemetry.service.START dat=chimera-action:/... cmp=com.google.android.gms/.chimera.PersistentApiService }
07-13 00:55:44.410 D/CompetitionModeConfig( 4613): sys.apm.competition_mode_config is not support!
07-13 00:55:44.412 D/CompetitionModeConfig( 4613): sys.apm.competition_mode_config is not support!
07-13 00:55:44.413 V/BroadcastQueue( 4613): Enqueuing BroadcastRecord{67318d4 Intent { flg=0x10 cmp=com.instagram.android/com.instagram.util.startup.appwarmer.KeepWarmReceiver (has extras) }/u0} from uid 10235 pid 20686 for 1 receivers
07-13 00:55:44.455 W/TelephonyPermissions( 4613): reportAccessDeniedToReadIdentifiers:com.transsion.phonemaster:getSerial:-1
07-13 00:55:44.465 W/Athena-Worker(22447): type=1400 audit(0.0:1126809): avc:  denied  { read } for  name="u:object_r:serialno_prop:s0" dev="tmpfs" ino=360 scontext=u:r:untrusted_app:s0:c188,c256,c512,c768 tcontext=u:object_r:serialno_prop:s0 tclass=file permissive=0 app=com.openai.chatgpt
07-13 00:55:44.467 W/libc    (22447): Access denied finding property "ro.serialno"
07-13 00:55:44.474 W/TelephonyPermissions( 4916): reportAccessDeniedToReadIdentifiers:com.transsion.phonemaster:getAllSubInfoList:1
07-13 00:55:44.480 W/TelephonyPermissions( 4916): reportAccessDeniedToReadIdentifiers:com.transsion.phonemaster:getAllSubInfoList:2
07-13 00:55:44.610 I/stagram.android(20686): CollectorTransition concurrent mark compact GC freed 352KB AllocSpace bytes, 0(0B) LOS objects, 62% free, 14MB/38MB, paused 1.547ms,7.800ms total 201.147ms
07-13 00:55:44.688 W/System  (22447): A resource failed to call close. 
07-13 00:55:44.688 W/System  (22447): A resource failed to call close. 
07-13 00:55:44.688 W/System  (22447): A resource failed to call close. 
07-13 00:55:44.689 W/System  (22447): A resource failed to call close. 
07-13 00:55:44.689 W/System  (22447): A resource failed to call close. 
07-13 00:55:44.689 W/System  (22447): A resource failed to call close. 
07-13 00:55:44.689 W/System  (22447): A resource failed to call close. 
07-13 00:55:44.689 W/System  (22447): A resource failed to call close. 
07-13 00:55:44.689 W/System  (22447): A resource failed to call close. 
07-13 00:55:44.689 W/System  (22447): A resource failed to call close. 
07-13 00:55:44.690 W/System  (22447): A resource failed to call close. 
07-13 00:55:44.690 W/System  (22447): A resource failed to call close. 
07-13 00:55:44.691 W/System  (22447): A resource failed to call close. 
07-13 00:55:44.691 W/System  (22447): A resource failed to call close. 
07-13 00:55:44.691 W/System  (22447): A resource failed to call close. 
07-13 00:55:44.691 W/System  (22447): A resource failed to call close. 
07-13 00:55:45.157 W/fb4a.MultiSignalANRDetectorLacrima(22781): Pausing error state checks
07-13 00:55:45.420 D/CompetitionModeConfig( 4613): sys.apm.competition_mode_config is not support!
07-13 00:55:45.422 D/CompetitionModeConfig( 4613): sys.apm.competition_mode_config is not support!
07-13 00:55:45.424 V/BroadcastQueue( 4613): Enqueuing BroadcastRecord{a52ee40 Intent { flg=0x10 cmp=com.instagram.android/com.instagram.util.startup.appwarmer.KeepWarmReceiver (has extras) }/u0} from uid 10235 pid 20686 for 1 receivers
07-13 00:55:45.565 D/nativeloader(22684): Load /data/app/~~cHmY8WAUKvlmqYrreyZOCA==/com.transsion.phoenix-70tS0f0k4RBtIhEHx1PJNw==/split_config.arm64_v8a.apk!/lib/arm64-v8a/libmmkv.so using class loader ns clns-5 (caller=/data/app/~~cHmY8WAUKvlmqYrreyZOCA==/com.transsion.phoenix-70tS0f0k4RBtIhEHx1PJNw==/base.apk!classes2.dex): ok
07-13 00:55:45.610 D/CompatibilityChangeReporter( 4613): Compat change id reported: 182734110; UID 10144; state: ENABLED
07-13 00:55:45.707 I/stagram.android(20686): CollectorTransition concurrent mark compact GC freed 288KB AllocSpace bytes, 0(0B) LOS objects, 62% free, 14MB/38MB, paused 2.409ms,10.520ms total 286.710ms
07-13 00:55:45.819 D/AlarmManagerService( 4613): set alarm to kernel: 720310.561000000, type=2 
07-13 00:55:45.819 D/AlarmManagerService( 4613): set alarm to kernel: 720067.974000000, type=3 
07-13 00:55:45.912 D/ActivityManager( 4613): Skip enqueue broadcast because no receiver with Intent { act=android.net.wifi.RSSI_CHANGED flg=0x4000010 (has extras) }
07-13 00:55:45.917 D/ReliableDetectionController( 4916): [isNetworkConnected] capabilities:[ Transports: WIFI Capabilities: NOT_METERED&INTERNET&NOT_RESTRICTED&TRUSTED&NOT_VPN&VALIDATED&NOT_ROAMING&FOREGROUND&NOT_CONGESTED&NOT_SUSPENDED&NOT_VCN_MANAGED LinkUpBandwidth>=7121Kbps LinkDnBandwidth>=17898Kbps TransportInfo: <SSID: <unknown ssid>, BSSID: 02:00:00:00:00:00, MAC: 02:00:00:00:00:00, IP: /192.168.100.32, Security type: 2, Supplicant state: COMPLETED, Wi-Fi standard: 4, RSSI: -64, Link speed: 96Mbps, Tx Link speed: 96Mbps, Max Supported Tx Link speed: 72Mbps, Rx Link speed: 96Mbps, Max Supported Rx Link speed: 72Mbps, Frequency: 2412MHz, Net ID: -1, Metered hint: false, score: 60, isUsable: true, CarrierMerged: false, SubscriptionId: -1, IsPrimary: 1, Trusted: true, Restricted: false, Ephemeral: false, OEM paid: false, OEM private: false, OSU AP: false, FQDN: <none>, Provider friendly name: <none>, Requesting package name: <none><none>MLO Information: , Is TID-To-Link negotiation supported by the AP: false, AP MLD Address: <none>, AP MLO Link Id: <none>, AP MLO Affiliated links: <none>> SignalStrength: -64 AdminUids: [1000] SSID: "Dormatories-2.4G" UnderlyingNetworks: Null]
07-13 00:55:45.917 D/ReliableDetectionController( 4916): [setupCallbacksForNetwork] onCapabilitiesChanged availabled.
07-13 00:55:45.930 W/VSyncPredictor(  634): VSyncPredictor::setPeriod current period =16666667
07-13 00:55:45.938 I/NearbyMediums(26743): Wifi changed new SSID: "Dormatories-2.4G"
07-13 00:55:45.938 I/NearbyMediums(26743): WifiLanConnectivityInfo is not changed, skip notify.
07-13 00:55:45.938 D/ConnectivityService( 4613): NetReassign [no changes] [c 0] [a 4] [i 2]
07-13 00:55:45.941 I/NullBinder(26743): NullBinder for android.net.action.RECOMMEND_NETWORKS triggering remote TransactionTooLargeException due to Service without Chimera impl, calling uid: 1000, calling pid: 0
07-13 00:55:45.941 W/.gms.persistent(26743): Large reply transaction of 1056768 bytes, interface descriptor , code 1
07-13 00:55:45.946 D/StatusBarIconController( 5105): ignoring old pipeline callback because the new wifi icon is enabled
07-13 00:55:45.947 I/ding:background(18268): CollectorTransition concurrent mark compact GC freed 64KB AllocSpace bytes, 0(0B) LOS objects, 49% free, 8398KB/16MB, paused 1.103ms,5.219ms total 130.036ms
07-13 00:55:45.959 D/Hiber/appStateMachine( 4613): uid:10244 enter FrozenState
07-13 00:55:45.966 D/Hiber/cgroup( 4613): runningPids : [22781] for uid=10244 pkgName=com.facebook.katana type=third
07-13 00:55:45.966 D/Hiber/cgroup( 4613): writeDevFile pid: 22781
07-13 00:55:45.967 I/Hiber/sceneManager( 4613): freeze uid: 10244 com.facebook.katana pids:[22781] costTime=8ms
07-13 00:55:45.967 D/Hiber/restrictionPolicy( 4613): uid:10244  pkgName:com.facebook.katana isAllowedNet
07-13 00:55:45.968 I/Hiber/nativeService( 4613): watch app network uid=10244, persistent=0
07-13 00:55:45.968 D/Hiber/hiberManager( 4613): msg for start proxy frozen state
07-13 00:55:45.968 D/Hiber/hiberManager( 4613): try idle uid[10244] by hiber ,bgTime>0 ? false,isIdled before ? true ,isCurAllowListed ? false ,isProcStateBackground?true
07-13 00:55:45.968 D/Hiber/proxyManager( 4613): p_service: 10244
07-13 00:55:45.968 D/Hiber/proxyManager( 4613): p_job: 10244 pkgName=com.facebook.katana
07-13 00:55:45.969 D/Hiber/proxyManager( 4613): pj_job: 10244 pkgName=com.facebook.katana which=2
07-13 00:55:45.984 D/Hiber/JobExtImpl( 4613): proxyJobs leave, uid=10244, pkg=com.facebook.katana which=2
07-13 00:55:45.984 D/Hiber/hiberManager( 4613): proxy alarm (uid=10244, pkgName=com.facebook.katana)
07-13 00:55:45.984 D/Hiber/proxyManager( 4613): p_alarm: uid=10244, pkgName=com.facebook.katana
07-13 00:55:45.984 D/Hiber/alarmManagerServiceExtImpl( 4613): proxyAlarms leave, uid=10244, packageName=com.facebook.katana
07-13 00:55:45.997 D/TLinkBrush_DATA( 4613): [NetdEvent]onTcpSocketStatsEvent sent = 0, return
07-13 00:55:45.998 D/TLinkBrush_DATA( 4613): [NetdEvent]Wifi connect true, screen state true, do nothing!
07-13 00:55:46.163 D/NetworkStatusMonitor( 4613): getAllInterfaceNames network type is wifi
07-13 00:55:46.164 D/NetworkStatusMonitor( 4613): onNetworkTypeChanged wifi => wifi
07-13 00:55:46.275 D/Hiber/appStateMachine( 4613): uid:10270 enter FrozenState
07-13 00:55:46.280 D/Hiber/cgroup( 4613): runningPids : [22813] for uid=10270 pkgName=com.shazam.android type=third
07-13 00:55:46.281 D/Hiber/cgroup( 4613): writeDevFile pid: 22813
07-13 00:55:46.281 I/Hiber/sceneManager( 4613): freeze uid: 10270 com.shazam.android pids:[22813] costTime=6ms
07-13 00:55:46.281 D/Hiber/hiberManager( 4613): msg for start proxy frozen state
07-13 00:55:46.282 D/Hiber/hiberManager( 4613): try idle uid[10270] by hiber ,bgTime>0 ? false,isIdled before ? true ,isCurAllowListed ? false ,isProcStateBackground?true
07-13 00:55:46.282 D/Hiber/proxyManager( 4613): p_service: 10270
07-13 00:55:46.282 D/Hiber/proxyManager( 4613): p_job: 10270 pkgName=com.shazam.android
07-13 00:55:46.282 D/Hiber/proxyManager( 4613): pj_job: 10270 pkgName=com.shazam.android which=2
07-13 00:55:46.282 D/Hiber/hiberManager( 4613): proxy alarm (uid=10270, pkgName=com.shazam.android)
07-13 00:55:46.282 D/Hiber/proxyManager( 4613): p_alarm: uid=10270, pkgName=com.shazam.android
07-13 00:55:46.282 D/Hiber/alarmManagerServiceExtImpl( 4613): proxyAlarms leave, uid=10270, packageName=com.shazam.android
07-13 00:55:46.433 I/NearbySharing(26743): Network state changed: NetworkState(isRestricted=false, isOnline=true, isCongested=false, isMetered=false, isWifiConnected=true)
07-13 00:55:46.434 I/NearbySharing(26743): Network state changed: NetworkState(isRestricted=false, isOnline=true, isCongested=false, isMetered=false, isWifiConnected=true)
07-13 00:55:46.454 D/CompetitionModeConfig( 4613): sys.apm.competition_mode_config is not support!
07-13 00:55:46.471 D/CompetitionModeConfig( 4613): sys.apm.competition_mode_config is not support!
07-13 00:55:46.472 V/BroadcastQueue( 4613): Enqueuing BroadcastRecord{66781c9 Intent { flg=0x10 cmp=com.instagram.android/com.instagram.util.startup.appwarmer.KeepWarmReceiver (has extras) }/u0} from uid 10235 pid 20686 for 1 receivers
07-13 00:55:46.591 D/TranWifiTputMonitor( 4613): WIFI: TX: 194 RX: 194 TOTAL = 388
07-13 00:55:46.591 D/TranWifiTputMonitor( 4613): High Tput: false, TOTAL TPUT: 388
07-13 00:55:46.654 I/stagram.android(20686): CollectorTransition concurrent mark compact GC freed 544KB AllocSpace bytes, 0(0B) LOS objects, 62% free, 14MB/38MB, paused 1.528ms,7.367ms total 203.409ms
07-13 00:55:46.704 I/system_server( 4613): Background young concurrent mark compact GC freed 17MB AllocSpace bytes, 48(1180KB) LOS objects, 17% free, 93MB/112MB, paused 2.161ms,18.598ms total 427.826ms
07-13 00:55:46.867 D/ActivityManager( 4613): Skip enqueue broadcast because no receiver with Intent { act=com.android.server.action.NETWORK_STATS_UPDATED flg=0x40000010 }
07-13 00:55:46.970 I/Hiber/nativeService( 4613): check binder uid=10244
07-13 00:55:46.973 D/Hiber/cgroup( 4613): writeDevFile pid: 22781
07-13 00:55:46.974 I/Hiber/sceneManager( 4613): unfreeze uid: 10244 com.facebook.katana pids:[22781]  reason:transBinder   cpninfo:FROZEN_TRANS_PROC/1 costTime=2ms
07-13 00:55:46.974 D/Hiber/appStateMachine( 4613): uid=10244, pkg=com.facebook.katana, transition from Frozen to Running, reason=transBinder
07-13 00:55:46.974 D/Hiber/appStateMachine( 4613): uid:10244 exit FrozenState
07-13 00:55:46.974 D/Hiber/proxyManager( 4613): up_service: 10244
07-13 00:55:46.974 D/Hiber/proxyWakeLock( 4613): remove uid: 10244 wiht all pids from wakelockUidInfo list
07-13 00:55:46.974 D/Hiber/proxyManager( 4613): up_job: 10244
07-13 00:55:46.975 D/Hiber/proxyManager( 4613): un_job: 10244
07-13 00:55:46.975 D/Hiber/JobExtImpl( 4613): un_job=JobStatus{f4c0b81 androidx.work.systemjobscheduler:u0a244/1335 @androidx.work.systemjobscheduler@com.facebook.katana/androidx.work.impl.background.systemjob.SystemJobService u=0 s=10244 TIME=-11m37s935ms:none NET satisfied:0x9a400003 unsatisfied:0x1000000}for uid=10244
07-13 00:55:46.976 D/Hiber/JobExtImpl( 4613): un_job=JobStatus{d53add8 #u0a244/2131366308 com.facebook.katana/com.facebook.push.registration.FacebookPushServerFinishNotifiedLollipopService u=0 s=10244 TIME=-13m46s892ms:none NET satisfied:0x9a400003 unsatisfied:0x1000000}for uid=10244
07-13 00:55:46.977 D/Hiber/JobExtImpl( 4613): un_job=JobStatus{d106670 #u0a244/10001 com.facebook.katana/com.facebook.falco.jobscheduler.FFJobService u=0 s=10244 TIME=-8m48s233ms:-3m48s233ms NET satisfied:0xda400003 unsatisfied:0x1000000}for uid=10244
07-13 00:55:46.977 D/Hiber/JobExtImpl( 4613): un_job=JobStatus{985ae98 androidx.work.systemjobscheduler:u0a244/1337 @androidx.work.systemjobscheduler@com.facebook.katana/androidx.work.impl.background.systemjob.SystemJobService u=0 s=10244 TIME=+6m34s83ms:none NET satisfied:0x1a400003 unsatisfied:0x81000000}for uid=10244
07-13 00:55:46.977 D/Hiber/JobExtImpl( 4613): un_job=JobStatus{8a90531 #u0a244/2131366310 com.facebook.katana/com.facebook.push.registration.FacebookPushServerFinishNotifiedLollipopService u=0 s=10244 TIME=-13m16s893ms:none NET satisfied:0x9a400003 unsatisfied:0x1000000}for uid=10244
07-13 00:55:46.977 D/Hiber/JobExtImpl( 4613): un_job=JobStatus{4725416 #u0a244/2131366306 com.facebook.katana/com.facebook.push.registration.PushNegativeFeedbackLollipopService u=0 s=10244 TIME=+2h46m13s110ms:none NET satisfied:0x1a400003 unsatisfied:0x81000000}for uid=10244
07-13 00:55:46.978 D/Hiber/JobExtImpl( 4613): un_job=JobStatus{3b58aec #u0a244/2131366300 com.facebook.katana/com.facebook.conditionalworker.LollipopConditionalWorkerService u=0 s=10244 TIME=+2h36m33s528ms:none NET satisfied:0x1a400003 unsatisfied:0x81000000}for uid=10244
07-13 00:55:46.978 D/Hiber/JobExtImpl( 4613): un_job=JobStatus{2409b68 androidx.work.systemjobscheduler:u0a244/1275 @androidx.work.systemjobscheduler@com.facebook.katana/androidx.work.impl.background.systemjob.SystemJobService u=0 s=10244 TIME=-9m20s866ms:none NET satisfied:0x9a400003 unsatisfied:0x1000000}for uid=10244
07-13 00:55:46.978 D/Hiber/JobExtImpl( 4613): unProxyJobs leave, uid=10244 discard=false
07-13 00:55:46.978 D/Hiber/alarmManagerServiceExtImpl( 4613): unproxyAlarms leave, uid=10244, packageName=null
07-13 00:55:47.111 D/AlarmManagerService( 4613): set alarm to kernel: 720310.561000000, type=2 
07-13 00:55:47.111 D/AlarmManagerService( 4613): set alarm to kernel: 720067.974000000, type=3 
07-13 00:55:47.281 I/Hiber/nativeService( 4613): check binder uid=10270
07-13 00:55:47.283 D/Hiber/cgroup( 4613): writeDevFile pid: 22813
07-13 00:55:47.284 I/Hiber/sceneManager( 4613): unfreeze uid: 10270 com.shazam.android pids:[22813]  reason:transBinder   cpninfo:FROZEN_TRANS_THREAD/1 costTime=1ms
07-13 00:55:47.284 D/Hiber/appStateMachine( 4613): uid=10270, pkg=com.shazam.android, transition from Frozen to Running, reason=transBinder
07-13 00:55:47.284 D/Hiber/appStateMachine( 4613): uid:10270 exit FrozenState
07-13 00:55:47.284 D/Hiber/proxyManager( 4613): up_service: 10270
07-13 00:55:47.284 D/Hiber/proxyManager( 4613): up_job: 10270
07-13 00:55:47.284 D/Hiber/proxyManager( 4613): un_job: 10270
07-13 00:55:47.284 D/Hiber/proxyWakeLock( 4613): remove uid: 10270 wiht all pids from wakelockUidInfo list
07-13 00:55:47.285 D/Hiber/alarmManagerServiceExtImpl( 4613): unproxyAlarms leave, uid=10270, packageName=null
07-13 00:55:47.480 D/CompetitionModeConfig( 4613): sys.apm.competition_mode_config is not support!
07-13 00:55:47.482 D/CompetitionModeConfig( 4613): sys.apm.competition_mode_config is not support!
07-13 00:55:47.483 V/BroadcastQueue( 4613): Enqueuing BroadcastRecord{da3a80b Intent { flg=0x10 cmp=com.instagram.android/com.instagram.util.startup.appwarmer.KeepWarmReceiver (has extras) }/u0} from uid 10235 pid 20686 for 1 receivers
07-13 00:55:47.533 D/TranSignalStrengthComponentImpl( 4916): [LTE] dbm: -97
07-13 00:55:47.534 D/TranSignalStrengthComponentImpl( 4916): [LTE] dbm: -97
07-13 00:55:47.535 I/TranPhoneInterfaceManager( 4916): MPSTCB - onSignalStrengthsChanged
07-13 00:55:47.536 D/TranSignalStrengthComponentImpl( 4613): [LTE] dbm: -97
07-13 00:55:47.536 D/ActivityManager( 4613): Skip enqueue broadcast because no receiver with Intent { act=android.intent.action.SIG_STR flg=0x10 (has extras) }
07-13 00:55:47.536 D/TranSignalStrengthComponentImpl(22781): [LTE] dbm: -97
07-13 00:55:47.536 D/TranPhoneInterfaceManager( 4916): [onSignalStrengthsChanged]
07-13 00:55:47.536 D/TranSmartAllocController( 4916): mDefaultDataSubId = 2  subId = 2
07-13 00:55:47.536 D/TranSmartAllocController( 4916): mSupport = true  mBwAllocEnable = false mSimReady =true  mScreenOn =true
07-13 00:55:47.536 D/UpLinkDataController( 4916): onSignalStrengthsChanged
07-13 00:55:47.536 D/TranSmartAllocController( 4916): mDataAvailable = false  mInService = true  cellSignalStrengthList = [CellSignalStrengthLte: rssi=-51 rsrp=-97 rsrq=-12 rssnr=7 cqiTableIndex=2147483647 cqi=2147483647 ta=2147483647 level=4 parametersUseForLevel=0]
07-13 00:55:47.537 D/UpLinkDataController( 4916): IdleState.processMessage:2
07-13 00:55:47.537 D/StatusBarIconController( 5105): ignoring old pipeline callbacks, because the new mobile icons are enabled
07-13 00:55:47.538 D/TranSignalStrengthComponentImpl(20686): [LTE] dbm: -97
07-13 00:55:47.649 W/fb4a.PeriodicThreadBoost(22781): Periodic thread booster disabled by MC
07-13 00:55:47.682 I/stagram.android(20686): CollectorTransition concurrent mark compact GC freed 256KB AllocSpace bytes, 0(0B) LOS objects, 62% free, 14MB/38MB, paused 1.527ms,7.678ms total 202.523ms
07-13 00:55:47.694 W/SoLoader(22781): SoLoader already initialized
07-13 00:55:47.762 V/BroadcastQueue( 4613): Enqueuing BroadcastRecord{f6416e8 android.os.action.POWER_SAVE_TEMP_WHITELIST_CHANGED/u0} from uid 1000 pid 4613 for 1 receivers
07-13 00:55:47.791 D/ConnectivityService( 4613): requestNetwork for uid/pid:10244/22781 activeRequest: null callbackRequest: 104655 [NetworkRequest [ REQUEST id=104656, [ Capabilities: INTERNET&NOT_RESTRICTED&TRUSTED&NOT_VCN_MANAGED Uid: 10244 RequestorUid: 10244 RequestorPkg: com.facebook.katana UnderlyingNetworks: Null] ]] callback flags: 0 order: 2147483647
07-13 00:55:47.793 D/WifiNetworkFactory( 4613): got request NetworkRequest [ REQUEST id=104656, [ Capabilities: INTERNET&NOT_RESTRICTED&TRUSTED&NOT_VCN_MANAGED Uid: 10244 RequestorUid: 10244 RequestorPkg: com.facebook.katana UnderlyingNetworks: Null] ]
07-13 00:55:47.794 D/UntrustedWifiNetworkFactory( 4613): got request NetworkRequest [ REQUEST id=104656, [ Capabilities: INTERNET&NOT_RESTRICTED&TRUSTED&NOT_VCN_MANAGED Uid: 10244 RequestorUid: 10244 RequestorPkg: com.facebook.katana UnderlyingNetworks: Null] ]
07-13 00:55:47.794 D/OemPaidWifiNetworkFactory( 4613): got request NetworkRequest [ REQUEST id=104656, [ Capabilities: INTERNET&NOT_RESTRICTED&TRUSTED&NOT_VCN_MANAGED Uid: 10244 RequestorUid: 10244 RequestorPkg: com.facebook.katana UnderlyingNetworks: Null] ]
07-13 00:55:47.794 D/MultiInternetWifiNetworkFactory( 4613): got request NetworkRequest [ REQUEST id=104656, [ Capabilities: INTERNET&NOT_RESTRICTED&TRUSTED&NOT_VCN_MANAGED Uid: 10244 RequestorUid: 10244 RequestorPkg: com.facebook.katana UnderlyingNetworks: Null] ]
07-13 00:55:47.794 D/ConnectivityService( 4613): NetReassign [104656 : null → 474] [c 0] [a 1] [i 2]
07-13 00:55:47.797 D/CompatibilityChangeReporter(22781): Compat change id reported: 160794467; UID 10244; state: ENABLED
07-13 00:55:47.830 W/VSyncPredictor(  634): VSyncPredictor::setPeriod current period =16666667
07-13 00:55:47.832 D/CompetitionModeConfig( 4613): sys.apm.competition_mode_config is not support!
07-13 00:55:47.845 E/HiddenApis2(22781): Failed to init DecodeJObjectFuncPtr
07-13 00:55:47.853 D/BoundBrokerSvc(26681): onBind: Intent { act=com.google.android.gms.auth.blockstore.service.START dat=chimera-action:/... cmp=com.google.android.gms/.chimera.GmsApiService }
07-13 00:55:47.853 D/BoundBrokerSvc(26681): Loading bound service for intent: Intent { act=com.google.android.gms.auth.blockstore.service.START dat=chimera-action:/... cmp=com.google.android.gms/.chimera.GmsApiService }
07-13 00:55:47.861 D/CompatibilityChangeReporter( 4613): Compat change id reported: 171306433; UID 10244; state: ENABLED
07-13 00:55:47.862 D/CompatibilityChangeReporter( 4613): Compat change id reported: 218533173; UID 10244; state: ENABLED
07-13 00:55:47.863 V/AlarmManager( 4613): set(PendingIntent{6f9aa56: PendingIntentRecord{1236c18 com.facebook.katana broadcastIntent}}) : type=2 listener=null listenerTag=null workSource=null callingPackage=com.facebook.katana callingUid=10244 triggerAtTime=720366532 win=224998 tElapsed=720366532 maxElapsed=720591530 interval=0 flags=0x0
07-13 00:55:47.863 D/AlarmManagerService( 4613): set alarm to kernel: 720310.561000000, type=2 
07-13 00:55:47.863 D/AlarmManagerService( 4613): set alarm to kernel: 720067.974000000, type=3 
07-13 00:55:47.879 W/fb4a.Fixie/ActivityStackResetterFixer(22781): Enable Activity Stack Resetter
07-13 00:55:47.891 D/CompetitionModeConfig( 4613): sys.apm.competition_mode_config is not support!
07-13 00:55:47.895 D/PackageManager( 4613): Package verification : verificationId = 73, streaming is false
07-13 00:55:47.909 D/CompetitionModeConfig( 4613): sys.apm.competition_mode_config is not support!
07-13 00:55:47.979 D/CompetitionModeConfig( 4613): sys.apm.competition_mode_config is not support!
07-13 00:55:47.994 I/Blockstore(26681): (REDACTED) [BlockstoreImpl] Snapshot enabled. updateAccessPerSnapshotIfEligible for package: %s
07-13 00:55:48.041 I/Blockstore(26681): (REDACTED) [DataStoreImpl] No block data associated with key %s for package %s
07-13 00:55:48.087 E/InterpreterCacheClear(22781): Could not find symbol to hook
07-13 00:55:48.102 W/LogPrintlnFixie(22781): Hook disabled by config
07-13 00:55:48.240 W/facebook.katana(22781): JNI RegisterNativeMethods: attempt to register 0 native methods for com.facebook.omnistore.OmnistoreCollectionFrontendHolder
07-13 00:55:48.251 D/CompatibilityChangeReporter(22781): Compat change id reported: 194532703; UID 10244; state: ENABLED
07-13 00:55:48.252 D/CompatibilityChangeReporter(22781): Compat change id reported: 253665015; UID 10244; state: ENABLED
07-13 00:55:48.253 D/CompatibilityChangeReporter( 4613): Compat change id reported: 271850009; UID 10244; state: ENABLED
07-13 00:55:48.254 D/CompatibilityChangeReporter( 4613): Compat change id reported: 253665015; UID 10244; state: ENABLED
07-13 00:55:48.254 D/CompatibilityChangeReporter( 4613): Compat change id reported: 194532703; UID 10244; state: ENABLED
07-13 00:55:48.490 W/fb4a.lacrima(22781): FbErrorReportingConfig.postStartupInit
07-13 00:55:48.491 D/CompetitionModeConfig( 4613): sys.apm.competition_mode_config is not support!
07-13 00:55:48.493 D/CompetitionModeConfig( 4613): sys.apm.competition_mode_config is not support!
07-13 00:55:48.495 V/BroadcastQueue( 4613): Enqueuing BroadcastRecord{d99ad1d Intent { flg=0x10 cmp=com.instagram.android/com.instagram.util.startup.appwarmer.KeepWarmReceiver (has extras) }/u0} from uid 10235 pid 20686 for 1 receivers
07-13 00:55:48.504 V/BroadcastQueue( 4613): Enqueuing BroadcastRecord{29f2aea android.intent.action.BATTERY_CHANGED/u-1} from uid -1 pid -1 for 1 receivers
07-13 00:55:48.515 E/fb4a.MobileConfigInit(22781): MobileConfigDebug: endToEndConfigLevelConsistencyTests
07-13 00:55:48.536 E/fb4a.AppState(22781): Returning default for firstRunInfo
07-13 00:55:48.536 E/fb4a.AppState(22781): Returning default for firstRunInfo
07-13 00:55:48.546 D/PackageManager( 4613): Considering set com.facebook.katana/com.facebook.ads.internal.ipc.AudienceNetworkRemoteService's state as 1 with userId = 0, callingPackage = com.facebook.katana:10244
07-13 00:55:48.547 D/PackageManager( 4613): Considering set com.facebook.katana/com.facebook.ads.internal.ipc.AudienceNetworkExportedActivity's state as 1 with userId = 0, callingPackage = com.facebook.katana:10244
07-13 00:55:48.548 D/PackageManager( 4613): Considering set com.facebook.katana/com.facebook.ads.internal.ipc.AudienceNetworkRemoteActivity's state as 1 with userId = 0, callingPackage = com.facebook.katana:10244
07-13 00:55:48.651 E/fb4a.HeliumSetup(22781): Failed to log trichrome version
07-13 00:55:48.651 E/fb4a.HeliumSetup(22781): android.content.pm.PackageManager$NameNotFoundException: Unsupported architecture
07-13 00:55:48.651 E/fb4a.HeliumSetup(22781): 	at X.89F.A00(:36)
07-13 00:55:48.651 E/fb4a.HeliumSetup(22781): 	at com.facebook.browser.helium.installer.HeliumSetup.A00(:188)
07-13 00:55:48.651 E/fb4a.HeliumSetup(22781): 	at com.facebook.browser.helium.installer.HeliumSetup.A01(:23)
07-13 00:55:48.651 E/fb4a.HeliumSetup(22781): 	at X.8NK.A2Z(:1149)
07-13 00:55:48.651 E/fb4a.HeliumSetup(22781): 	at X.8NK.A2e(:3)
07-13 00:55:48.651 E/fb4a.HeliumSetup(22781): 	at X.2N5.A03(:3665)
07-13 00:55:48.651 E/fb4a.HeliumSetup(22781): 	at X.2N5.run(:1537)
07-13 00:55:48.651 E/fb4a.HeliumSetup(22781): 	at X.2NJ.call(:239)
07-13 00:55:48.651 E/fb4a.HeliumSetup(22781): 	at java.util.concurrent.FutureTask.run(FutureTask.java:328)
07-13 00:55:48.651 E/fb4a.HeliumSetup(22781): 	at X.cuK.A00(:28)
07-13 00:55:48.651 E/fb4a.HeliumSetup(22781): 	at X.1Q0.call(:48)
07-13 00:55:48.651 E/fb4a.HeliumSetup(22781): 	at java.util.concurrent.FutureTask.run(FutureTask.java:328)
07-13 00:55:48.651 E/fb4a.HeliumSetup(22781): 	at X.1Pr.run(:2)
07-13 00:55:48.651 E/fb4a.HeliumSetup(22781): 	at X.1CS.run(:2)
07-13 00:55:48.651 E/fb4a.HeliumSetup(22781): 	at java.util.concurrent.ThreadPoolExecutor.runWorker(ThreadPoolExecutor.java:1100)
07-13 00:55:48.651 E/fb4a.HeliumSetup(22781): 	at java.util.concurrent.ThreadPoolExecutor$Worker.run(ThreadPoolExecutor.java:624)
07-13 00:55:48.651 E/fb4a.HeliumSetup(22781): 	at X.1Cf.run(:3)
07-13 00:55:48.651 E/fb4a.HeliumSetup(22781): 	at X.1Ch.run(:17)
07-13 00:55:48.651 E/fb4a.HeliumSetup(22781): 	at java.lang.Thread.run(Thread.java:1572)
07-13 00:55:48.697 I/stagram.android(20686): CollectorTransition concurrent mark compact GC freed 256KB AllocSpace bytes, 0(0B) LOS objects, 62% free, 14MB/38MB, paused 1.379ms,7.968ms total 205.040ms
07-13 00:55:48.706 E/fb4a.ColdstartExperimentsController(22781): unable to set dex config
07-13 00:55:48.706 E/fb4a.ColdstartExperimentsController(22781): java.lang.IllegalStateException: Main DexStore is null
07-13 00:55:48.706 E/fb4a.ColdstartExperimentsController(22781): 	at com.facebook.common.dextricksdi.ColdstartExperimentsController.A00(:214)
07-13 00:55:48.706 E/fb4a.ColdstartExperimentsController(22781): 	at com.facebook.common.dextricksdi.ColdstartExperimentsController.A01(:64)
07-13 00:55:48.706 E/fb4a.ColdstartExperimentsController(22781): 	at X.8NK.A2Z(:793)
07-13 00:55:48.706 E/fb4a.ColdstartExperimentsController(22781): 	at X.8NK.A2e(:3)
07-13 00:55:48.706 E/fb4a.ColdstartExperimentsController(22781): 	at X.2N5.A03(:3665)
07-13 00:55:48.706 E/fb4a.ColdstartExperimentsController(22781): 	at X.2N5.run(:1537)
07-13 00:55:48.706 E/fb4a.ColdstartExperimentsController(22781): 	at X.2NJ.call(:239)
07-13 00:55:48.706 E/fb4a.ColdstartExperimentsController(22781): 	at java.util.concurrent.FutureTask.run(FutureTask.java:328)
07-13 00:55:48.706 E/fb4a.ColdstartExperimentsController(22781): 	at X.cuK.A00(:28)
07-13 00:55:48.706 E/fb4a.ColdstartExperimentsController(22781): 	at X.1Q0.call(:48)
07-13 00:55:48.706 E/fb4a.ColdstartExperimentsController(22781): 	at java.util.concurrent.FutureTask.run(FutureTask.java:328)
07-13 00:55:48.706 E/fb4a.ColdstartExperimentsController(22781): 	at X.1Pr.run(:2)
07-13 00:55:48.706 E/fb4a.ColdstartExperimentsController(22781): 	at X.1CS.run(:2)
07-13 00:55:48.706 E/fb4a.ColdstartExperimentsController(22781): 	at java.util.concurrent.ThreadPoolExecutor.runWorker(ThreadPoolExecutor.java:1100)
07-13 00:55:48.706 E/fb4a.ColdstartExperimentsController(22781): 	at java.util.concurrent.ThreadPoolExecutor$Worker.run(ThreadPoolExecutor.java:624)
07-13 00:55:48.706 E/fb4a.ColdstartExperimentsController(22781): 	at X.1Cf.run(:3)
07-13 00:55:48.706 E/fb4a.ColdstartExperimentsController(22781): 	at X.1Ch.run(:17)
07-13 00:55:48.706 E/fb4a.ColdstartExperimentsController(22781): 	at java.lang.Thread.run(Thread.java:1572)
07-13 00:55:48.729 W/ExperimentConfigurator(22781): No runner available for app init optimizations
07-13 00:55:48.745 V/BroadcastQueue( 4613): Enqueuing BroadcastRecord{b50229a android.net.conn.CONNECTIVITY_CHANGE/u-1} from uid -1 pid -1 for 1 receivers
07-13 00:55:48.746 V/BroadcastQueue( 4613): Enqueuing BroadcastRecord{8c5d7cb android.net.conn.INET_CONDITION_ACTION/u-1} from uid -1 pid -1 for 1 receivers
07-13 00:55:48.764 D/PackageManager( 4613): Considering set com.facebook.katana/com.facebook.composer.shareintent.ImplicitShareIntentHandlerDefaultAlias's state as 1 with userId = 0, callingPackage = com.facebook.katana:10244
07-13 00:55:48.765 D/PackageManager( 4613): Considering set com.facebook.katana/com.facebook.composer.shareintent.AddToStoryAlias's state as 1 with userId = 0, callingPackage = com.facebook.katana:10244
07-13 00:55:48.766 D/PackageManager( 4613): Considering set com.facebook.katana/com.facebook.composer.shareintent.ShareToGroupsAlias's state as 1 with userId = 0, callingPackage = com.facebook.katana:10244
07-13 00:55:48.766 D/PackageManager( 4613): Considering set com.facebook.katana/com.facebook.composer.shareintent.ShareToGroupsSimpleLabelAlias's state as 2 with userId = 0, callingPackage = com.facebook.katana:10244
07-13 00:55:48.773 W/fb4a.ServiceInfoParser(22781): X.4if: Service com.facebook.browser.lite.BrowserLiteInMainProcessIntentService is missing meta key com.facebook.common.jobscheduler.compat.jobIds
07-13 00:55:48.773 W/fb4a.ServiceInfoParser(22781): X.4if: Service com.facebook.businessintegrity.cloakingdetection.service.CloakingDetectionService is missing meta key com.facebook.common.jobscheduler.compat.jobIds
07-13 00:55:48.773 W/fb4a.ServiceInfoParser(22781): X.4if: Service com.facebook.contacts.service.ContactLocaleChangeService is missing meta key com.facebook.common.jobscheduler.compat.jobIds
07-13 00:55:48.773 W/fb4a.ServiceInfoParser(22781): X.4if: Service com.facebook.analytics2.fabric.onefabric.FFAlarmUploadJobService is missing meta key com.facebook.common.jobscheduler.compat.jobIds
07-13 00:55:48.773 W/fb4a.ServiceInfoParser(22781): X.4if: Service com.facebook.falco.jobscheduler.FFJobService is missing meta key com.facebook.common.jobscheduler.compat.jobIds
07-13 00:55:48.773 W/fb4a.ServiceInfoParser(22781): X.4if: Service com.facebook.registration.notification.RegistrationNotificationService is missing meta key com.facebook.common.jobscheduler.compat.jobIds
07-13 00:55:48.773 W/fb4a.ServiceInfoParser(22781): X.4if: Service com.facebook.notifications.appwidget.bugreporter.NotificationsWidgetDebugHelper is missing meta key com.facebook.common.jobscheduler.compat.jobIds
07-13 00:55:48.773 W/fb4a.ServiceInfoParser(22781): X.4if: Service com.facebook.account.login.notification.LoginNotificationService is missing meta key com.facebook.common.jobscheduler.compat.jobIds
07-13 00:55:48.773 W/fb4a.ServiceInfoParser(22781): X.4if: Service com.facebook.battery.monitor.ContinuousBatteryMonitorService is missing meta key com.facebook.common.jobscheduler.compat.jobIds
07-13 00:55:48.774 W/fb4a.ServiceInfoParser(22781): X.4if: Service com.facebook.googleplay.GooglePlayInstallRefererService is missing meta key com.facebook.common.jobscheduler.compat.jobIds
07-13 00:55:48.775 W/fb4a.ServiceInfoParser(22781): X.4if: Service com.facebook.glc.GLCService is missing meta key com.facebook.common.jobscheduler.compat.jobIds
07-13 00:55:48.775 W/fb4a.ServiceInfoParser(22781): X.4if: Service com.facebook.papaya.fb.client.services.FBPapayaJobService is missing meta key com.facebook.common.jobscheduler.compat.jobIds
07-13 00:55:48.776 W/fb4a.ServiceInfoParser(22781): X.4if: Service com.facebook.push.fcm.FcmRegistrarFbJobIntentService is missing meta key com.facebook.common.jobscheduler.compat.jobIds
07-13 00:55:48.776 W/fb4a.ServiceInfoParser(22781): X.4if: Service com.facebook.push.fbpushdata.common.FbPushDataHandlerService is missing meta key com.facebook.common.jobscheduler.compat.jobIds
07-13 00:55:48.776 W/fb4a.ServiceInfoParser(22781): X.4if: Service com.facebook.conditionalworker.ConditionalWorkerService is missing meta key com.facebook.common.jobscheduler.compat.jobIds
07-13 00:55:48.776 W/fb4a.ServiceInfoParser(22781): X.4if: Service com.facebook.compost.service.CompostNotificationService is missing meta key com.facebook.common.jobscheduler.compat.jobIds
07-13 00:55:48.776 W/fb4a.ServiceInfoParser(22781): X.4if: Service com.facebook.messaging.notify.client.MessagesNotificationService is missing meta key com.facebook.common.jobscheduler.compat.jobIds
07-13 00:55:48.776 W/fb4a.ServiceInfoParser(22781): X.4if: Service com.facebook.confirmation.notification.ConfirmationNotificationService is missing meta key com.facebook.common.jobscheduler.compat.jobIds
07-13 00:55:48.776 W/fb4a.ServiceInfoParser(22781): X.4if: Service com.facebook.voltron.download.scheduledinstaller.OxygenScheduledInstallerJobService is missing meta key com.facebook.common.jobscheduler.compat.jobIds
07-13 00:55:48.776 W/fb4a.ServiceInfoParser(22781): X.4if: Service com.facebook.messaging.prefs.notifications.NotificationPrefsSyncService is missing meta key com.facebook.common.jobscheduler.compat.jobIds
07-13 00:55:48.776 W/fb4a.ServiceInfoParser(22781): X.4if: Service com.facebook.push.adm.ADMService is missing meta key com.facebook.common.jobscheduler.compat.jobIds
07-13 00:55:48.776 W/fb4a.ServiceInfoParser(22781): X.4if: Service com.facebook.push.adm.ADMBroadcastReceiverJobBase is missing meta key com.facebook.common.jobscheduler.compat.jobIds
07-13 00:55:48.777 W/fb4a.ServiceInfoParser(22781): X.4if: Service com.facebook.push.adm.ADMJobIntentService is missing meta key com.facebook.common.jobscheduler.compat.jobIds
07-13 00:55:48.777 W/fb4a.ServiceInfoParser(22781): X.4if: Service com.facebook.push.negativefeedback.PushNegativeFeedbackFbJobIntentService is missing meta key com.facebook.common.jobscheduler.compat.jobIds
07-13 00:55:48.777 W/fb4a.ServiceInfoParser(22781): X.4if: Service com.facebook.push.registration.RegistrarHelperService is missing meta key com.facebook.common.jobscheduler.compat.jobIds
07-13 00:55:48.777 W/fb4a.ServiceInfoParser(22781): X.4if: Service com.facebook.feed.platformads.AppInstallService is missing meta key com.facebook.common.jobscheduler.compat.jobIds
07-13 00:55:48.777 W/fb4a.ServiceInfoParser(22781): X.4if: Service com.google.android.gms.analytics.AnalyticsJobService is missing meta key com.facebook.common.jobscheduler.compat.jobIds
07-13 00:55:48.777 W/fb4a.ServiceInfoParser(22781): X.4if: Service com.facebook.oxygen.preloads.sdk.firstparty.managedappcache.IsManagedAppCacheJobService is missing meta key com.facebook.common.jobscheduler.compat.jobIds
07-13 00:55:48.777 W/fb4a.ServiceInfoParser(22781): X.4if: Service com.facebook.videolite.api.VideoUploadJobService is missing meta key com.facebook.common.jobscheduler.compat.jobIds
07-13 00:55:48.777 W/fb4a.ServiceInfoParser(22781): X.4if: Service com.facebook.videolite.api.jobscheduler.UploadJobSchedulerService is missing meta key com.facebook.common.jobscheduler.compat.jobIds
07-13 00:55:48.777 W/fb4a.ServiceInfoParser(22781): X.4if: Service com.google.android.datatransport.runtime.scheduling.jobscheduling.JobInfoSchedulerService is missing meta key com.facebook.common.jobscheduler.compat.jobIds
07-13 00:55:48.778 W/fb4a.ServiceInfoParser(22781): X.4if: Service androidx.work.impl.background.systemjob.SystemJobService is missing meta key com.facebook.common.jobscheduler.compat.jobIds
07-13 00:55:48.778 W/fb4a.ServiceInfoParser(22781): X.4if: Service com.facebook.push.mqtt.service.MqttPushHelperService is missing meta key com.facebook.common.jobscheduler.compat.jobIds
07-13 00:55:48.778 W/fb4a.ServiceInfoParser(22781): X.4if: Service com.facebook.reportaproblem.base.bugreport.BugReportUploadService is missing meta key com.facebook.common.jobscheduler.compat.jobIds
07-13 00:55:48.778 W/fb4a.ServiceInfoParser(22781): X.4if: Service com.facebook.appcomponentmanager.AppComponentManagerService is missing meta key com.facebook.common.jobscheduler.compat.jobIds
07-13 00:55:48.778 W/fb4a.ServiceInfoParser(22781): X.4if: Service com.facebook.fbservice.service.BlueServiceJobIntentService is missing meta key com.facebook.common.jobscheduler.compat.jobIds
07-13 00:55:48.778 W/fb4a.ServiceInfoParser(22781): X.4if: Service com.facebook.delayedworker.DelayedWorkerService is missing meta key com.facebook.common.jobscheduler.compat.jobIds
07-13 00:55:48.778 W/fb4a.ServiceInfoParser(22781): X.4if: Service com.facebook.analytics2.logger.service.LollipopUploadSafeService is missing meta key com.facebook.common.jobscheduler.compat.jobIds
07-13 00:55:48.778 W/fb4a.ServiceInfoParser(22781): X.4if: Service com.facebook.analytics2.logger.legacy.uploader.LollipopUploadService is missing meta key com.facebook.common.jobscheduler.compat.jobIds
07-13 00:55:48.778 W/fb4a.ServiceInfoParser(22781): X.4if: Service com.facebook.analytics2.logger.legacy.uploader.Analytics2UploadService is missing meta key com.facebook.common.jobscheduler.compat.jobIds
07-13 00:55:48.786 V/BroadcastQueue( 4613): Enqueuing BroadcastRecord{92b1a54 android.net.conn.CONNECTIVITY_CHANGE/u-1} from uid -1 pid -1 for 1 receivers
07-13 00:55:48.814 D/phonemaster_log(22447): HiManager_TaskManager: server=true
07-13 00:55:48.818 D/phonemaster_log(22447): HiManager_BinderPool:  connectBinderPoolService 
07-13 00:55:48.820 D/CompetitionModeConfig( 4613): sys.apm.competition_mode_config is not support!
07-13 00:55:48.829 D/phonemaster_log(26656): HiManager_HiManager_Server_BinderPoolService:  BinderPoolService onCreate 
07-13 00:55:48.830 D/phonemaster_log(26656): HiManager_HiManager_Server_BinderPoolService:  BinderPoolService onBind 
07-13 00:55:48.833 D/phonemaster_log(22447): HiManager_BinderPool:  onServiceConnected kx.d$d@7c87720
07-13 00:55:48.834 V/BroadcastQueue( 4613): Enqueuing BroadcastRecord{3e049bb android.net.wifi.STATE_CHANGE/u-1} from uid -1 pid -1 for 1 receivers
07-13 00:55:48.836 V/BroadcastQueue( 4613): Enqueuing BroadcastRecord{58ad231 android.net.conn.CONNECTIVITY_CHANGE/u-1} from uid -1 pid -1 for 1 receivers
07-13 00:55:48.836 D/phonemaster_log(22447): HiManager_BinderPool:  queryBinder task_manager
07-13 00:55:48.838 D/phonemaster_log(26656): HiManager_HiManager_Server_BinderPoolImpl: new TaskManagerImpl
07-13 00:55:48.844 D/phonemaster_log(22447): HiManager_a: initServerFeature feature [task, longEndurance, startInner, getTopPackageName, getAppBytes, putSetting, getRunningApp, defaultApp, clearUpdateOwner]
07-13 00:55:48.885 D/PackageManager( 4613): Considering set com.facebook.katana/com.facebook.fbpay.w3c.ipc.IsReadyToPayServiceImpl's state as 2 with userId = 0, callingPackage = com.facebook.katana:10244
07-13 00:55:48.886 D/PackageManager( 4613): Considering set com.facebook.katana/com.facebook.fbpay.w3c.ipc.FBPaymentServiceImpl's state as 2 with userId = 0, callingPackage = com.facebook.katana:10244
07-13 00:55:48.887 D/PackageManager( 4613): Considering set com.facebook.katana/com.facebook.fbpay.w3c.views.PaymentActivity's state as 2 with userId = 0, callingPackage = com.facebook.katana:10244
07-13 00:55:48.924 E/fb4a.AppState(22781): Returning default for firstRunInfo
07-13 00:55:48.927 E/fb4a.AppState(22781): Returning default for firstRunInfo
07-13 00:55:48.941 E/fb4a.AppState(22781): Returning default for firstRunInfo
07-13 00:55:48.949 D/PackageManager( 4613): Considering set com.facebook.katana/com.facebook.inspiration.fbshorts.shareintent.InpirationFbShortsShareAlias's state as 1 with userId = 0, callingPackage = com.facebook.katana:10244
07-13 00:55:48.950 D/PackageManager( 4613): Considering set com.facebook.katana/com.facebook.inspiration.fbshorts.shareintent.InpirationFbShortsSharePhotoAlias's state as 2 with userId = 0, callingPackage = com.facebook.katana:10244
07-13 00:55:48.950 D/PackageManager( 4613): Considering set com.facebook.katana/com.facebook.inspiration.fbshorts.shareintent.InpirationFbShortsShareMultipleAlias's state as 1 with userId = 0, callingPackage = com.facebook.katana:10244
07-13 00:55:48.959 W/fb4a.ReqContexts(22781): fail() skipped
07-13 00:55:48.961 D/PackageManager( 4613): Considering set com.facebook.katana/com.facebook.inspiration.platformsharing.activity.InspirationCameraShareMultipleCollageAlias's state as 2 with userId = 0, callingPackage = com.facebook.katana:10244
07-13 00:55:48.963 D/PackageManager( 4613): Considering set com.facebook.katana/com.facebook.inspiration.platformsharing.activity.InspirationCameraShareToStoryTextAlias's state as 1 with userId = 0, callingPackage = com.facebook.katana:10244
07-13 00:55:48.964 D/PackageManager( 4613): Considering set com.facebook.katana/com.facebook.inspiration.platformsharing.activity.InspirationCameraShareToStoryTextSimpleLabelAlias's state as 2 with userId = 0, callingPackage = com.facebook.katana:10244
07-13 00:55:49.041 D/CompatibilityChangeReporter(22781): Compat change id reported: 150935354; UID 10244; state: ENABLED
07-13 00:55:49.074 D/ActivityManager( 4613): Skip enqueue broadcast because no receiver with Intent { act=com.sonyericsson.home.action.UPDATE_BADGE flg=0x10 (has extras) }
07-13 00:55:49.100 W/fb4a.InitStatus(22781): Not blocking Provider (206610879)
07-13 00:55:49.101 W/fb4a.InitStatus(22781): Not blocking Provider (206610879)
07-13 00:55:49.176 D/PackageManager( 4613): Considering set com.facebook.katana/com.facebook.notifications.settings.InAppNotificationSettingsActivity's state as 1 with userId = 0, callingPackage = com.facebook.katana:10244
