07-13 00:55:34.769 V/BroadcastQueue( 4613): Enqueuing BroadcastRecord{750dc5e Intent { flg=0x10 cmp=com.instagram.android/com.instagram.util.startup.appwarmer.KeepWarmReceiver (has extras) }/u0} from uid 10235 pid 20686 for 1 receivers
07-13 00:55:35.775 D/CompetitionModeConfig( 4613): sys.apm.competition_mode_config is not support!
07-13 00:55:35.778 D/CompetitionModeConfig( 4613): sys.apm.competition_mode_config is not support!
07-13 00:55:35.779 V/BroadcastQueue( 4613): Enqueuing BroadcastRecord{f46a83f Intent { flg=0x10 cmp=com.instagram.android/com.instagram.util.startup.appwarmer.KeepWarmReceiver (has extras) }/u0} from uid 10235 pid 20686 for 1 receivers
07-13 00:55:35.939 D/PackageManager( 4613): Package verified : verificationId = 73
07-13 00:55:35.940 V/BroadcastQueue( 4613): Enqueuing BroadcastRecord{813050c android.intent.action.PACKAGE_VERIFIED/u-1} from uid 1000 pid 4613 for 1 receivers
07-13 00:55:35.940 I/PackageManager( 4613): Continuing with installation of file:///data/app/vmdl2065822702.tmp
07-13 00:55:35.941 D/PackageManager( 4613): Package verified end
07-13 00:55:35.943 I/PackageManager( 4613): start UserHandle{-1}: InstallingSession{42a2ad1 file=/data/app/vmdl2065822702.tmp}
07-13 00:55:35.945 D/PackageManager( 4613): overrideInstallLocation: com.example.voxcordis_app recommendedInstallLocation = 1 installLocation = -1
07-13 00:55:35.961 D/PackageManager( 4613): overrideInstallLocation: onInt = true mInstallFlags = 4194418
07-13 00:55:35.961 D/PackageManager( 4613): /data/app/vmdl2065822702.tmp already staged; skipping copy
07-13 00:55:35.966 D/UniPackageManagerServiceImpl( 4613): Boost start
07-13 00:55:35.969 D/PackageManager( 4613): installPackageLI: path=/data/app/vmdl2065822702.tmp volumeUuid = null
07-13 00:55:35.969 D/PackageManager( 4613): parsePackage /data/app/vmdl2065822702.tmp start with parseFlags = -2147483584
07-13 00:55:35.989 D/PackageManager( 4613): parsePackage /data/app/vmdl2065822702.tmp end
07-13 00:55:35.999 D/PackageManager( 4613): collectCertificates start: has been given
07-13 00:55:35.999 D/PackageManager( 4613): collectCertificates end
07-13 00:55:35.999 D/PackageManager( 4613): Replace existing package: com.example.voxcordis_app
07-13 00:55:35.999 D/PackageManager( 4613): Existing package for signature checking: PackageSetting{8094ca4 com.example.voxcordis_app/10357}
07-13 00:55:36.001 D/PackageManager( 4613): Existing package: PackageSetting{8094ca4 com.example.voxcordis_app/10357}
07-13 00:55:36.003 D/PackageManager( 4613): Renaming /data/app/vmdl2065822702.tmp to /data/app/~~Bci5435Qj-GuhL9vtMrWtw==/com.example.voxcordis_app-rj1ImQNuFWGJ6xRL8JMYag==
07-13 00:55:36.013 I/ActivityManager( 4613): Force stopping com.example.voxcordis_app appid=10357 user=-1: installPackageLI
07-13 00:55:36.013 D/PackageManager( 4613): replacePackageLI: new=Package{69a11de com.example.voxcordis_app}, old=Package{2b4e545 com.example.voxcordis_app}
07-13 00:55:36.013 D/PackageManager( 4613): replaceNonSystemPackageLI: new=Package{69a11de com.example.voxcordis_app}, old=Package{2b4e545 com.example.voxcordis_app}
07-13 00:55:36.020 W/ActivityManager( 4613): Unable to freeze BinderAndPackageCgroup for uid=-89643 procs=[]
07-13 00:55:36.020 I/PackageManager( 4613): Update package com.example.voxcordis_app code path from /data/app/~~hvHlov0691Fpg1BpCG_New==/com.example.voxcordis_app-y-pt-49w6z9OPWNDj1hScg== to /data/app/~~Bci5435Qj-GuhL9vtMrWtw==/com.example.voxcordis_app-rj1ImQNuFWGJ6xRL8JMYag==; Retain data and using new
07-13 00:55:36.024 I/AppsFilter( 4613): interaction: PackageSetting{6f668ae com.zawani.app/10251} -> PackageSetting{ce050bb com.example.voxcordis_app/10357} BLOCKED
07-13 00:55:36.024 I/AppsFilter( 4613): interaction: PackageSetting{cee9de4 com.example.todo_app/10293} -> PackageSetting{ce050bb com.example.voxcordis_app/10357} BLOCKED
07-13 00:55:36.024 I/AppsFilter( 4613): interaction: PackageSetting{8b2376 bf.kora.kora_mobile/10266} -> PackageSetting{ce050bb com.example.voxcordis_app/10357} BLOCKED
07-13 00:55:36.025 D/PackageManager( 4613): Removing non-system package: com.example.voxcordis_app
07-13 00:55:36.025 D/PackageManager( 4613): Removing non-system package: com.example.voxcordis_app
07-13 00:55:36.025 I/AppsFilter( 4613): interaction: PackageSetting{6f668ae com.zawani.app/10251} -> PackageSetting{8094ca4 com.example.voxcordis_app/10357} BLOCKED
07-13 00:55:36.025 I/AppsFilter( 4613): interaction: PackageSetting{cee9de4 com.example.todo_app/10293} -> PackageSetting{8094ca4 com.example.voxcordis_app/10357} BLOCKED
07-13 00:55:36.025 I/AppsFilter( 4613): interaction: PackageSetting{8b2376 bf.kora.kora_mobile/10266} -> PackageSetting{8094ca4 com.example.voxcordis_app/10357} BLOCKED
07-13 00:55:36.026 D/PackageManager( 4613): removePackageDataLI: PackageSetting{8094ca4 com.example.voxcordis_app/10357}
07-13 00:55:36.037 D/PackageManager( 4613): Propagating install state across downgrade
07-13 00:55:36.037 D/PackageManager( 4613):     user 0 => true
07-13 00:55:36.062 D/PackageManager( 4613): New package installed in /data/app/~~Bci5435Qj-GuhL9vtMrWtw==/com.example.voxcordis_app-rj1ImQNuFWGJ6xRL8JMYag==
07-13 00:55:36.064 I/PermissionManager( 4613): Permission ownership changed. Updating all permissions.
07-13 00:55:36.072 D/os.permission.PermissionInfo( 4613): checkPermission 10161:android.permission.REMOVE_TASKS:false
07-13 00:55:36.133 D/os.permission.PermissionInfo( 4613): checkPermission 10182:android.permission.SYSTEM_ALERT_WINDOW:false
07-13 00:55:36.133 D/os.permission.PermissionInfo( 4613): checkPermission 10182:android.permission.CONTROL_REMOTE_APP_TRANSITION_ANIMATIONS:true
07-13 00:55:36.133 I/os.permission( 4613): Grant permission: android.permission.CONTROL_REMOTE_APP_TRANSITION_ANIMATIONS to uid: 10182
07-13 00:55:36.256 D/ActivityManager( 4613): Skip enqueue broadcast because no receiver with Intent { act=android.intent.action.SIG_STR flg=0x10 (has extras) }
07-13 00:55:36.258 W/Looper  ( 4613): Slow dispatch took 190ms android.fg h=android.os.Handler c=<recycled PooledLambda@7383fc0> m=0
07-13 00:55:36.287 D/os.permission.PermissionInfo( 4613): checkPermission 10161:android.permission.POST_NOTIFICATIONS:false
07-13 00:55:36.329 E/vold    (22437): access /data/media/0/Android/obb/com.example.voxcordis_app/ failed with 2
07-13 00:55:36.374 D/os.permission.PermissionInfo( 4613): checkPermission 10190:android.permission.POST_NOTIFICATIONS:false
07-13 00:55:36.422 D/os.permission.PermissionInfo( 4613): checkPermission 10124:android.permission.POST_NOTIFICATIONS:false
07-13 00:55:36.463 W/Looper  ( 4613): Slow delivery took 200ms android.fg h=android.os.Handler c=<recycled PooledLambda@619e80c> m=0
07-13 00:55:36.591 D/UniPackageManagerServiceImpl( 4613): PowerHint release!
07-13 00:55:36.603 I/AppsFilter( 4613): interaction: PackageSetting{6f668ae com.zawani.app/10251} -> PackageSetting{8094ca4 com.example.voxcordis_app/10357} BLOCKED
07-13 00:55:36.603 I/AppsFilter( 4613): interaction: PackageSetting{cee9de4 com.example.todo_app/10293} -> PackageSetting{8094ca4 com.example.voxcordis_app/10357} BLOCKED
07-13 00:55:36.603 I/AppsFilter( 4613): interaction: PackageSetting{8b2376 bf.kora.kora_mobile/10266} -> PackageSetting{8094ca4 com.example.voxcordis_app/10357} BLOCKED
07-13 00:55:36.629 D/PackageManager( 4613): Install end
07-13 00:55:36.629 I/ActivityManager( 4613): Force stopping com.example.voxcordis_app appid=10357 user=0: pkg removed
07-13 00:55:36.629 W/ActivityManager( 4613): Unable to freeze BinderAndPackageCgroup for uid=10357 procs=[]
07-13 00:55:36.635 D/CompetitionModeConfig( 4613): sys.apm.competition_mode_config is not support!
07-13 00:55:36.635 D/CompetitionModeConfig( 4613): sys.apm.competition_mode_config is not support!
07-13 00:55:36.635 D/CompetitionModeConfig( 4613): sys.apm.competition_mode_config is not support!
07-13 00:55:36.636 D/CompetitionModeConfig( 4613): sys.apm.competition_mode_config is not support!
07-13 00:55:36.637 D/CompetitionModeConfig( 4613): sys.apm.competition_mode_config is not support!
07-13 00:55:36.638 V/BroadcastQueue( 4613): Enqueuing BroadcastRecord{303a555 android.intent.action.PACKAGE_REMOVED/u0} from uid 1000 pid 4613 for 123 receivers
07-13 00:55:36.641 W/Looper  ( 4613): Drained
07-13 00:55:36.647 V/BroadcastQueue( 4613): Enqueuing BroadcastRecord{9ab7b6a android.intent.action.PACKAGE_REMOVED_INTERNAL/u0} from uid 1000 pid 4613 for 1 receivers
07-13 00:55:36.648 D/CompatibilityChangeReporter( 4613): Compat change id reported: 168419799; UID 10357; state: DISABLED
07-13 00:55:36.648 D/CompatibilityChangeReporter( 4613): Compat change id reported: 273564678; UID 10357; state: DISABLED
07-13 00:55:36.649 D/CompetitionModeConfig( 4613): sys.apm.competition_mode_config is not support!
07-13 00:55:36.649 D/CompetitionModeConfig( 4613): sys.apm.competition_mode_config is not support!
07-13 00:55:36.649 D/CompetitionModeConfig( 4613): sys.apm.competition_mode_config is not support!
07-13 00:55:36.649 D/CompetitionModeConfig( 4613): sys.apm.competition_mode_config is not support!
07-13 00:55:36.650 D/CompetitionModeConfig( 4613): sys.apm.competition_mode_config is not support!
07-13 00:55:36.651 D/CompetitionModeConfig( 4613): sys.apm.competition_mode_config is not support!
07-13 00:55:36.651 D/CompetitionModeConfig( 4613): sys.apm.competition_mode_config is not support!
07-13 00:55:36.652 D/CompetitionModeConfig( 4613): sys.apm.competition_mode_config is not support!
07-13 00:55:36.652 D/CompetitionModeConfig( 4613): sys.apm.competition_mode_config is not support!
07-13 00:55:36.653 D/CompetitionModeConfig( 4613): sys.apm.competition_mode_config is not support!
07-13 00:55:36.653 D/Griffin/ComponentManager( 4613): Limit receiveBroadcast:android.intent.action.PACKAGE_ADDED for com.facebook.katana/com.facebook.feed.platformads.AppInstallReceiver from sys, blacklist
07-13 00:55:36.654 D/CompetitionModeConfig( 4613): sys.apm.competition_mode_config is not support!
07-13 00:55:36.654 D/Griffin/ComponentManager( 4613): Limit receiveBroadcast:android.intent.action.PACKAGE_ADDED for com.wave.personal/com.wave.customer.risk.PackageInstallReceiver from sys, blacklist
07-13 00:55:36.654 D/CompetitionModeConfig( 4613): sys.apm.competition_mode_config is not support!
07-13 00:55:36.654 E/AppOps  ( 4613): attributionTag VCN not declared in manifest of android
07-13 00:55:36.655 D/Griffin/ComponentManager( 4613): Limit receiveBroadcast:android.intent.action.PACKAGE_ADDED for com.zhiliaoapp.musically/com.ss.android.common.applog.HotsoonReceiver from sys, blacklist
07-13 00:55:36.655 V/BroadcastQueue( 4613): Enqueuing BroadcastRecord{b9a085b android.intent.action.PACKAGE_ADDED/u0} from uid 1000 pid 4613 for 121 receivers
07-13 00:55:36.656 E/AppOps  ( 4613): attributionTag VCN not declared in manifest of android
07-13 00:55:36.658 E/AppOps  ( 4613): attributionTag VCN not declared in manifest of android
07-13 00:55:36.660 E/AppOps  ( 4613): attributionTag VCN not declared in manifest of android
07-13 00:55:36.663 D/CompetitionModeConfig( 4613): sys.apm.competition_mode_config is not support!
07-13 00:55:36.663 V/BroadcastQueue( 4613): Enqueuing BroadcastRecord{df32ca4 android.intent.action.PACKAGE_ADDED/u0} from uid 1000 pid 4613 for 1 receivers
07-13 00:55:36.670 D/CompetitionModeConfig( 4613): sys.apm.competition_mode_config is not support!
07-13 00:55:36.671 D/CompetitionModeConfig( 4613): sys.apm.competition_mode_config is not support!
07-13 00:55:36.672 V/BroadcastQueue( 4613): Enqueuing BroadcastRecord{2fc2a0d android.intent.action.PACKAGE_ADDED/u0} from uid 1000 pid 4613 for 4 receivers
07-13 00:55:36.683 D/CompetitionModeConfig( 4613): sys.apm.competition_mode_config is not support!
07-13 00:55:36.683 D/CompetitionModeConfig( 4613): sys.apm.competition_mode_config is not support!
07-13 00:55:36.684 D/CompetitionModeConfig( 4613): sys.apm.competition_mode_config is not support!
07-13 00:55:36.685 D/CompetitionModeConfig( 4613): sys.apm.competition_mode_config is not support!
07-13 00:55:36.685 W/ContextImpl(26656): Calling a method in the system process without a qualified user: android.app.ContextImpl.bindService:2111 android.content.ContextWrapper.bindService:861 b0.a.j:25 b0.a.e:1 b0.a$a.run:38 
07-13 00:55:36.686 D/CompetitionModeConfig( 4613): sys.apm.competition_mode_config is not support!
07-13 00:55:36.686 D/Griffin/ComponentManager( 4613): Limit receiveBroadcast:android.intent.action.PACKAGE_REPLACED for com.wave.personal/com.wave.customer.risk.PackageInstallReceiver from sys, blacklist
07-13 00:55:36.687 V/BroadcastQueue( 4613): Enqueuing BroadcastRecord{51931a android.intent.action.PACKAGE_REPLACED/u0} from uid 1000 pid 4613 for 34 receivers
07-13 00:55:36.687 D/CompetitionModeConfig( 4613): sys.apm.competition_mode_config is not support!
07-13 00:55:36.690 D/ActivityManager( 4613): Skip enqueue broadcast because no receiver with Intent { act=android.intent.action.PACKAGE_REPLACED dat=package: flg=0x4000010 pkg=com.android.vending (has extras) }
07-13 00:55:36.692 D/CompetitionModeConfig( 4613): sys.apm.competition_mode_config is not support!
07-13 00:55:36.695 D/ActivityManager( 4613): PROFILE_FROM_SHELL is disabled for ProcessRecord{265c6e6 0:com.transsion.phonemaster/u0a188}
07-13 00:55:36.696 D/CompatibilityChangeReporter( 4613): Compat change id reported: 135634846; UID 10188; state: DISABLED
07-13 00:55:36.696 D/CompatibilityChangeReporter( 4613): Compat change id reported: 177438394; UID 10188; state: DISABLED
07-13 00:55:36.696 D/CompatibilityChangeReporter( 4613): Compat change id reported: 135772972; UID 10188; state: DISABLED
07-13 00:55:36.697 D/CompatibilityChangeReporter( 4613): Compat change id reported: 143937733; UID 10188; state: ENABLED
07-13 00:55:36.704 W/PackageConfigPersister( 4613): App-specific configuration not found for packageName: com.example.voxcordis_app and userId: 0
07-13 00:55:36.708 E/AppOps  ( 4613): attributionTag VCN not declared in manifest of android
07-13 00:55:36.710 E/AppOps  ( 4613): attributionTag VCN not declared in manifest of android
07-13 00:55:36.711 D/ActivityManager( 4613): Skip enqueue broadcast because no receiver with Intent { act=android.intent.action.MY_PACKAGE_REPLACED flg=0x4000010 pkg=com.example.voxcordis_app (has extras) }
07-13 00:55:36.711 D/PackageInstallerSession( 4613): Marking session 2065822702 as applied
07-13 00:55:36.711 V/BroadcastQueue( 4613): Enqueuing BroadcastRecord{3d3f427 android.os.action.POWER_SAVE_TEMP_WHITELIST_CHANGED/u0} from uid 1000 pid 4613 for 1 receivers
07-13 00:55:36.712 D/CompetitionModeConfig( 4613): sys.apm.competition_mode_config is not support!
07-13 00:55:36.715 E/AppOps  ( 4613): attributionTag VCN not declared in manifest of android
07-13 00:55:36.716 I/ActivityManager( 4613): Start proc 22447:com.transsion.phonemaster/u0a188 for service {com.transsion.phonemaster/com.transsion.phonemaster.task.ClientTaskService}
07-13 00:55:36.722 E/AppOps  ( 4613): attributionTag VCN not declared in manifest of android
07-13 00:55:36.722 D/CompetitionModeConfig( 4613): sys.apm.competition_mode_config is not support!
07-13 00:55:36.724 D/ActivityManager( 4613): PROFILE_FROM_SHELL is disabled for ProcessRecord{9c4d779 0:com.android.keychain/1000}
07-13 00:55:36.725 D/CompatibilityChangeReporter( 4613): Compat change id reported: 135634846; UID 1000; state: DISABLED
07-13 00:55:36.725 D/CompatibilityChangeReporter( 4613): Compat change id reported: 177438394; UID 1000; state: DISABLED
07-13 00:55:36.725 D/CompatibilityChangeReporter( 4613): Compat change id reported: 135772972; UID 1000; state: DISABLED
07-13 00:55:36.725 D/CompatibilityChangeReporter( 4613): Compat change id reported: 135754954; UID 1000; state: ENABLED
07-13 00:55:36.731 D/TranLockScreenNotification( 4613): bReplace = true
07-13 00:55:36.743 I/ActivityManager( 4613): Start proc 22448:com.android.keychain/1000 for service {com.android.keychain/com.android.keychain.KeyChainService}
07-13 00:55:36.748 D/Griffin/StateProvider( 4613): Package removed: android.intent.action.PACKAGE_REMOVED, pkg = com.example.voxcordis_app
07-13 00:55:36.768 D/CompetitionModeConfig( 4613): sys.apm.competition_mode_config is not support!
07-13 00:55:36.769 D/CompatibilityChangeReporter( 4613): Compat change id reported: 261072174; UID 1000; state: ENABLED
07-13 00:55:36.786 D/CompetitionModeConfig( 4613): sys.apm.competition_mode_config is not support!
07-13 00:55:36.794 D/CompetitionModeConfig( 4613): sys.apm.competition_mode_config is not support!
07-13 00:55:36.796 V/BroadcastQueue( 4613): Enqueuing BroadcastRecord{cf847a3 Intent { flg=0x10 cmp=com.instagram.android/com.instagram.util.startup.appwarmer.KeepWarmReceiver (has extras) }/u0} from uid 10235 pid 20686 for 1 receivers
07-13 00:55:36.798 E/AppOps  ( 4613): attributionTag VCN not declared in manifest of android
07-13 00:55:36.800 E/AppOps  ( 4613): attributionTag VCN not declared in manifest of android
07-13 00:55:36.801 E/AppOps  ( 4613): attributionTag VCN not declared in manifest of android
07-13 00:55:36.806 E/AppOps  ( 4613): attributionTag VCN not declared in manifest of android
07-13 00:55:36.827 D/Hiber/appStateMachine( 4613): TranAppStateMachine initial
07-13 00:55:36.831 I/Hiber/config( 4613): pkgName: com.example.voxcordis_app uid: 10357 add to third app list
07-13 00:55:36.832 D/Hiber/appStateMachine( 4613): uid:10357 enter DefaultState
07-13 00:55:36.840 D/ActivityManager( 4613): Skip enqueue broadcast because no receiver with Intent { act=android.net.wifi.RSSI_CHANGED flg=0x4000010 (has extras) }
07-13 00:55:36.850 I/Telecom ( 4613): DefaultDialerCache: Package Manager could not find ComponentName:com.android.incallui: TSI.gSDP(cap)@+Gw
07-13 00:55:36.876 I/Telecom ( 4613): CarModeTracker: Package com.example.voxcordis_app is not tracked.: SSH.oR@+Gs
07-13 00:55:36.882 I/Telecom ( 4613): InCallController: updateCarModeForConnections: car mode apps: : SSH.oR@+Gs
07-13 00:55:36.889 I/Telecom ( 4613): InCallController: update carmode current:UserHandle{0} parent:null: SSH.oR@+Gs
07-13 00:55:36.889 W/Looper  ( 4613): Slow dispatch took 113ms main h=android.app.ActivityThread$H c=android.app.LoadedApk$ReceiverDispatcher$Args$$ExternalSyntheticLambda0@4164c82 m=0
07-13 00:55:36.889 I/Telecom ( 4613): DefaultDialerCache: Package Manager could not find ComponentName:com.android.incallui: TSI.gCCPA(cap)@+G0
07-13 00:55:36.891 W/Looper  ( 4613): Slow delivery took 224ms main h=android.app.ActivityThread$H c=android.app.LoadedApk$ReceiverDispatcher$Args$$ExternalSyntheticLambda0@75a5f93 m=0
07-13 00:55:36.901 D/TranLockScreenNotification( 4613): bReplace = true
07-13 00:55:36.902 D/SSense.AppInfoUtil( 4613): new APK:com.example.voxcordis_app is installed! for userId:0
07-13 00:55:36.943 D/Griffin/StateProvider( 4613): Package added: android.intent.action.PACKAGE_ADDED, pkg = com.example.voxcordis_app
07-13 00:55:36.989 V/BackupManagerConstants( 4613): getFullBackupIntervalMilliseconds(...) returns 86400000
07-13 00:55:36.990 V/BackupManagerConstants( 4613): getFullBackupRequiredNetworkType(...) returns 2
07-13 00:55:36.990 V/BackupManagerConstants( 4613): getFullBackupRequireCharging(...) returns true
07-13 00:55:37.000 D/SSense.AppInfoUtil( 4613): new APK:com.example.voxcordis_app is installed! for userId:0
07-13 00:55:37.000 D/CompatibilityChangeReporter( 4613): Compat change id reported: 171306433; UID 10357; state: ENABLED
07-13 00:55:37.001 W/AlarmManager( 4613): Package com.example.voxcordis_app, uid 10357 lost permission to set exact alarms!
07-13 00:55:37.005 W/Looper  ( 4613): Drained
07-13 00:55:37.021 D/ActivityManager( 4613): Skip enqueue broadcast because no receiver with Intent { act=android.intent.action.SIG_STR flg=0x10 (has extras) }
07-13 00:55:37.047 D/IntervalStats( 4613): Unable to parse usage stats packages: [307, 310, 311, 312, 313, 326, 327, 336, 337, 343, 344, 345, 347, 348, 349, 350, 351, 352, 353, 354, 372, 375, 398, 427, 428, 476, 479, 480, 481, 482, 483, 484, 485, 486, 487, 488, 499, 508, 514, 526, 539, 561, 562, 563, 570, 583, 592, 597, 599, 614, 615, 616, 626, 627, 628]
07-13 00:55:37.176 D/CompatibilityChangeReporter( 4613): Compat change id reported: 168419799; UID 1000; state: DISABLED
07-13 00:55:37.176 D/CompatibilityChangeReporter( 4613): Compat change id reported: 273564678; UID 1000; state: DISABLED
07-13 00:55:37.179 D/os.ActivityManagerServiceLice( 4613): make process active com.android.keychain(22448)
07-13 00:55:37.186 D/CompatibilityChangeReporter( 4613): Compat change id reported: 168419799; UID 10188; state: DISABLED
07-13 00:55:37.187 D/CompatibilityChangeReporter( 4613): Compat change id reported: 273564678; UID 10188; state: DISABLED
07-13 00:55:37.190 D/os.ActivityManagerServiceLice( 4613): make process active com.transsion.phonemaster(22447)
07-13 00:55:37.192 D/CompatibilityChangeReporter( 4613): Compat change id reported: 261072174; UID 1000; state: ENABLED
07-13 00:55:37.193 D/CompatibilityChangeReporter( 4613): Compat change id reported: 265195908; UID 10188; state: ENABLED
07-13 00:55:37.196 D/TranClassInfo(22448): instance successfully. com.transsion.hubcore.graphics.TranGraphicImpl@ee974e1 from com.transsion.hubcore.graphics.ITranGraphic
07-13 00:55:37.200 D/TranClassInfo(22447): instance successfully. com.transsion.hubcore.graphics.TranGraphicImpl@ee974e1 from com.transsion.hubcore.graphics.ITranGraphic
07-13 00:55:37.203 D/CompatibilityChangeReporter( 4613): Compat change id reported: 170503758; UID 10188; state: ENABLED
07-13 00:55:37.249 D/NetworkStatusMonitor( 4613): getAllInterfaceNames network type is wifi
07-13 00:55:37.249 D/NetworkStatusMonitor( 4613): onNetworkTypeChanged wifi => wifi
07-13 00:55:37.364 I/ActivityManager( 4613): Flag disabled. Ignoring finishAttachApplication from uid: 1000. pid: 22448
07-13 00:55:37.397 D/CompatibilityChangeReporter( 4613): Compat change id reported: 161252188; UID 10270; state: DISABLED
07-13 00:55:37.415 D/CompatibilityChangeReporter( 4613): Compat change id reported: 161252188; UID 10286; state: DISABLED
07-13 00:55:37.422 D/CompatibilityChangeReporter( 4613): Compat change id reported: 161252188; UID 10188; state: DISABLED
07-13 00:55:37.442 D/CompatibilityChangeReporter( 4613): Compat change id reported: 161252188; UID 10239; state: DISABLED
07-13 00:55:37.451 D/CompatibilityChangeReporter( 4613): Compat change id reported: 161252188; UID 10356; state: DISABLED
07-13 00:55:37.461 D/CompatibilityChangeReporter( 4613): Compat change id reported: 161252188; UID 10141; state: DISABLED
07-13 00:55:37.469 D/CompatibilityChangeReporter( 4613): Compat change id reported: 161252188; UID 10244; state: DISABLED
07-13 00:55:37.486 D/CompatibilityChangeReporter( 4613): Compat change id reported: 161252188; UID 10147; state: DISABLED
07-13 00:55:37.509 D/CompatibilityChangeReporter( 4613): Compat change id reported: 161252188; UID 1000; state: DISABLED
07-13 00:55:37.643 I/DisplayDeviceRepository( 4613): Display device changed: DisplayDeviceInfo{"Built-in Screen": uniqueId="local:4619827259835644672", 720 x 1600, modeId 1, renderFrameRate 60.0, defaultModeId 2, supportedModes [{id=1, width=720, height=1600, fps=60.0, alternativeRefreshRates=[90.0, 120.00001], supportedHdrTypes=[]}, {id=2, width=720, height=1600, fps=120.00001, alternativeRefreshRates=[60.0, 90.0], supportedHdrTypes=[]}, {id=3, width=720, height=1600, fps=90.0, alternativeRefreshRates=[60.0, 120.00001], supportedHdrTypes=[]}], colorMode 0, supportedColorModes [0], hdrCapabilities HdrCapabilities{mSupportedHdrTypes=[], mMaxLuminance=500.0, mMaxAverageLuminance=500.0, mMinLuminance=0.0}, allmSupported false, gameContentTypeSupported false, density 320, 261.257 x 262.193 dpi, appVsyncOff 1000000, presDeadline 16666667, cutout DisplayCutout{insets=Rect(0, 72 - 0, 0) waterfall=Insets{left=0, top=0, right=0, bottom=0} boundingRect={Bounds=[Rect(0, 0 - 0, 0), Rect(312, 0 - 408, 72), Rect(0, 0 - 0, 0), Rect(0, 0 - 0, 0)]} cutoutPathParserInfo={CutoutPathParserInfo{displayWidth=720 displayHeight=1600 physicalDisplayWidth=720 physicalDisplayHeight=1600 density={2.0} cutoutSpec={M -24,0 L -24,36 L 24,36 L 24,0 Z @dp} rotation={0} scale={1.0} physicalPixelDisplaySizeRatio={1.0}}}}, touch INTERNAL, rotation 0, type INTERNAL, address {port=0, model=0x401cec6a7a2b7b}, deviceProductInfo DeviceProductInfo{name=EMU_display_0, manufacturerPnpId=GGL, productId=1, modelYear=null, manufactureDate=ManufactureDate{week=27, year=2006}, connectionToSinkType=0}, state ON, committedState ON, frameRateOverride {uid=10182 frameRateHz=90.0} , brightnessMinimum 0.0, brightnessMaximum 1.0, brightnessDefault 0.38188976, hdrSdrRatio NaN, FLAG_ALLOWED_TO_BE_DEFAULT_DISPLAY, FLAG_ROTATES_WITH_CONTENT, FLAG_SECURE, FLAG_SUPPORTS_PROTECTED_BUFFERS, FLAG_TRUSTED, installOrientation 0, displayShape DisplayShape{ spec=2134893525 displayWidth=720 displayHeight=1600 physicalPixelDisplaySizeRatio=1.0 rotation=0 offsetX=0 offsetY=0 scale=1.0}}
07-13 00:55:37.645 D/Griffin/DeviceState( 4613): virtualDisplayPackageName :{}
07-13 00:55:37.649 D/WindowManager( 4613): isSupportDynamicNavbar user0, navBarMode = 2, is3buttonModeNavbar = false
07-13 00:55:37.668 I/DisplayDeviceRepository( 4613): Display device changed: DisplayDeviceInfo{"Built-in Screen": uniqueId="local:4619827259835644672", 720 x 1600, modeId 3, renderFrameRate 90.0, defaultModeId 2, supportedModes [{id=1, width=720, height=1600, fps=60.0, alternativeRefreshRates=[90.0, 120.00001], supportedHdrTypes=[]}, {id=2, width=720, height=1600, fps=120.00001, alternativeRefreshRates=[60.0, 90.0], supportedHdrTypes=[]}, {id=3, width=720, height=1600, fps=90.0, alternativeRefreshRates=[60.0, 120.00001], supportedHdrTypes=[]}], colorMode 0, supportedColorModes [0], hdrCapabilities HdrCapabilities{mSupportedHdrTypes=[], mMaxLuminance=500.0, mMaxAverageLuminance=500.0, mMinLuminance=0.0}, allmSupported false, gameContentTypeSupported false, density 320, 261.257 x 262.193 dpi, appVsyncOff 2000000, presDeadline 11111111, cutout DisplayCutout{insets=Rect(0, 72 - 0, 0) waterfall=Insets{left=0, top=0, right=0, bottom=0} boundingRect={Bounds=[Rect(0, 0 - 0, 0), Rect(312, 0 - 408, 72), Rect(0, 0 - 0, 0), Rect(0, 0 - 0, 0)]} cutoutPathParserInfo={CutoutPathParserInfo{displayWidth=720 displayHeight=1600 physicalDisplayWidth=720 physicalDisplayHeight=1600 density={2.0} cutoutSpec={M -24,0 L -24,36 L 24,36 L 24,0 Z @dp} rotation={0} scale={1.0} physicalPixelDisplaySizeRatio={1.0}}}}, touch INTERNAL, rotation 0, type INTERNAL, address {port=0, model=0x401cec6a7a2b7b}, deviceProductInfo DeviceProductInfo{name=EMU_display_0, manufacturerPnpId=GGL, productId=1, modelYear=null, manufactureDate=ManufactureDate{week=27, year=2006}, connectionToSinkType=0}, state ON, committedState ON, frameRateOverride {uid=10182 frameRateHz=90.0} , brightnessMinimum 0.0, brightnessMaximum 1.0, brightnessDefault 0.38188976, hdrSdrRatio NaN, FLAG_ALLOWED_TO_BE_DEFAULT_DISPLAY, FLAG_ROTATES_WITH_CONTENT, FLAG_SECURE, FLAG_SUPPORTS_PROTECTED_BUFFERS, FLAG_TRUSTED, installOrientation 0, displayShape DisplayShape{ spec=2134893525 displayWidth=720 displayHeight=1600 physicalPixelDisplaySizeRatio=1.0 rotation=0 offsetX=0 offsetY=0 scale=1.0}}
07-13 00:55:37.671 D/Griffin/DeviceState( 4613): virtualDisplayPackageName :{}
07-13 00:55:37.672 D/DisplayManagerService( 4613): Ignore redundant display event 0/2 to 10147/17371
07-13 00:55:37.672 D/DisplayManagerService( 4613): Ignore redundant display event 0/2 to 10239/21394
07-13 00:55:37.683 D/WindowManager( 4613): isSupportDynamicNavbar user0, navBarMode = 2, is3buttonModeNavbar = false
07-13 00:55:37.687 D/WindowManager( 4613): isSupportDynamicNavbar user0, navBarMode = 2, is3buttonModeNavbar = false
07-13 00:55:37.947 D/CompatibilityChangeReporter( 4613): Compat change id reported: 161145287; UID 10188; state: ENABLED
07-13 00:55:38.024 D/ActivityManager( 4613): Skip enqueue broadcast because no receiver with Intent { act=android.intent.action.SIG_STR flg=0x10 (has extras) }
07-13 00:55:38.094 D/CompetitionModeConfig( 4613): sys.apm.competition_mode_config is not support!
07-13 00:55:38.102 D/CompatibilityChangeReporter( 4613): Compat change id reported: 261072174; UID 10270; state: ENABLED
07-13 00:55:38.103 D/CompatibilityChangeReporter( 4613): Compat change id reported: 261072174; UID 10147; state: ENABLED
07-13 00:55:38.106 D/CompatibilityChangeReporter( 4613): Compat change id reported: 261072174; UID 10188; state: ENABLED
07-13 00:55:38.176 D/IntervalStats( 4613): Unable to parse usage stats packages: [307, 310, 311, 312, 313, 326, 327, 336, 337, 343, 344, 345, 347, 348, 349, 350, 351, 352, 353, 354, 372, 375, 398, 427, 428, 476, 479, 480, 481, 482, 483, 484, 485, 486, 487, 488, 499, 508, 514, 526, 539, 561, 562, 563, 570, 583, 592, 597, 599, 614, 615, 616, 626, 627, 628]
07-13 00:55:38.189 D/CompetitionModeConfig( 4613): sys.apm.competition_mode_config is not support!
07-13 00:55:38.310 D/CompetitionModeConfig( 4613): sys.apm.competition_mode_config is not support!
07-13 00:55:38.312 D/ActivityManager( 4613): Skip enqueue broadcast because no receiver with Intent { act=com.android.vending.INTENT_COMPLETE_UPDATE_FINISH_SPLASH_SCREEN flg=0x10 pkg=com.android.vending (has extras) }
07-13 00:55:38.316 D/IntervalStats( 4613): Unable to parse usage stats packages: [307, 310, 311, 312, 313, 326, 327, 336, 337, 343, 344, 345, 347, 348, 349, 350, 351, 352, 353, 354, 372, 375, 398, 427, 428, 476, 479, 480, 481, 482, 483, 484, 485, 486, 487, 488, 499, 508, 514, 526, 539, 561, 562, 563, 570, 583, 592, 597, 599, 614, 615, 616, 626, 627, 628]
07-13 00:55:38.322 D/CompetitionModeConfig( 4613): sys.apm.competition_mode_config is not support!
07-13 00:55:38.334 D/CompetitionModeConfig( 4613): sys.apm.competition_mode_config is not support!
07-13 00:55:38.390 D/CompetitionModeConfig( 4613): sys.apm.competition_mode_config is not support!
07-13 00:55:38.418 D/CompetitionModeConfig( 4613): sys.apm.competition_mode_config is not support!
07-13 00:55:38.436 D/CompetitionModeConfig( 4613): sys.apm.competition_mode_config is not support!
07-13 00:55:38.443 W/WindowMagnificationMgr( 4613): requestConnection duplicated request: connect=false, mConnectionState=DISCONNECTED
07-13 00:55:38.464 D/CompetitionModeConfig( 4613): sys.apm.competition_mode_config is not support!
07-13 00:55:38.479 D/CompetitionModeConfig( 4613): sys.apm.competition_mode_config is not support!
07-13 00:55:38.492 D/CompetitionModeConfig( 4613): sys.apm.competition_mode_config is not support!
07-13 00:55:38.497 D/CompetitionModeConfig( 4613): sys.apm.competition_mode_config is not support!
07-13 00:55:38.504 V/AlarmManager( 4613): set(PendingIntent{f7a0fd9: PendingIntentRecord{2a30d9e com.google.android.gms/com.google.android.gms.container startService}}) : type=3 listener=null listenerTag=null workSource=null callingPackage=com.google.android.gms callingUid=10122 triggerAtTime=316080057175 win=3600000 tElapsed=316080057175 maxElapsed=316083657175 interval=0 flags=0x0
07-13 00:55:38.524 W/WindowMagnificationMgr( 4613): requestConnection duplicated request: connect=false, mConnectionState=DISCONNECTED
07-13 00:55:38.544 V/BroadcastQueue( 4613): Enqueuing BroadcastRecord{e746de5 android.net.conn.CONNECTIVITY_CHANGE/u-1} from uid -1 pid -1 for 1 receivers
07-13 00:55:38.554 V/BroadcastQueue( 4613): Enqueuing BroadcastRecord{6e885e android.net.conn.CONNECTIVITY_CHANGE/u-1} from uid -1 pid -1 for 1 receivers
07-13 00:55:38.557 D/CompetitionModeConfig( 4613): sys.apm.competition_mode_config is not support!
07-13 00:55:38.557 D/os.permission.PermissionInfo( 4613): checkPermission 10180:android.permission.INTERACT_ACROSS_USERS_FULL:false
07-13 00:55:38.577 D/CompetitionModeConfig( 4613): sys.apm.competition_mode_config is not support!
07-13 00:55:38.583 D/CompetitionModeConfig( 4613): sys.apm.competition_mode_config is not support!
07-13 00:55:38.591 D/os.permission.PermissionInfo( 4613): checkPermission 10180:android.permission.SYSTEM_ALERT_WINDOW:false
07-13 00:55:38.627 D/CompetitionModeConfig( 4613): sys.apm.competition_mode_config is not support!
07-13 00:55:38.633 V/AlarmManager( 4613): set(PendingIntent{56eb77a: PendingIntentRecord{e677b2b com.google.android.gms/com.google.android.gms.container startService}}) : type=3 listener=null listenerTag=null workSource=null callingPackage=com.google.android.gms callingUid=10122 triggerAtTime=316080057302 win=3600000 tElapsed=316080057302 maxElapsed=316083657302 interval=0 flags=0x0
07-13 00:55:38.634 D/CompetitionModeConfig( 4613): sys.apm.competition_mode_config is not support!
07-13 00:55:38.652 D/CompetitionModeConfig( 4613): sys.apm.competition_mode_config is not support!
07-13 00:55:38.665 D/CompetitionModeConfig( 4613): sys.apm.competition_mode_config is not support!
07-13 00:55:38.671 D/CompetitionModeConfig( 4613): sys.apm.competition_mode_config is not support!
07-13 00:55:38.680 D/CompetitionModeConfig( 4613): sys.apm.competition_mode_config is not support!
07-13 00:55:38.693 D/CompetitionModeConfig( 4613): sys.apm.competition_mode_config is not support!
07-13 00:55:38.696 D/CompetitionModeConfig( 4613): sys.apm.competition_mode_config is not support!
07-13 00:55:38.699 I/ActivityManager( 4613): Flag disabled. Ignoring finishAttachApplication from uid: 10188. pid: 22447
07-13 00:55:38.702 D/CompetitionModeConfig( 4613): sys.apm.competition_mode_config is not support!
07-13 00:55:38.710 D/CompetitionModeConfig( 4613): sys.apm.competition_mode_config is not support!
07-13 00:55:38.729 D/CompetitionModeConfig( 4613): sys.apm.competition_mode_config is not support!
07-13 00:55:38.733 D/CompetitionModeConfig( 4613): sys.apm.competition_mode_config is not support!
07-13 00:55:38.756 W/ContextImpl(26656): Calling a method in the system process without a qualified user: android.app.ContextImpl.bindService:2111 android.content.ContextWrapper.bindService:861 b0.a.j:25 b0.a.e:1 b0.a$a.run:38 
07-13 00:55:38.757 D/CompetitionModeConfig( 4613): sys.apm.competition_mode_config is not support!
07-13 00:55:38.757 D/CompetitionModeConfig( 4613): sys.apm.competition_mode_config is not support!
07-13 00:55:38.759 D/CompetitionModeConfig( 4613): sys.apm.competition_mode_config is not support!
07-13 00:55:38.773 D/CompetitionModeConfig( 4613): sys.apm.competition_mode_config is not support!
07-13 00:55:38.787 D/CompetitionModeConfig( 4613): sys.apm.competition_mode_config is not support!
07-13 00:55:38.809 D/CompetitionModeConfig( 4613): sys.apm.competition_mode_config is not support!
07-13 00:55:38.853 I/keystore2(  399): system/security/keystore2/src/security_level.rs:227 - create_operation start
07-13 00:55:38.853 I/keystore2(  399): system/security/keystore2/src/security_level.rs:229 - caller_pid=22447
07-13 00:55:38.853 I/keystore2(  399): system/security/keystore2/src/security_level.rs:230 - caller_uid=10188
07-13 00:55:38.853 I/keystore2(  399): system/security/keystore2/src/security_level.rs:231 - forced=false
07-13 00:55:38.853 I/keystore2(  399): system/security/keystore2/src/security_level.rs:232 - key.domain=r#KEY_ID
07-13 00:55:38.853 I/keystore2(  399): system/security/keystore2/src/security_level.rs:233 - key.alias=None
07-13 00:55:38.853 I/keystore2(  399): system/security/keystore2/src/security_level.rs:269 - with_try_import start
07-13 00:55:38.853 I/keystore2(  399): system/security/keystore2/src/security_level.rs:227 - create_operation start
07-13 00:55:38.853 I/keystore2(  399): system/security/keystore2/src/security_level.rs:229 - caller_pid=22447
07-13 00:55:38.853 I/keystore2(  399): system/security/keystore2/src/security_level.rs:230 - caller_uid=10188
07-13 00:55:38.853 I/keystore2(  399): system/security/keystore2/src/security_level.rs:231 - forced=false
07-13 00:55:38.853 I/keystore2(  399): system/security/keystore2/src/security_level.rs:232 - key.domain=r#KEY_ID
07-13 00:55:38.853 I/keystore2(  399): system/security/keystore2/src/security_level.rs:233 - key.alias=None
07-13 00:55:38.853 I/keystore2(  399): system/security/keystore2/src/security_level.rs:269 - with_try_import start
07-13 00:55:38.857 I/keystore2(  399): system/security/keystore2/src/security_level.rs:291 - with_try_import end
07-13 00:55:38.857 I/keystore2(  399): system/security/keystore2/src/security_level.rs:325 - authorize_create start
07-13 00:55:38.857 I/keystore2(  399): system/security/keystore2/src/security_level.rs:336 - authorize_create end
07-13 00:55:38.857 I/keystore2(  399): system/security/keystore2/src/security_level.rs:337 - unwrap_key_if_required start
07-13 00:55:38.857 I/keystore2(  399): system/security/keystore2/src/security_level.rs:346 - unwrap_key_if_required end
07-13 00:55:38.857 I/keystore2(  399): system/security/keystore2/src/security_level.rs:347 - upgrade_keyblob_if_required_with start
07-13 00:55:38.878 I/keystore2(  399): system/security/keystore2/src/security_level.rs:391 - upgrade_keyblob_if_required_with end
07-13 00:55:38.878 I/keystore2(  399): system/security/keystore2/src/enforcements.rs:244 - finalize_create_authorization self.state=NoAuthRequired
07-13 00:55:38.879 I/keystore2(  399): system/security/keystore2/src/security_level.rs:397 - operation_db.create_operation start
07-13 00:55:38.879 I/keystore2(  399): system/security/keystore2/src/security_level.rs:415 - operation_db.create_operation end
07-13 00:55:38.880 I/keystore2(  399): system/security/keystore2/src/security_level.rs:291 - with_try_import end
07-13 00:55:38.880 I/keystore2(  399): system/security/keystore2/src/security_level.rs:325 - authorize_create start
07-13 00:55:38.880 I/keystore2(  399): system/security/keystore2/src/security_level.rs:336 - authorize_create end
07-13 00:55:38.880 I/keystore2(  399): system/security/keystore2/src/security_level.rs:337 - unwrap_key_if_required start
07-13 00:55:38.880 I/keystore2(  399): system/security/keystore2/src/security_level.rs:346 - unwrap_key_if_required end
07-13 00:55:38.880 I/keystore2(  399): system/security/keystore2/src/security_level.rs:347 - upgrade_keyblob_if_required_with start
07-13 00:55:38.884 I/keystore2(  399): system/security/keystore2/src/security_level.rs:391 - upgrade_keyblob_if_required_with end
07-13 00:55:38.884 I/keystore2(  399): system/security/keystore2/src/enforcements.rs:244 - finalize_create_authorization self.state=NoAuthRequired
07-13 00:55:38.884 I/keystore2(  399): system/security/keystore2/src/security_level.rs:397 - operation_db.create_operation start
07-13 00:55:38.884 I/keystore2(  399): system/security/keystore2/src/security_level.rs:415 - operation_db.create_operation end
07-13 00:55:38.895 I/keystore2(  399): system/security/keystore2/src/security_level.rs:227 - create_operation start
07-13 00:55:38.895 I/keystore2(  399): system/security/keystore2/src/security_level.rs:229 - caller_pid=22447
07-13 00:55:38.895 I/keystore2(  399): system/security/keystore2/src/security_level.rs:230 - caller_uid=10188
07-13 00:55:38.895 I/keystore2(  399): system/security/keystore2/src/security_level.rs:231 - forced=false
07-13 00:55:38.895 I/keystore2(  399): system/security/keystore2/src/security_level.rs:232 - key.domain=r#KEY_ID
07-13 00:55:38.895 I/keystore2(  399): system/security/keystore2/src/security_level.rs:233 - key.alias=None
07-13 00:55:38.895 I/keystore2(  399): system/security/keystore2/src/security_level.rs:269 - with_try_import start
07-13 00:55:38.896 I/keystore2(  399): system/security/keystore2/src/security_level.rs:291 - with_try_import end
07-13 00:55:38.896 I/keystore2(  399): system/security/keystore2/src/security_level.rs:325 - authorize_create start
07-13 00:55:38.896 I/keystore2(  399): system/security/keystore2/src/security_level.rs:336 - authorize_create end
07-13 00:55:38.896 I/keystore2(  399): system/security/keystore2/src/security_level.rs:337 - unwrap_key_if_required start
07-13 00:55:38.896 I/keystore2(  399): system/security/keystore2/src/security_level.rs:346 - unwrap_key_if_required end
07-13 00:55:38.896 I/keystore2(  399): system/security/keystore2/src/security_level.rs:347 - upgrade_keyblob_if_required_with start
07-13 00:55:38.944 D/PowerController.BgClean( 4613): new APK:com.example.voxcordis_app is installed! for userId:0
07-13 00:55:38.955 I/keystore2(  399): system/security/keystore2/src/security_level.rs:391 - upgrade_keyblob_if_required_with end
07-13 00:55:38.955 I/keystore2(  399): system/security/keystore2/src/enforcements.rs:244 - finalize_create_authorization self.state=NoAuthRequired
07-13 00:55:38.955 I/keystore2(  399): system/security/keystore2/src/security_level.rs:397 - operation_db.create_operation start
07-13 00:55:38.955 I/keystore2(  399): system/security/keystore2/src/security_level.rs:415 - operation_db.create_operation end
07-13 00:55:38.968 I/keystore2(  399): system/security/keystore2/src/security_level.rs:227 - create_operation start
07-13 00:55:38.968 I/keystore2(  399): system/security/keystore2/src/security_level.rs:229 - caller_pid=22447
07-13 00:55:38.968 I/keystore2(  399): system/security/keystore2/src/security_level.rs:230 - caller_uid=10188
07-13 00:55:38.968 I/keystore2(  399): system/security/keystore2/src/security_level.rs:231 - forced=false
07-13 00:55:38.968 I/keystore2(  399): system/security/keystore2/src/security_level.rs:232 - key.domain=r#KEY_ID
07-13 00:55:38.968 I/keystore2(  399): system/security/keystore2/src/security_level.rs:233 - key.alias=None
07-13 00:55:38.968 I/keystore2(  399): system/security/keystore2/src/security_level.rs:269 - with_try_import start
07-13 00:55:38.969 I/keystore2(  399): system/security/keystore2/src/security_level.rs:291 - with_try_import end
07-13 00:55:38.969 I/keystore2(  399): system/security/keystore2/src/security_level.rs:325 - authorize_create start
07-13 00:55:38.969 I/keystore2(  399): system/security/keystore2/src/security_level.rs:336 - authorize_create end
07-13 00:55:38.969 I/keystore2(  399): system/security/keystore2/src/security_level.rs:337 - unwrap_key_if_required start
07-13 00:55:38.969 I/keystore2(  399): system/security/keystore2/src/security_level.rs:346 - unwrap_key_if_required end
07-13 00:55:38.969 I/keystore2(  399): system/security/keystore2/src/security_level.rs:347 - upgrade_keyblob_if_required_with start
07-13 00:55:38.984 D/CompetitionModeConfig( 4613): sys.apm.competition_mode_config is not support!
07-13 00:55:38.992 D/CompetitionModeConfig( 4613): sys.apm.competition_mode_config is not support!
07-13 00:55:38.993 I/keystore2(  399): system/security/keystore2/src/security_level.rs:391 - upgrade_keyblob_if_required_with end
07-13 00:55:38.993 I/keystore2(  399): system/security/keystore2/src/enforcements.rs:244 - finalize_create_authorization self.state=NoAuthRequired
07-13 00:55:38.993 I/keystore2(  399): system/security/keystore2/src/security_level.rs:397 - operation_db.create_operation start
07-13 00:55:38.993 I/keystore2(  399): system/security/keystore2/src/security_level.rs:415 - operation_db.create_operation end
07-13 00:55:39.000 D/PowerController.BgClean( 4613): new APK:com.example.voxcordis_app is installed! for userId:0
07-13 00:55:39.002 D/CompetitionModeConfig( 4613): sys.apm.competition_mode_config is not support!
07-13 00:55:39.095 I/keystore2(  399): system/security/keystore2/src/security_level.rs:227 - create_operation start
07-13 00:55:39.095 I/keystore2(  399): system/security/keystore2/src/security_level.rs:229 - caller_pid=22447
07-13 00:55:39.095 I/keystore2(  399): system/security/keystore2/src/security_level.rs:230 - caller_uid=10188
07-13 00:55:39.095 I/keystore2(  399): system/security/keystore2/src/security_level.rs:231 - forced=false
07-13 00:55:39.095 I/keystore2(  399): system/security/keystore2/src/security_level.rs:232 - key.domain=r#KEY_ID
07-13 00:55:39.095 I/keystore2(  399): system/security/keystore2/src/security_level.rs:233 - key.alias=None
07-13 00:55:39.095 I/keystore2(  399): system/security/keystore2/src/security_level.rs:269 - with_try_import start
07-13 00:55:39.097 I/keystore2(  399): system/security/keystore2/src/security_level.rs:291 - with_try_import end
07-13 00:55:39.097 I/keystore2(  399): system/security/keystore2/src/security_level.rs:325 - authorize_create start
07-13 00:55:39.097 I/keystore2(  399): system/security/keystore2/src/security_level.rs:336 - authorize_create end
07-13 00:55:39.097 I/keystore2(  399): system/security/keystore2/src/security_level.rs:337 - unwrap_key_if_required start
07-13 00:55:39.097 I/keystore2(  399): system/security/keystore2/src/security_level.rs:346 - unwrap_key_if_required end
07-13 00:55:39.097 I/keystore2(  399): system/security/keystore2/src/security_level.rs:347 - upgrade_keyblob_if_required_with start
07-13 00:55:39.100 I/keystore2(  399): system/security/keystore2/src/security_level.rs:391 - upgrade_keyblob_if_required_with end
07-13 00:55:39.100 I/keystore2(  399): system/security/keystore2/src/enforcements.rs:244 - finalize_create_authorization self.state=NoAuthRequired
07-13 00:55:39.100 I/keystore2(  399): system/security/keystore2/src/security_level.rs:397 - operation_db.create_operation start
07-13 00:55:39.100 I/keystore2(  399): system/security/keystore2/src/security_level.rs:415 - operation_db.create_operation end
07-13 00:55:39.107 D/CompetitionModeConfig( 4613): sys.apm.competition_mode_config is not support!
07-13 00:55:39.124 D/CompetitionModeConfig( 4613): sys.apm.competition_mode_config is not support!
07-13 00:55:39.133 V/BroadcastQueue( 4613): Enqueuing BroadcastRecord{42f454e android.net.conn.CONNECTIVITY_CHANGE/u-1} from uid -1 pid -1 for 1 receivers
07-13 00:55:39.143 D/CompetitionModeConfig( 4613): sys.apm.competition_mode_config is not support!
07-13 00:55:39.158 D/CompetitionModeConfig( 4613): sys.apm.competition_mode_config is not support!
07-13 00:55:39.165 D/CompetitionModeConfig( 4613): sys.apm.competition_mode_config is not support!
07-13 00:55:39.174 D/CompetitionModeConfig( 4613): sys.apm.competition_mode_config is not support!
07-13 00:55:39.232 D/CompetitionModeConfig( 4613): sys.apm.competition_mode_config is not support!
07-13 00:55:39.233 D/ActivityManager( 4613): Skip enqueue broadcast because no receiver with Intent { act=com.google.android.vending.verifier.ACTION_CHECK_VERIFY_INSTALL flg=0x10 pkg=com.android.vending (has extras) }
07-13 00:55:39.250 D/CompetitionModeConfig( 4613): sys.apm.competition_mode_config is not support!
07-13 00:55:39.262 W/PowerProfile(22447): screen.on is deprecated! Use screen.on.display0 instead.
07-13 00:55:39.262 W/PowerProfile(22447): screen.full is deprecated! Use screen.full.display0 instead.
07-13 00:55:39.276 W/ModemPowerProfile(22447): getAverageBatteryDrainMaH called with unexpected key: 0x0, drain:SLEEP,RAT:DEFAULT
07-13 00:55:39.276 W/ModemPowerProfile(22447): getAverageBatteryDrainMaH called with unexpected key: 0x10000000, drain:IDLE,RAT:DEFAULT
07-13 00:55:39.276 W/ModemPowerProfile(22447): getAverageBatteryDrainMaH called with unexpected key: 0x20000000, drain:RX,RAT:DEFAULT
07-13 00:55:39.276 W/ModemPowerProfile(22447): getAverageBatteryDrainMaH called with unexpected key: 0x30000000, drain:TX,level:0,RAT:DEFAULT
07-13 00:55:39.277 W/ModemPowerProfile(22447): getAverageBatteryDrainMaH called with unexpected key: 0x31000000, drain:TX,level:1,RAT:DEFAULT
07-13 00:55:39.277 W/ModemPowerProfile(22447): getAverageBatteryDrainMaH called with unexpected key: 0x32000000, drain:TX,level:2,RAT:DEFAULT
07-13 00:55:39.277 W/ModemPowerProfile(22447): getAverageBatteryDrainMaH called with unexpected key: 0x33000000, drain:TX,level:3,RAT:DEFAULT
07-13 00:55:39.277 W/ModemPowerProfile(22447): getAverageBatteryDrainMaH called with unexpected key: 0x34000000, drain:TX,level:4,RAT:DEFAULT
07-13 00:55:39.321 D/CompetitionModeConfig( 4613): sys.apm.competition_mode_config is not support!
07-13 00:55:39.323 D/CompetitionModeConfig( 4613): sys.apm.competition_mode_config is not support!
07-13 00:55:39.325 V/BroadcastQueue( 4613): Enqueuing BroadcastRecord{77aa6b Intent { flg=0x10 cmp=com.instagram.android/com.instagram.util.startup.appwarmer.KeepWarmReceiver (has extras) }/u0} from uid 10235 pid 20686 for 1 receivers
07-13 00:55:39.356 I/keystore2(  399): system/security/keystore2/src/security_level.rs:227 - create_operation start
07-13 00:55:39.356 I/keystore2(  399): system/security/keystore2/src/security_level.rs:229 - caller_pid=22447
07-13 00:55:39.356 I/keystore2(  399): system/security/keystore2/src/security_level.rs:230 - caller_uid=10188
07-13 00:55:39.356 I/keystore2(  399): system/security/keystore2/src/security_level.rs:231 - forced=false
07-13 00:55:39.356 I/keystore2(  399): system/security/keystore2/src/security_level.rs:232 - key.domain=r#KEY_ID
07-13 00:55:39.356 I/keystore2(  399): system/security/keystore2/src/security_level.rs:233 - key.alias=None
07-13 00:55:39.356 I/keystore2(  399): system/security/keystore2/src/security_level.rs:269 - with_try_import start
07-13 00:55:39.361 I/keystore2(  399): system/security/keystore2/src/security_level.rs:291 - with_try_import end
07-13 00:55:39.361 I/keystore2(  399): system/security/keystore2/src/security_level.rs:325 - authorize_create start
07-13 00:55:39.361 I/keystore2(  399): system/security/keystore2/src/security_level.rs:336 - authorize_create end
07-13 00:55:39.361 I/keystore2(  399): system/security/keystore2/src/security_level.rs:337 - unwrap_key_if_required start
07-13 00:55:39.361 I/keystore2(  399): system/security/keystore2/src/security_level.rs:346 - unwrap_key_if_required end
07-13 00:55:39.361 I/keystore2(  399): system/security/keystore2/src/security_level.rs:347 - upgrade_keyblob_if_required_with start
07-13 00:55:39.366 I/keystore2(  399): system/security/keystore2/src/security_level.rs:391 - upgrade_keyblob_if_required_with end
07-13 00:55:39.366 I/keystore2(  399): system/security/keystore2/src/enforcements.rs:244 - finalize_create_authorization self.state=NoAuthRequired
07-13 00:55:39.366 I/keystore2(  399): system/security/keystore2/src/security_level.rs:397 - operation_db.create_operation start
